Component: ARM Compiler 5.06 update 6 (build 750) Tool: armlink [4d35ed]

==============================================================================

Section Cross References

    startup_stm32f407xx.o(RESET) refers to startup_stm32f407xx.o(STACK) for __initial_sp
    startup_stm32f407xx.o(RESET) refers to startup_stm32f407xx.o(.text) for Reset_Handler
    startup_stm32f407xx.o(RESET) refers to stm32f4xx_it.o(i.NMI_Handler) for NMI_Handler
    startup_stm32f407xx.o(RESET) refers to stm32f4xx_it.o(i.HardFault_Handler) for HardFault_Handler
    startup_stm32f407xx.o(RESET) refers to stm32f4xx_it.o(i.MemManage_Handler) for MemManage_Handler
    startup_stm32f407xx.o(RESET) refers to stm32f4xx_it.o(i.BusFault_Handler) for BusFault_Handler
    startup_stm32f407xx.o(RESET) refers to stm32f4xx_it.o(i.UsageFault_Handler) for UsageFault_Handler
    startup_stm32f407xx.o(RESET) refers to port.o(.emb_text) for SVC_Handler
    startup_stm32f407xx.o(RESET) refers to stm32f4xx_it.o(i.DebugMon_Handler) for DebugMon_Handler
    startup_stm32f407xx.o(RESET) refers to port.o(i.SysTick_Handler) for SysTick_Handler
    startup_stm32f407xx.o(RESET) refers to stm32f4xx_it.o(i.DMA1_Stream0_IRQHandler) for DMA1_Stream0_IRQHandler
    startup_stm32f407xx.o(RESET) refers to stm32f4xx_it.o(i.DMA1_Stream2_IRQHandler) for DMA1_Stream2_IRQHandler
    startup_stm32f407xx.o(RESET) refers to stm32f4xx_it.o(i.DMA1_Stream5_IRQHandler) for DMA1_Stream5_IRQHandler
    startup_stm32f407xx.o(RESET) refers to stm32f4xx_it.o(i.CAN1_RX0_IRQHandler) for CAN1_RX0_IRQHandler
    startup_stm32f407xx.o(RESET) refers to stm32f4xx_it.o(i.TIM2_IRQHandler) for TIM2_IRQHandler
    startup_stm32f407xx.o(RESET) refers to stm32f4xx_it.o(i.USART1_IRQHandler) for USART1_IRQHandler
    startup_stm32f407xx.o(RESET) refers to stm32f4xx_it.o(i.USART2_IRQHandler) for USART2_IRQHandler
    startup_stm32f407xx.o(RESET) refers to stm32f4xx_it.o(i.UART5_IRQHandler) for UART5_IRQHandler
    startup_stm32f407xx.o(RESET) refers to stm32f4xx_it.o(i.DMA2_Stream2_IRQHandler) for DMA2_Stream2_IRQHandler
    startup_stm32f407xx.o(RESET) refers to stm32f4xx_it.o(i.CAN2_RX0_IRQHandler) for CAN2_RX0_IRQHandler
    startup_stm32f407xx.o(.text) refers to system_stm32f4xx.o(i.SystemInit) for SystemInit
    startup_stm32f407xx.o(.text) refers to entry.o(.ARM.Collect$$$$00000000) for __main
    drv_can.o(i.CAN1_Init) refers to drv_can.o(i.CAN_Filter_ParamsInit) for CAN_Filter_ParamsInit
    drv_can.o(i.CAN1_Init) refers to stm32f4xx_hal_can.o(i.HAL_CAN_ConfigFilter) for HAL_CAN_ConfigFilter
    drv_can.o(i.CAN1_Init) refers to stm32f4xx_hal_can.o(i.HAL_CAN_ActivateNotification) for HAL_CAN_ActivateNotification
    drv_can.o(i.CAN1_Init) refers to stm32f4xx_hal_can.o(i.HAL_CAN_Start) for HAL_CAN_Start
    drv_can.o(i.CAN1_Init) refers to can.o(.bss) for hcan1
    drv_can.o(i.CAN1_SendData) refers to drv_can.o(i.CAN_SendData) for CAN_SendData
    drv_can.o(i.CAN1_SendData) refers to can.o(.bss) for hcan1
    drv_can.o(i.CAN1_SendData_memcpy) refers to stm32f4xx_hal_can.o(i.HAL_CAN_GetTxMailboxesFreeLevel) for HAL_CAN_GetTxMailboxesFreeLevel
    drv_can.o(i.CAN1_SendData_memcpy) refers to stm32f4xx_hal_can.o(i.HAL_CAN_AddTxMessage) for HAL_CAN_AddTxMessage
    drv_can.o(i.CAN1_SendData_memcpy) refers to can.o(.bss) for hcan1
    drv_can.o(i.CAN1_SendData_memcpy) refers to drv_can.o(.bss) for .bss
    drv_can.o(i.CAN2_Init) refers to drv_can.o(i.CAN_Filter_ParamsInit) for CAN_Filter_ParamsInit
    drv_can.o(i.CAN2_Init) refers to stm32f4xx_hal_can.o(i.HAL_CAN_ConfigFilter) for HAL_CAN_ConfigFilter
    drv_can.o(i.CAN2_Init) refers to stm32f4xx_hal_can.o(i.HAL_CAN_ActivateNotification) for HAL_CAN_ActivateNotification
    drv_can.o(i.CAN2_Init) refers to stm32f4xx_hal_can.o(i.HAL_CAN_Start) for HAL_CAN_Start
    drv_can.o(i.CAN2_Init) refers to can.o(.bss) for hcan2
    drv_can.o(i.CAN2_SendData) refers to drv_can.o(i.CAN_SendData) for CAN_SendData
    drv_can.o(i.CAN2_SendData) refers to can.o(.bss) for hcan2
    drv_can.o(i.CAN_Rx_Callback) refers to stm32f4xx_hal_can.o(i.HAL_CAN_GetRxMessage) for HAL_CAN_GetRxMessage
    drv_can.o(i.CAN_Rx_Callback) refers to can_potocol.o(i.CAN1_rxDataHandler) for CAN1_rxDataHandler
    drv_can.o(i.CAN_Rx_Callback) refers to can_potocol.o(i.CAN2_rxDataHandler) for CAN2_rxDataHandler
    drv_can.o(i.CAN_Rx_Callback) refers to drv_can.o(.bss) for .bss
    drv_can.o(i.CAN_SendData) refers to stm32f4xx_hal_can.o(i.HAL_CAN_GetTxMailboxesFreeLevel) for HAL_CAN_GetTxMailboxesFreeLevel
    drv_can.o(i.CAN_SendData) refers to stm32f4xx_hal_can.o(i.HAL_CAN_AddTxMessage) for HAL_CAN_AddTxMessage
    drv_can.o(i.CAN_SendData) refers to can.o(.bss) for hcan1
    drv_can.o(i.CAN_SendData) refers to drv_can.o(.bss) for .bss
    drv_can.o(i.HAL_CAN_RxFifo0MsgPendingCallback) refers to drv_can.o(i.CAN_Rx_Callback) for CAN_Rx_Callback
[...]
    base_yaw_speed                           0x20001198   Data           4  predict.o(.data)
    base_yaw_accel                           0x2000119c   Data           4  predict.o(.data)
    base_pitch_speed                         0x200011a0   Data           4  predict.o(.data)
    base_pitch_accel                         0x200011a4   Data           4  predict.o(.data)
    base_dis_speed                           0x200011a8   Data           4  predict.o(.data)
    base_dis_accel                           0x200011ac   Data           4  predict.o(.data)
    anti_top_flag                            0x200011b0   Data           1  predict.o(.data)
    Key_W                                    0x200011b2   Data           2  rc_potocol.o(.data)
    Key_A                                    0x200011b4   Data           2  rc_potocol.o(.data)
    Key_S                                    0x200011b6   Data           2  rc_potocol.o(.data)
    Key_D                                    0x200011b8   Data           2  rc_potocol.o(.data)
    gyrox                                    0x200011bc   Data           2  imu_potocol.o(.data)
    gyroy                                    0x200011be   Data           2  imu_potocol.o(.data)
    gyroz                                    0x200011c0   Data           2  imu_potocol.o(.data)
    accx                                     0x200011c2   Data           2  imu_potocol.o(.data)
    accy                                     0x200011c4   Data           2  imu_potocol.o(.data)
    accz                                     0x200011c6   Data           2  imu_potocol.o(.data)
    rslt_times                               0x200011c8   Data           4  imu_potocol.o(.data)
    anti_sentry_mode_flag                    0x200011cc   Data           1  vision_potocol.o(.data)
    Vision_attack_Color                      0x200011cd   Data           1  vision_potocol.o(.data)
    zhen_usart                               0x200011d4   Data           4  vision_potocol.o(.data)
    zhen_usart_temp                          0x200011d8   Data           4  vision_potocol.o(.data)
    zhen_tick                                0x200011dc   Data           4  vision_potocol.o(.data)
    last_time_now                            0x200011e0   Data           4  vision_potocol.o(.data)
    vision_interval                          0x200011e4   Data           4  vision_potocol.o(.data)
    MonitorTaskHandle                        0x200011e8   Data           4  freertos.o(.data)
    ControlTaskHandle                        0x200011ec   Data           4  freertos.o(.data)
    SystemTaskHandle                         0x200011f0   Data           4  freertos.o(.data)
    ChassisTaskHandle                        0x200011f4   Data           4  freertos.o(.data)
    GimbalTaskHandle                         0x200011f8   Data           4  freertos.o(.data)
    LauncherTaskHandle                       0x200011fc   Data           4  freertos.o(.data)
    uwTickFreq                               0x20001204   Data           1  stm32f4xx_hal.o(.data)
    uwTickPrio                               0x20001208   Data           4  stm32f4xx_hal.o(.data)
    uwTick                                   0x2000120c   Data           4  stm32f4xx_hal.o(.data)
    SystemCoreClock                          0x20001210   Data           4  system_stm32f4xx.o(.data)
    pxCurrentTCB                             0x20001214   Data           4  tasks.o(.data)
    __microlib_freelist                      0x20001274   Data           4  mvars.o(.data)
    __microlib_freelist_initialised          0x20001278   Data           4  mvars.o(.data)
    hcan1RxFrame                             0x20001280   Data          36  drv_can.o(.bss)
    hcan2RxFrame                             0x200012a4   Data          36  drv_can.o(.bss)
    hcan1TxFrame                             0x200012c8   Data          32  drv_can.o(.bss)
    hcan2TxFrame                             0x200012e8   Data          32  drv_can.o(.bss)
    usart1_dma_rxbuf                         0x20001308   Data         200  drv_uart.o(.bss)
    usart2_dma_rxbuf                         0x200013d0   Data          48  drv_uart.o(.bss)
    usart4_dma_rxbuf                         0x20001400   Data         100  drv_uart.o(.bss)
    usart5_dma_rxbuf                         0x20001464   Data         200  drv_uart.o(.bss)
    bmi2_dev                                 0x20001530   Data         104  bmi.o(.bss)
    rc_move_info                             0x20001598   Data          28  rc_sensor.o(.bss)
    gimbal_yaw                               0x200015b4   Data          16  gimbal_motor.o(.bss)
    gimbal_m_pitch                           0x200015c4   Data          16  gimbal_motor.o(.bss)
    gimbal_s_pitch                           0x200015d4   Data          16  gimbal_motor.o(.bss)
    Vision_SentNum                           0x200015e4   Data          50  vision_sensor.o(.bss)
    Judge_Hero                               0x20001616   Data         161  judge.o(.bss)
    chas_drv                                 0x200016b8   Data          16  chassis.o(.bss)
    chas_motor                               0x200016c8   Data          16  chassis.o(.bss)
    chas_motor_info                          0x200016d8   Data          16  chassis.o(.bss)
    chas_kalman_err                          0x200016e8   Data          48  chassis.o(.bss)
    luch_drv                                 0x20001718   Data          20  launcher.o(.bss)
    luch_motor                               0x2000172c   Data          20  launcher.o(.bss)
    luch_motor_info                          0x20001740   Data          20  launcher.o(.bss)
    fric_l                                   0x20001754   Data         132  launcher.o(.bss)
    fric_r                                   0x200017d8   Data         132  launcher.o(.bss)
    gimbal_imu                               0x2000185c   Data          20  gimbal.o(.bss)
    gimb_drv                                 0x20001870   Data          20  gimbal.o(.bss)
    gimb_motor                               0x20001884   Data          20  gimbal.o(.bss)
    gimb_motor_info                          0x20001898   Data          20  gimbal.o(.bss)
    gimbal_speed_pid_Kal                     0x200018ac   Data         240  gimbal.o(.bss)
    gimbal_angle_pid_Kal                     0x2000199c   Data         240  gimbal.o(.bss)
    vision_dis_pitch_offset                  0x20001a8c   Data          48  gimbal.o(.bss)
    vision_absolute_Yaw_Kal                  0x20001abc   Data          48  gimbal.o(.bss)
    vision_absolute_Pitch_Kal                0x20001aec   Data          48  gimbal.o(.bss)
    vision_angleY_KF                         0x20001b1c   Data          48  gimbal.o(.bss)
    vision_angleP_KF                         0x20001b4c   Data          48  gimbal.o(.bss)
    vision_speedY_KF                         0x20001b7c   Data          48  gimbal.o(.bss)
    vision_speedP_KF                         0x20001bac   Data          48  gimbal.o(.bss)
    vision_accelY_KF                         0x20001bdc   Data          48  gimbal.o(.bss)
    vision_accelP_KF                         0x20001c0c   Data          48  gimbal.o(.bss)
    vision_distance_KF                       0x20001c3c   Data          48  gimbal.o(.bss)
    vision_speedD_KF                         0x20001c6c   Data          48  gimbal.o(.bss)
    vision_absolute_Y_MF                     0x20001c9c   Data         412  gimbal.o(.bss)
    vision_absolute_P_MF                     0x20001e38   Data         412  gimbal.o(.bss)
    vision_angleY_MF                         0x20001fd4   Data         412  gimbal.o(.bss)
    vision_angleP_MF                         0x20002170   Data         412  gimbal.o(.bss)
    vision_speedY_MF                         0x2000230c   Data         412  gimbal.o(.bss)
    vision_speedP_MF                         0x200024a8   Data         412  gimbal.o(.bss)
    vision_accelY_MF                         0x20002644   Data         412  gimbal.o(.bss)
    vision_accelP_MF                         0x200027e0   Data         412  gimbal.o(.bss)
    vision_distance_MF                       0x2000297c   Data         412  gimbal.o(.bss)
    vision_speedD_MF                         0x20002b18   Data         412  gimbal.o(.bss)
    zhen_time_ms                             0x20002cb4   Data         412  gimbal.o(.bss)
    vision_speedY_LPF                        0x20002e50   Data          20  gimbal.o(.bss)
    vision_speedP_LPF                        0x20002e64   Data          20  gimbal.o(.bss)
    Anti_top_yaw_MF                          0x20002e78   Data         412  gimbal.o(.bss)
    gimbal_now_yaw_raw                       0x20003014   Data         412  gimbal.o(.bss)
    gimbal_now_pitch_raw                     0x200031b0   Data         412  gimbal.o(.bss)
    yaw_raw_ms                               0x2000334c   Data         412  gimbal.o(.bss)
    pitch_raw_ms                             0x200034e8   Data         412  gimbal.o(.bss)
    Anti_top_yaw_MedianF                     0x20003684   Data         808  gimbal.o(.bss)
    Anti_top_AimPos_MAF                      0x200039ac   Data         412  gimbal.o(.bss)
    AntiTop_dis_pitch_offset                 0x20003b48   Data          48  gimbal.o(.bss)
    temp_yaw                                 0x20003b78   Data         132  gimbal.o(.bss)
    temp_pitch                               0x20003bfc   Data         132  gimbal.o(.bss)
    temp_mpu_yaw                             0x20003c80   Data         132  gimbal.o(.bss)
    motor_yaw                                0x20003d04   Data          28  gimbal.o(.bss)
    motor_pitch                              0x20003d20   Data          28  gimbal.o(.bss)
    motor_mpu_yaw                            0x20003d3c   Data          28  gimbal.o(.bss)
    Absolute_yaw_angle_raw                   0x20003d58   Data        4020  filter.o(.bss)
    Absolute_pitch_angle_raw                 0x20004d0c   Data        4020  filter.o(.bss)
    Absolute_distance_raw                    0x20005cc0   Data        4020  filter.o(.bss)
    calibrate_Data                           0x20006c74   Data         240  predict.o(.bss)
    calibrate_Distance                       0x20006d64   Data         120  predict.o(.bss)
    calibrate_Angle                          0x20006ddc   Data         120  predict.o(.bss)
    calibrate_Kp                             0x20006e54   Data         120  predict.o(.bss)
    TOP_Data                                 0x20006ecc   Data          32  predict.o(.bss)
    frams_MAF                                0x20006eec   Data         412  predict.o(.bss)
    KEY_W_MF                                 0x20007088   Data         412  rc_potocol.o(.bss)
    KEY_A_MF                                 0x20007224   Data         412  rc_potocol.o(.bss)
    KEY_S_MF                                 0x200073c0   Data         412  rc_potocol.o(.bss)
    KEY_D_MF                                 0x2000755c   Data         412  rc_potocol.o(.bss)
    MOUSE_X_MF                               0x200076f8   Data         412  rc_potocol.o(.bss)
    MOUSE_Y_MF                               0x20007894   Data         412  rc_potocol.o(.bss)
    KEY_W_KF                                 0x20007a30   Data          48  rc_potocol.o(.bss)
    KEY_S_KF                                 0x20007a60   Data          48  rc_potocol.o(.bss)
    KEY_A_KF                                 0x20007a90   Data          48  rc_potocol.o(.bss)
    KEY_D_KF                                 0x20007ac0   Data          48  rc_potocol.o(.bss)
    MOUSE_X_KF                               0x20007af0   Data          48  rc_potocol.o(.bss)
    MOUSE_Y_KF                               0x20007b20   Data          48  rc_potocol.o(.bss)
    rate_yaw_kf                              0x20007b50   Data          48  imu_potocol.o(.bss)
    rate_pitch_kf                            0x20007b80   Data          48  imu_potocol.o(.bss)
    rate_roll_kf                             0x20007bb0   Data          48  imu_potocol.o(.bss)
    hadc1                                    0x20007e34   Data          72  adc.o(.bss)
    hcan1                                    0x20007e7c   Data          40  can.o(.bss)
    hcan2                                    0x20007ea4   Data          40  can.o(.bss)
    hdac                                     0x20007ecc   Data          20  dac.o(.bss)
    htim1                                    0x20007ee0   Data          64  tim.o(.bss)
    htim3                                    0x20007f20   Data          64  tim.o(.bss)
    huart4                                   0x20007f60   Data          64  usart.o(.bss)
    huart5                                   0x20007fa0   Data          64  usart.o(.bss)
    huart1                                   0x20007fe0   Data          64  usart.o(.bss)
    huart2                                   0x20008020   Data          64  usart.o(.bss)
    hdma_uart4_rx                            0x20008060   Data          96  usart.o(.bss)
    hdma_uart5_rx                            0x200080c0   Data          96  usart.o(.bss)
    hdma_usart1_rx                           0x20008120   Data          96  usart.o(.bss)
    hdma_usart2_rx                           0x20008180   Data          96  usart.o(.bss)
    htim2                                    0x200081e0   Data          64  stm32f4xx_hal_timebase_tim.o(.bss)
    __heap_base                              0x2000bf10   Data           0  startup_stm32f407xx.o(HEAP)
    __heap_limit                             0x2000c110   Data           0  startup_stm32f407xx.o(HEAP)
    __initial_sp                             0x2000c510   Data           0  startup_stm32f407xx.o(STACK)



==============================================================================

Memory Map of the image

  Image Entry point : 0x08000189

  Load Region LR_IROM1 (Base: 0x08000000, Size: 0x00013604, Max: 0x00080000, ABSOLUTE, COMPRESSED[0x0001274c])

    Execution Region ER_IROM1 (Exec base: 0x08000000, Load base: 0x08000000, Size: 0x00012384, Max: 0x00080000, ABSOLUTE)

    Exec Addr    Load Addr    Size         Type   Attr      Idx    E Section Name        Object

    0x08000000   0x08000000   0x00000188   Data   RO            3    RESET               startup_stm32f407xx.o
    0x08000188   0x08000188   0x00000000   Code   RO         9516  * .ARM.Collect$$$$00000000  mc_w.l(entry.o)
    0x08000188   0x08000188   0x00000004   Code   RO         9610    .ARM.Collect$$$$00000001  mc_w.l(entry2.o)
    0x0800018c   0x0800018c   0x00000004   Code   RO         9613    .ARM.Collect$$$$00000004  mc_w.l(entry5.o)
    0x08000190   0x08000190   0x00000000   Code   RO         9615    .ARM.Collect$$$$00000008  mc_w.l(entry7b.o)
    0x08000190   0x08000190   0x00000000   Code   RO         9617    .ARM.Collect$$$$0000000A  mc_w.l(entry8b.o)
    0x08000190   0x08000190   0x00000008   Code   RO         9618    .ARM.Collect$$$$0000000B  mc_w.l(entry9a.o)
    0x08000198   0x08000198   0x00000000   Code   RO         9620    .ARM.Collect$$$$0000000D  mc_w.l(entry10a.o)
    0x08000198   0x08000198   0x00000000   Code   RO         9622    .ARM.Collect$$$$0000000F  mc_w.l(entry11a.o)
    0x08000198   0x08000198   0x00000004   Code   RO         9611    .ARM.Collect$$$$00002712  mc_w.l(entry2.o)
    0x0800019c   0x0800019c   0x000000be   Code   RO         9363    .emb_text           port.o
    0x0800025a   0x0800025a   0x00000002   PAD
    0x0800025c   0x0800025c   0x00000024   Code   RO            4    .text               startup_stm32f407xx.o
    0x08000280   0x08000280   0x00000062   Code   RO         9519    .text               mc_w.l(uldiv.o)
    0x080002e2   0x080002e2   0x00000024   Code   RO         9521    .text               mc_w.l(memcpya.o)
    0x08000306   0x08000306   0x00000024   Code   RO         9525    .text               mc_w.l(memseta.o)
    0x0800032a   0x0800032a   0x0000014e   Code   RO         9557    .text               mf_w.l(dadd.o)
    0x08000478   0x08000478   0x000000e4   Code   RO         9559    .text               mf_w.l(dmul.o)
    0x0800055c   0x0800055c   0x000000de   Code   RO         9561    .text               mf_w.l(ddiv.o)
    0x0800063a   0x0800063a   0x00000022   Code   RO         9563    .text               mf_w.l(dflti.o)
    0x0800065c   0x0800065c   0x0000003e   Code   RO         9565    .text               mf_w.l(dfixi.o)
    0x0800069a   0x0800069a   0x00000026   Code   RO         9567    .text               mf_w.l(f2d.o)
    0x080006c0   0x080006c0   0x00000038   Code   RO         9569    .text               mf_w.l(d2f.o)
    0x080006f8   0x080006f8   0x0000001e   Code   RO         9624    .text               mc_w.l(llshl.o)
    0x08000716   0x08000716   0x00000020   Code   RO         9626    .text               mc_w.l(llushr.o)
    0x08000736   0x08000736   0x00000024   Code   RO         9628    .text               mc_w.l(llsshr.o)
    0x0800075a   0x0800075a   0x00000000   Code   RO         9639    .text               mc_w.l(iusefp.o)
    0x0800075a   0x0800075a   0x0000006e   Code   RO         9640    .text               mf_w.l(fepilogue.o)
    0x080007c8   0x080007c8   0x000000ba   Code   RO         9642    .text               mf_w.l(depilogue.o)
    0x08000882   0x08000882   0x000000a2   Code   RO         9646    .text               mf_w.l(dsqrt.o)
    0x08000924   0x08000924   0x00000024   Code   RO         9650    .text               mc_w.l(init.o)
    0x08000948   0x08000948   0x0000001a   Code   RO         9652    .text               mf_w.l(dfltui.o)
    0x08000962   0x08000962   0x00000056   Code   RO         9662    .text               mc_w.l(__dczerorl2.o)
    0x080009b8   0x080009b8   0x00000002   Code   RO          500    i.ADC_Init          drv_adda.o
    0x080009ba   0x080009ba   0x00000002   PAD
    0x080009bc   0x080009bc   0x00000128   Code   RO         4819    i.ADC_Init          stm32f4xx_hal_adc.o
    0x08000ae4   0x08000ae4   0x00000050   Code   RO         4151    i.Anti_sentry_mode  vision_potocol.o
    0x08000b34   0x08000b34   0x00000028   Code   RO         3541    i.Append_CRC16_Check_Sum  crc.o
    0x08000b5c   0x08000b5c   0x00000020   Code   RO         3542    i.Append_CRC8_Check_Sum  crc.o
    0x08000b7c   0x08000b7c   0x00000464   Code   RO          753    i.BMI_Get_EulerAngle  bmi.o
    0x08000fe0   0x08000fe0   0x00000048   Code   RO          755    i.BMI_Get_RawData   bmi.o
    0x08001028   0x08001028   0x0000006c   Code   RO          756    i.BMI_Init          bmi.o
    0x08001094   0x08001094   0x0000000c   Code   RO          757    i.BMI_SET_Kp        bmi.o
    0x080010a0   0x080010a0   0x00000002   Code   RO         4635    i.BusFault_Handler  stm32f4xx_it.o
    0x080010a2   0x080010a2   0x00000002   PAD
    0x080010a4   0x080010a4   0x00000028   Code   RO          146    i.CAN1_Init         drv_can.o
    0x080010cc   0x080010cc   0x0000000c   Code   RO         4636    i.CAN1_RX0_IRQHandler  stm32f4xx_it.o
    0x080010d8   0x080010d8   0x00000010   Code   RO          147    i.CAN1_SendData     drv_can.o
    0x080010e8   0x080010e8   0x00000044   Code   RO          148    i.CAN1_SendData_memcpy  drv_can.o
    0x0800112c   0x0800112c   0x0000010c   Code   RO         4062    i.CAN1_rxDataHandler  can_potocol.o
    0x08001238   0x08001238   0x00000028   Code   RO          150    i.CAN2_Init         drv_can.o
    0x08001260   0x08001260   0x0000000c   Code   RO         4637    i.CAN2_RX0_IRQHandler  stm32f4xx_it.o
    0x0800126c   0x0800126c   0x00000010   Code   RO          151    i.CAN2_SendData     drv_can.o
    0x0800127c   0x0800127c   0x000000a8   Code   RO         4063    i.CAN2_rxDataHandler  can_potocol.o
    0x08001324   0x08001324   0x0000001a   Code   RO          153    i.CAN_Filter_ParamsInit  drv_can.o
    0x0800133e   0x0800133e   0x00000002   PAD
    0x08001340   0x08001340   0x00000130   Code   RO         2475    i.CAN_Judge_Analyze  judge.o
    0x08001470   0x08001470   0x00000058   Code   RO          154    i.CAN_Rx_Callback   drv_can.o
    0x080014c8   0x080014c8   0x00000090   Code   RO          155    i.CAN_SendData      drv_can.o
    0x08001558   0x08001558   0x0000001a   Code   RO         4064    i.CAN_SendDataBuff  can_potocol.o
    0x08001572   0x08001572   0x0000002c   Code   RO         4065    i.CAN_SendSingleData  can_potocol.o
    0x0800159e   0x0800159e   0x00000002   PAD
    0x080015a0   0x080015a0   0x000002e4   Code   RO         2511    i.CHASSIS_AUTO      chassis.o
    0x08001884   0x08001884   0x0000002c   Code   RO         2512    i.CHASSIS_Ctrl      chassis.o
    0x080018b0   0x080018b0   0x00000016   Code   RO         2513    i.CHASSIS_GetInfo   chassis.o
    0x080018c6   0x080018c6   0x00000002   PAD
    0x080018c8   0x080018c8   0x0000001c   Code   RO         2515    i.CHASSIS_GetMiddleAngle  chassis.o
    0x080018e4   0x080018e4   0x00000014   Code   RO         2516    i.CHASSIS_GetMiddleAngleOffset  chassis.o
    0x080018f8   0x080018f8   0x0000004c   Code   RO         2517    i.CHASSIS_GetRcInfo  chassis.o
    0x08001944   0x08001944   0x00000070   Code   RO         2518    i.CHASSIS_GetSysInfo  chassis.o
    0x080019b4   0x080019b4   0x00000022   Code   RO         2519    i.CHASSIS_IfBackToMiddleAngle  chassis.o
    0x080019d6   0x080019d6   0x00000002   PAD
    0x080019d8   0x080019d8   0x0000009c   Code   RO         2520    i.CHASSIS_Init      chassis.o
    0x08001a74   0x08001a74   0x0000009c   Code   RO         2521    i.CHASSIS_JudgeInfo  chassis.o
    0x08001b10   0x08001b10   0x0000001c   Code   RO         2522    i.CHASSIS_KeyCtrl   chassis.o
    0x08001b2c   0x08001b2c   0x000002e4   Code   RO         2524    i.CHASSIS_NormalCtrl  chassis.o
    0x08001e10   0x08001e10   0x00000110   Code   RO         2525    i.CHASSIS_PidCtrl   chassis.o
    0x08001f20   0x08001f20   0x00000300   Code   RO         2526    i.CHASSIS_RcCtrl    chassis.o
    0x08002220   0x08002220   0x000000b8   Code   RO         2528    i.CHASSIS_SelfProtect  chassis.o
    0x080022d8   0x080022d8   0x0000003c   Code   RO         2529    i.CHASSIS_Speed_PidCalc  chassis.o
    0x08002314   0x08002314   0x00000104   Code   RO         2530    i.CHASSIS_Speed_deliver  chassis.o
    0x08002418   0x08002418   0x00000002   Code   RO         2532    i.CHASSIS_Test      chassis.o
    0x0800241a   0x0800241a   0x00000002   PAD
    0x0800241c   0x0800241c   0x00000078   Code   RO         2534    i.CHASSIS_UpdateController  chassis.o
    0x08002494   0x08002494   0x00000190   Code   RO         2535    i.CHASSIS_Z_Angle_PidCalc  chassis.o
    0x08002624   0x08002624   0x000000cc   Code   RO         3159    i.CONTROL_Output    control.o
    0x080026f0   0x080026f0   0x0000009c   Code   RO         3160    i.CONTROL_Reset     control.o
    0x0800278c   0x0800278c   0x0000007c   Code   RO         3161    i.CONTROL_SelfProtect  control.o
    0x08002808   0x08002808   0x00000058   Code   RO         3162    i.Client_flag_update  control.o
    0x08002860   0x08002860   0x0000000c   Code   RO          501    i.DAC_Init          drv_adda.o
    0x0800286c   0x0800286c   0x00000050   Code   RO         2303    i.DEV_Init          device.o
    0x080028bc   0x080028bc   0x0000000c   Code   RO         4638    i.DMA1_Stream0_IRQHandler  stm32f4xx_it.o
    0x080028c8   0x080028c8   0x0000000c   Code   RO         4639    i.DMA1_Stream2_IRQHandler  stm32f4xx_it.o
    0x080028d4   0x080028d4   0x0000000c   Code   RO         4640    i.DMA1_Stream5_IRQHandler  stm32f4xx_it.o
    0x080028e0   0x080028e0   0x0000000c   Code   RO         4641    i.DMA2_Stream2_IRQHandler  stm32f4xx_it.o
    0x080028ec   0x080028ec   0x00000244   Code   RO          395    i.DMAEx_MultiBufferStart_NoIT  drv_uart.o
    0x08002b30   0x08002b30   0x00000028   Code   RO         5550    i.DMA_CalcBaseAndBitshift  stm32f4xx_hal_dma.o
    0x08002b58   0x08002b58   0x00000054   Code   RO         5551    i.DMA_CheckFifoParam  stm32f4xx_hal_dma.o
    0x08002bac   0x08002bac   0x00000062   Code   RO          396    i.DMA_Start         drv_uart.o
    0x08002c0e   0x08002c0e   0x0000002e   Code   RO          580    i.DRIVER_Init       driver.o
    0x08002c3c   0x08002c3c   0x00000014   Code   RO          397    i.DRV_UART_IRQHandler  drv_uart.o
    0x08002c50   0x08002c50   0x00000002   Code   RO         4642    i.DebugMon_Handler  stm32f4xx_it.o
    0x08002c52   0x08002c52   0x00000002   Code   RO         4220    i.Error_Handler     main.o
    0x08002c54   0x08002c54   0x00000010   Code   RO          358    i.FRICTION_PwmOut   drv_tim.o
    0x08002c64   0x08002c64   0x000001ac   Code   RO         2910    i.GIMBAL_AUTO       gimbal.o
    0x08002e10   0x08002e10   0x000000a4   Code   RO         2911    i.GIMBAL_Angle_PidCalc  gimbal.o
    0x08002eb4   0x08002eb4   0x00000028   Code   RO         2913    i.GIMBAL_Ctrl       gimbal.o
    0x08002edc   0x08002edc   0x00000016   Code   RO         2915    i.GIMBAL_GetInfo    gimbal.o
    0x08002ef2   0x08002ef2   0x00000002   PAD
    0x08002ef4   0x08002ef4   0x00000024   Code   RO         2917    i.GIMBAL_GetRcInfo  gimbal.o
    0x08002f18   0x08002f18   0x000000dc   Code   RO         2919    i.GIMBAL_GetSysInfo  gimbal.o
    0x08002ff4   0x08002ff4   0x0000006c   Code   RO         2921    i.GIMBAL_IMU_IF_BACK_MID  gimbal.o
    0x08003060   0x08003060   0x00000298   Code   RO         2922    i.GIMBAL_Init       gimbal.o
    0x080032f8   0x080032f8   0x0000001c   Code   RO         2924    i.GIMBAL_KeyCtrl    gimbal.o
    0x08003314   0x08003314   0x000002dc   Code   RO         2926    i.GIMBAL_NormalCtrl  gimbal.o
    0x080035f0   0x080035f0   0x00000040   Code   RO         2927    i.GIMBAL_PidCtrl    gimbal.o
    0x08003630   0x08003630   0x00000068   Code   RO         2928    i.GIMBAL_PidOut     gimbal.o
    0x08003698   0x08003698   0x0000013c   Code   RO         2929    i.GIMBAL_RcCtrl     gimbal.o
    0x080037d4   0x080037d4   0x00000210   Code   RO         2931    i.GIMBAL_Reset      gimbal.o
    0x080039e4   0x080039e4   0x00000088   Code   RO         2932    i.GIMBAL_SelfProtect  gimbal.o
    0x08003a6c   0x08003a6c   0x00000030   Code   RO         2933    i.GIMBAL_SinglePidParamsInit  gimbal.o
    0x08003a9c   0x08003a9c   0x00000028   Code   RO         2935    i.GIMBAL_Test       gimbal.o
    0x08003ac4   0x08003ac4   0x00000368   Code   RO         2936    i.GIMBAL_UpdateController  gimbal.o
    0x08003e2c   0x08003e2c   0x0000002c   Code   RO         3543    i.Get_CRC16_Check_Sum  crc.o
    0x08003e58   0x08003e58   0x00000020   Code   RO         3544    i.Get_CRC8_Check_Sum  crc.o
    0x08003e78   0x08003e78   0x0000014c   Code   RO         4821    i.HAL_ADC_ConfigChannel  stm32f4xx_hal_adc.o
    0x08003fc4   0x08003fc4   0x00000054   Code   RO         4830    i.HAL_ADC_Init      stm32f4xx_hal_adc.o
    0x08004018   0x08004018   0x00000060   Code   RO         4362    i.HAL_ADC_MspInit   adc.o
    0x08004078   0x08004078   0x00000024   Code   RO         6224    i.HAL_CAN_ActivateNotification  stm32f4xx_hal_can.o
    0x0800409c   0x0800409c   0x000000c8   Code   RO         6225    i.HAL_CAN_AddTxMessage  stm32f4xx_hal_can.o
    0x08004164   0x08004164   0x0000010c   Code   RO         6226    i.HAL_CAN_ConfigFilter  stm32f4xx_hal_can.o
    0x08004270   0x08004270   0x00000002   Code   RO         6229    i.HAL_CAN_ErrorCallback  stm32f4xx_hal_can.o
    0x08004272   0x08004272   0x000000e8   Code   RO         6232    i.HAL_CAN_GetRxMessage  stm32f4xx_hal_can.o
    0x0800435a   0x0800435a   0x0000002c   Code   RO         6234    i.HAL_CAN_GetTxMailboxesFreeLevel  stm32f4xx_hal_can.o
    0x08004386   0x08004386   0x000001fc   Code   RO         6236    i.HAL_CAN_IRQHandler  stm32f4xx_hal_can.o
    0x08004582   0x08004582   0x0000011a   Code   RO         6237    i.HAL_CAN_Init      stm32f4xx_hal_can.o
    0x0800469c   0x0800469c   0x000000fc   Code   RO         4404    i.HAL_CAN_MspInit   can.o
    0x08004798   0x08004798   0x00000002   Code   RO         6244    i.HAL_CAN_RxFifo0FullCallback  stm32f4xx_hal_can.o
    0x0800479a   0x0800479a   0x00000002   PAD
    0x0800479c   0x0800479c   0x0000001c   Code   RO          156    i.HAL_CAN_RxFifo0MsgPendingCallback  drv_can.o
    0x080047b8   0x080047b8   0x00000002   Code   RO         6246    i.HAL_CAN_RxFifo1FullCallback  stm32f4xx_hal_can.o
    0x080047ba   0x080047ba   0x00000002   Code   RO         6247    i.HAL_CAN_RxFifo1MsgPendingCallback  stm32f4xx_hal_can.o
    0x080047bc   0x080047bc   0x00000002   Code   RO         6248    i.HAL_CAN_SleepCallback  stm32f4xx_hal_can.o
    0x080047be   0x080047be   0x00000002   PAD
    0x080047c0   0x080047c0   0x00000058   Code   RO         6249    i.HAL_CAN_Start     stm32f4xx_hal_can.o
    0x08004818   0x08004818   0x00000002   Code   RO         6251    i.HAL_CAN_TxMailbox0AbortCallback  stm32f4xx_hal_can.o
    0x0800481a   0x0800481a   0x00000002   Code   RO         6252    i.HAL_CAN_TxMailbox0CompleteCallback  stm32f4xx_hal_can.o
    0x0800481c   0x0800481c   0x00000002   Code   RO         6253    i.HAL_CAN_TxMailbox1AbortCallback  stm32f4xx_hal_can.o
    0x0800481e   0x0800481e   0x00000002   Code   RO         6254    i.HAL_CAN_TxMailbox1CompleteCallback  stm32f4xx_hal_can.o
    0x08004820   0x08004820   0x00000002   Code   RO         6255    i.HAL_CAN_TxMailbox2AbortCallback  stm32f4xx_hal_can.o
    0x08004822   0x08004822   0x00000002   Code   RO         6256    i.HAL_CAN_TxMailbox2CompleteCallback  stm32f4xx_hal_can.o
    0x08004824   0x08004824   0x00000002   Code   RO         6258    i.HAL_CAN_WakeUpFromRxMsgCallback  stm32f4xx_hal_can.o
    0x08004826   0x08004826   0x00000042   Code   RO         6460    i.HAL_DAC_ConfigChannel  stm32f4xx_hal_dac.o
    0x08004868   0x08004868   0x00000028   Code   RO         6470    i.HAL_DAC_Init      stm32f4xx_hal_dac.o
    0x08004890   0x08004890   0x00000060   Code   RO         4453    i.HAL_DAC_MspInit   dac.o
    0x080048f0   0x080048f0   0x0000006c   Code   RO         6474    i.HAL_DAC_Start     stm32f4xx_hal_dac.o
    0x0800495c   0x0800495c   0x00000024   Code   RO         5554    i.HAL_DMA_Abort_IT  stm32f4xx_hal_dma.o
    0x08004980   0x08004980   0x000001a0   Code   RO         5558    i.HAL_DMA_IRQHandler  stm32f4xx_hal_dma.o
    0x08004b20   0x08004b20   0x000000d4   Code   RO         5559    i.HAL_DMA_Init      stm32f4xx_hal_dma.o
    0x08004bf4   0x08004bf4   0x000001b8   Code   RO         5446    i.HAL_GPIO_Init     stm32f4xx_hal_gpio.o
    0x08004dac   0x08004dac   0x0000000a   Code   RO         5448    i.HAL_GPIO_ReadPin  stm32f4xx_hal_gpio.o
    0x08004db6   0x08004db6   0x0000000e   Code   RO         5449    i.HAL_GPIO_TogglePin  stm32f4xx_hal_gpio.o
    0x08004dc4   0x08004dc4   0x0000000a   Code   RO         5450    i.HAL_GPIO_WritePin  stm32f4xx_hal_gpio.o
    0x08004dce   0x08004dce   0x00000002   PAD
    0x08004dd0   0x08004dd0   0x0000000c   Code   RO         5978    i.HAL_GetTick       stm32f4xx_hal.o
    0x08004ddc   0x08004ddc   0x00000010   Code   RO         5984    i.HAL_IncTick       stm32f4xx_hal.o
    0x08004dec   0x08004dec   0x00000034   Code   RO         5985    i.HAL_Init          stm32f4xx_hal.o
    0x08004e20   0x08004e20   0x00000074   Code   RO         4777    i.HAL_InitTick      stm32f4xx_hal_timebase_tim.o
    0x08004e94   0x08004e94   0x00000038   Code   RO         4753    i.HAL_MspInit       stm32f4xx_hal_msp.o
    0x08004ecc   0x08004ecc   0x0000001a   Code   RO         5835    i.HAL_NVIC_EnableIRQ  stm32f4xx_hal_cortex.o
    0x08004ee6   0x08004ee6   0x00000002   PAD
    0x08004ee8   0x08004ee8   0x00000040   Code   RO         5841    i.HAL_NVIC_SetPriority  stm32f4xx_hal_cortex.o
    0x08004f28   0x08004f28   0x00000024   Code   RO         5842    i.HAL_NVIC_SetPriorityGrouping  stm32f4xx_hal_cortex.o
    0x08004f4c   0x08004f4c   0x00000134   Code   RO         5092    i.HAL_RCC_ClockConfig  stm32f4xx_hal_rcc.o
    0x08005080   0x08005080   0x00000040   Code   RO         5096    i.HAL_RCC_GetClockConfig  stm32f4xx_hal_rcc.o
    0x080050c0   0x080050c0   0x00000020   Code   RO         5099    i.HAL_RCC_GetPCLK1Freq  stm32f4xx_hal_rcc.o
    0x080050e0   0x080050e0   0x00000020   Code   RO         5100    i.HAL_RCC_GetPCLK2Freq  stm32f4xx_hal_rcc.o
    0x08005100   0x08005100   0x00000064   Code   RO         5101    i.HAL_RCC_GetSysClockFreq  stm32f4xx_hal_rcc.o
    0x08005164   0x08005164   0x0000035c   Code   RO         5104    i.HAL_RCC_OscConfig  stm32f4xx_hal_rcc.o
    0x080054c0   0x080054c0   0x00000002   Code   RO         7359    i.HAL_TIMEx_BreakCallback  stm32f4xx_hal_tim_ex.o
    0x080054c2   0x080054c2   0x00000002   Code   RO         7360    i.HAL_TIMEx_CommutCallback  stm32f4xx_hal_tim_ex.o
    0x080054c4   0x080054c4   0x00000090   Code   RO         7377    i.HAL_TIMEx_MasterConfigSynchronization  stm32f4xx_hal_tim_ex.o
    0x08005554   0x08005554   0x00000036   Code   RO         6684    i.HAL_TIM_Base_Init  stm32f4xx_hal_tim.o
    0x0800558a   0x0800558a   0x00000002   PAD
    0x0800558c   0x0800558c   0x00000044   Code   RO         4522    i.HAL_TIM_Base_MspInit  tim.o
    0x080055d0   0x080055d0   0x00000022   Code   RO         6689    i.HAL_TIM_Base_Start_IT  stm32f4xx_hal_tim.o
    0x080055f2   0x080055f2   0x000000d6   Code   RO         6693    i.HAL_TIM_ConfigClockSource  stm32f4xx_hal_tim.o
    0x080056c8   0x080056c8   0x00000002   Code   RO         6713    i.HAL_TIM_IC_CaptureCallback  stm32f4xx_hal_tim.o
    0x080056ca   0x080056ca   0x00000166   Code   RO         6727    i.HAL_TIM_IRQHandler  stm32f4xx_hal_tim.o
    0x08005830   0x08005830   0x00000050   Code   RO         4523    i.HAL_TIM_MspPostInit  tim.o
    0x08005880   0x08005880   0x00000002   Code   RO         6730    i.HAL_TIM_OC_DelayElapsedCallback  stm32f4xx_hal_tim.o
    0x08005882   0x08005882   0x000000d0   Code   RO         6751    i.HAL_TIM_PWM_ConfigChannel  stm32f4xx_hal_tim.o
    0x08005952   0x08005952   0x00000036   Code   RO         6754    i.HAL_TIM_PWM_Init  stm32f4xx_hal_tim.o
    0x08005988   0x08005988   0x00000002   Code   RO         6756    i.HAL_TIM_PWM_MspInit  stm32f4xx_hal_tim.o
    0x0800598a   0x0800598a   0x00000002   Code   RO         6757    i.HAL_TIM_PWM_PulseFinishedCallback  stm32f4xx_hal_tim.o
    0x0800598c   0x0800598c   0x00000044   Code   RO         6759    i.HAL_TIM_PWM_Start  stm32f4xx_hal_tim.o
    0x080059d0   0x080059d0   0x0000000e   Code   RO         4221    i.HAL_TIM_PeriodElapsedCallback  main.o
    0x080059de   0x080059de   0x00000002   Code   RO         6770    i.HAL_TIM_TriggerCallback  stm32f4xx_hal_tim.o
    0x080059e0   0x080059e0   0x00000002   Code   RO         7631    i.HAL_UART_ErrorCallback  stm32f4xx_hal_uart.o
    0x080059e2   0x080059e2   0x00000002   PAD
    0x080059e4   0x080059e4   0x00000114   Code   RO         7634    i.HAL_UART_IRQHandler  stm32f4xx_hal_uart.o
    0x08005af8   0x08005af8   0x00000062   Code   RO         7635    i.HAL_UART_Init     stm32f4xx_hal_uart.o
    0x08005b5a   0x08005b5a   0x00000002   PAD
    0x08005b5c   0x08005b5c   0x000002f0   Code   RO         4576    i.HAL_UART_MspInit  usart.o
    0x08005e4c   0x08005e4c   0x00000002   Code   RO         7641    i.HAL_UART_RxCpltCallback  stm32f4xx_hal_uart.o
    0x08005e4e   0x08005e4e   0x000000ba   Code   RO         7643    i.HAL_UART_Transmit  stm32f4xx_hal_uart.o
    0x08005f08   0x08005f08   0x00000002   Code   RO         7646    i.HAL_UART_TxCpltCallback  stm32f4xx_hal_uart.o
    0x08005f0a   0x08005f0a   0x00000002   Code   RO         4643    i.HardFault_Handler  stm32f4xx_it.o
    0x08005f0c   0x08005f0c   0x00000040   Code   RO          688    i.IIC_Ack           soft_iic.o
    0x08005f4c   0x08005f4c   0x00000040   Code   RO          689    i.IIC_NAck          soft_iic.o
    0x08005f8c   0x08005f8c   0x00000068   Code   RO          690    i.IIC_Read_Byte     soft_iic.o
    0x08005ff4   0x08005ff4   0x00000060   Code   RO          691    i.IIC_Send_Byte     soft_iic.o
    0x08006054   0x08006054   0x00000040   Code   RO          692    i.IIC_Start         soft_iic.o
    0x08006094   0x08006094   0x00000044   Code   RO          693    i.IIC_Stop          soft_iic.o
    0x080060d8   0x080060d8   0x00000054   Code   RO          694    i.IIC_Wait_Ack      soft_iic.o
    0x0800612c   0x0800612c   0x00000028   Code   RO         3599    i.KalmanClear       kalman.o
    0x08006154   0x08006154   0x00000030   Code   RO         3600    i.KalmanCreate      kalman.o
    0x08006184   0x08006184   0x0000005a   Code   RO         3601    i.KalmanFilter      kalman.o
    0x080061de   0x080061de   0x00000002   PAD
    0x080061e0   0x080061e0   0x00000014   Code   RO         2739    i.LAUNCEHR_Close_MGZ_NOW  launcher.o
    0x080061f4   0x080061f4   0x00000118   Code   RO         2740    i.LAUNCEHR_ON_OFF_MGZ  launcher.o
    0x0800630c   0x0800630c   0x00000090   Code   RO         2741    i.LAUNCHER_Angle_PidCalc  launcher.o
    0x0800639c   0x0800639c   0x00000028   Code   RO         2743    i.LAUNCHER_Ctrl     launcher.o
    0x080063c4   0x080063c4   0x00000012   Code   RO         2744    i.LAUNCHER_GetInfo  launcher.o
    0x080063d6   0x080063d6   0x00000002   PAD
    0x080063d8   0x080063d8   0x0000001c   Code   RO         2746    i.LAUNCHER_GetRcInfo  launcher.o
    0x080063f4   0x080063f4   0x00000028   Code   RO         2748    i.LAUNCHER_GetSysInfo  launcher.o
    0x0800641c   0x0800641c   0x00000094   Code   RO         2750    i.LAUNCHER_Init     launcher.o
    0x080064b0   0x080064b0   0x00000014   Code   RO         2751    i.LAUNCHER_KeyCtrl  launcher.o
    0x080064c4   0x080064c4   0x00000110   Code   RO         2752    i.LAUNCHER_NormalCtrl  launcher.o
    0x080065d4   0x080065d4   0x000000bc   Code   RO         2753    i.LAUNCHER_ON_OFF_Fric  launcher.o
    0x08006690   0x08006690   0x00000088   Code   RO         2754    i.LAUNCHER_PidCtrl  launcher.o
    0x08006718   0x08006718   0x00000098   Code   RO         2755    i.LAUNCHER_PidOut   launcher.o
    0x080067b0   0x080067b0   0x00000054   Code   RO         2756    i.LAUNCHER_RcCtrl   launcher.o
    0x08006804   0x08006804   0x000000b0   Code   RO         2758    i.LAUNCHER_SelfProtect  launcher.o
    0x080068b4   0x080068b4   0x00000300   Code   RO         2759    i.LAUNCHER_Shoot    launcher.o
    0x08006bb4   0x08006bb4   0x0000003c   Code   RO         2760    i.LAUNCHER_Speed_PidCalc  launcher.o
    0x08006bf0   0x08006bf0   0x00000002   Code   RO         2761    i.LAUNCHER_Test     launcher.o
    0x08006bf2   0x08006bf2   0x00000002   PAD
    0x08006bf4   0x08006bf4   0x000000a8   Code   RO         2762    i.LAUNCHER_UpdateController  launcher.o
    0x08006c9c   0x08006c9c   0x0000001c   Code   RO         3713    i.LPF_Clear         filter.o
    0x08006cb8   0x08006cb8   0x00000020   Code   RO         3714    i.LPF_Init          filter.o
    0x08006cd8   0x08006cd8   0x000000c8   Code   RO         3715    i.LPF_add           filter.o
    0x08006da0   0x08006da0   0x00000040   Code   RO         3719    i.MAF_ANTI_TOP_init  filter.o
    0x08006de0   0x08006de0   0x0000004c   Code   RO         1968    i.MPU_Read_Byte     bmi2_common.o
    0x08006e2c   0x08006e2c   0x00000060   Code   RO         1969    i.MPU_Read_all      bmi2_common.o
    0x08006e8c   0x08006e8c   0x00000064   Code   RO         4363    i.MX_ADC1_Init      adc.o
    0x08006ef0   0x08006ef0   0x00000048   Code   RO         4405    i.MX_CAN1_Init      can.o
    0x08006f38   0x08006f38   0x00000048   Code   RO         4406    i.MX_CAN2_Init      can.o
    0x08006f80   0x08006f80   0x0000003c   Code   RO         4454    i.MX_DAC_Init       dac.o
    0x08006fbc   0x08006fbc   0x0000006c   Code   RO         4494    i.MX_DMA_Init       dma.o
    0x08007028   0x08007028   0x00000094   Code   RO         4311    i.MX_FREERTOS_Init  freertos.o
    0x080070bc   0x080070bc   0x00000170   Code   RO         4284    i.MX_GPIO_Init      gpio.o
    0x0800722c   0x0800722c   0x0000006c   Code   RO         4524    i.MX_TIM1_Init      tim.o
    0x08007298   0x08007298   0x000000a8   Code   RO         4525    i.MX_TIM3_Init      tim.o
    0x08007340   0x08007340   0x00000038   Code   RO         4577    i.MX_UART4_Init     usart.o
    0x08007378   0x08007378   0x00000038   Code   RO         4578    i.MX_UART5_Init     usart.o
    0x080073b0   0x080073b0   0x00000038   Code   RO         4579    i.MX_USART1_UART_Init  usart.o
    0x080073e8   0x080073e8   0x0000003c   Code   RO         4580    i.MX_USART2_UART_Init  usart.o
    0x08007424   0x08007424   0x00000002   Code   RO         4644    i.MemManage_Handler  stm32f4xx_it.o
    0x08007426   0x08007426   0x00000002   PAD
    0x08007428   0x08007428   0x00000050   Code   RO         2536    i.Motor_Speed_Shrink  chassis.o
    0x08007478   0x08007478   0x00000002   Code   RO         4645    i.NMI_Handler       stm32f4xx_it.o
    0x0800747a   0x0800747a   0x00000002   PAD
    0x0800747c   0x0800747c   0x0000000c   Code   RO         3845    i.PREDICT_Init      predict.o
    0x08007488   0x08007488   0x00000038   Code   RO          359    i.PWM_Init          drv_tim.o
    0x080074c0   0x080074c0   0x00000044   Code   RO         3846    i.Predict_Anti_Top_Binary_judge  predict.o
    0x08007504   0x08007504   0x0000008c   Code   RO         3847    i.Predict_Anti_Top_Cal_all  predict.o
    0x08007590   0x08007590   0x00000034   Code   RO         3848    i.Predict_Anti_Top_Data_Clear  predict.o
    0x080075c4   0x080075c4   0x0000001c   Code   RO         3849    i.Predict_Anti_Top_Data_Heart_beat  predict.o
    0x080075e0   0x080075e0   0x00000058   Code   RO         3850    i.Predict_Anti_Top_Judge_Yaw  predict.o
    0x08007638   0x08007638   0x00000068   Code   RO         3851    i.Predict_Anti_Top_binary_update  predict.o
    0x080076a0   0x080076a0   0x0000001c   Code   RO         3852    i.Predict_anti_top_get_binary  predict.o
    0x080076bc   0x080076bc   0x00000040   Code   RO         3853    i.Predict_anti_top_get_circle  predict.o
    0x080076fc   0x080076fc   0x0000001c   Code   RO         3854    i.Predict_anti_top_get_speed  predict.o
    0x08007718   0x08007718   0x0000003a   Code   RO         2150    i.RC_ResetData      rc_sensor.o
    0x08007752   0x08007752   0x00000020   Code   RO         4067    i.RM3508_GetStdId   can_potocol.o
    0x08007772   0x08007772   0x0000004a   Code   RO         3666    i.RampFloat         rp_math.o
    0x080077bc   0x080077bc   0x00000024   Code   RO         3667    i.RampInt           rp_math.o
    0x080077e0   0x080077e0   0x00000026   Code   RO         3982    i.Ramp_Key_move     rc_potocol.o
    0x08007806   0x08007806   0x00000054   Code   RO          758    i.Set_accel         bmi.o
    0x0800785a   0x0800785a   0x00000058   Code   RO          759    i.Set_gyro          bmi.o
    0x080078b2   0x080078b2   0x00000002   PAD
    0x080078b4   0x080078b4   0x0000002c   Code   RO         3410    i.StartChassisTask  chassis_task.o
    0x080078e0   0x080078e0   0x00000050   Code   RO         3347    i.StartControlTask  control_task.o
    0x08007930   0x08007930   0x00000074   Code   RO         3441    i.StartGimbalTask   gimbal_task.o
    0x080079a4   0x080079a4   0x00000024   Code   RO         3472    i.StartLauncherTask  launcher_task.o
    0x080079c8   0x080079c8   0x000000d0   Code   RO         3298    i.StartMonitorTask  monitor_task.o
    0x08007a98   0x08007a98   0x000000ec   Code   RO         3228    i.StartSystemTask   system_task.o
    0x08007b84   0x08007b84   0x0000002c   Code   RO         9364    i.SysTick_Handler   port.o
    0x08007bb0   0x08007bb0   0x00000088   Code   RO         4222    i.SystemClock_Config  main.o
    0x08007c38   0x08007c38   0x0000001c   Code   RO         8087    i.SystemInit        system_stm32f4xx.o
    0x08007c54   0x08007c54   0x0000000c   Code   RO         4646    i.TIM2_IRQHandler   stm32f4xx_it.o
    0x08007c60   0x08007c60   0x000000c8   Code   RO         6772    i.TIM_Base_SetConfig  stm32f4xx_hal_tim.o
    0x08007d28   0x08007d28   0x0000001a   Code   RO         6773    i.TIM_CCxChannelCmd  stm32f4xx_hal_tim.o
    0x08007d42   0x08007d42   0x00000014   Code   RO         6783    i.TIM_ETR_SetConfig  stm32f4xx_hal_tim.o
    0x08007d56   0x08007d56   0x00000010   Code   RO         6784    i.TIM_ITRx_SetConfig  stm32f4xx_hal_tim.o
    0x08007d66   0x08007d66   0x00000002   PAD
    0x08007d68   0x08007d68   0x00000060   Code   RO         6785    i.TIM_OC1_SetConfig  stm32f4xx_hal_tim.o
    0x08007dc8   0x08007dc8   0x0000006c   Code   RO         6786    i.TIM_OC2_SetConfig  stm32f4xx_hal_tim.o
    0x08007e34   0x08007e34   0x00000068   Code   RO         6787    i.TIM_OC3_SetConfig  stm32f4xx_hal_tim.o
    0x08007e9c   0x08007e9c   0x00000050   Code   RO         6788    i.TIM_OC4_SetConfig  stm32f4xx_hal_tim.o
    0x08007eec   0x08007eec   0x00000022   Code   RO         6790    i.TIM_TI1_ConfigInputStage  stm32f4xx_hal_tim.o
    0x08007f0e   0x08007f0e   0x00000024   Code   RO         6792    i.TIM_TI2_ConfigInputStage  stm32f4xx_hal_tim.o
    0x08007f32   0x08007f32   0x00000002   PAD
    0x08007f34   0x08007f34   0x00000018   Code   RO         4647    i.UART5_IRQHandler  stm32f4xx_it.o
    0x08007f4c   0x08007f4c   0x00000010   Code   RO         7648    i.UART_DMAAbortOnError  stm32f4xx_hal_uart.o
    0x08007f5c   0x08007f5c   0x0000001c   Code   RO         7658    i.UART_EndRxTransfer  stm32f4xx_hal_uart.o
    0x08007f78   0x08007f78   0x00000096   Code   RO         7660    i.UART_Receive_IT   stm32f4xx_hal_uart.o
    0x0800800e   0x0800800e   0x00000002   PAD
    0x08008010   0x08008010   0x00000128   Code   RO         7661    i.UART_SetConfig    stm32f4xx_hal_uart.o
    0x08008138   0x08008138   0x00000062   Code   RO         7662    i.UART_Transmit_IT  stm32f4xx_hal_uart.o
    0x0800819a   0x0800819a   0x00000064   Code   RO         7663    i.UART_WaitOnFlagUntilTimeout  stm32f4xx_hal_uart.o
    0x080081fe   0x080081fe   0x00000002   PAD
    0x08008200   0x08008200   0x00000018   Code   RO         4648    i.USART1_IRQHandler  stm32f4xx_it.o
    0x08008218   0x08008218   0x00000038   Code   RO          398    i.USART1_Init       drv_uart.o
    0x08008250   0x08008250   0x0000001c   Code   RO         4152    i.USART1_rxDataHandler  vision_potocol.o
    0x0800826c   0x0800826c   0x00000018   Code   RO         4649    i.USART2_IRQHandler  stm32f4xx_it.o
    0x08008284   0x08008284   0x0000003c   Code   RO          400    i.USART2_Init       drv_uart.o
    0x080082c0   0x080082c0   0x0000001c   Code   RO         3983    i.USART2_rxDataHandler  rc_potocol.o
    0x080082dc   0x080082dc   0x00000038   Code   RO          402    i.USART4_Init       drv_uart.o
    0x08008314   0x08008314   0x00000002   Code   RO          403    i.USART4_rxDataHandler  drv_uart.o
    0x08008316   0x08008316   0x00000002   PAD
    0x08008318   0x08008318   0x00000038   Code   RO          404    i.USART5_Init       drv_uart.o
    0x08008350   0x08008350   0x00000002   Code   RO          405    i.USART5_rxDataHandler  drv_uart.o
    0x08008352   0x08008352   0x00000002   Code   RO         4650    i.UsageFault_Handler  stm32f4xx_it.o
    0x08008354   0x08008354   0x00000760   Code   RO         2937    i.VISION_PREDICT    gimbal.o
    0x08008ab4   0x08008ab4   0x0000003c   Code   RO         3545    i.Verify_CRC16_Check_Sum  crc.o
    0x08008af0   0x08008af0   0x0000002a   Code   RO         3546    i.Verify_CRC8_Check_Sum  crc.o
    0x08008b1a   0x08008b1a   0x00000002   PAD
    0x08008b1c   0x08008b1c   0x00000084   Code   RO         4154    i.Vision_Sent       vision_potocol.o
    0x08008ba0   0x08008ba0   0x00000024   Code   RO         3855    i.Vision_get_interval  predict.o
    0x08008bc4   0x08008bc4   0x00000030   Code   RO         9594    i.__ARM_fpclassify  m_wm.l(fpclassify.o)
    0x08008bf4   0x08008bf4   0x00000020   Code   RO         5848    i.__NVIC_SetPriority  stm32f4xx_hal_cortex.o
    0x08008c14   0x08008c14   0x00000024   Code   RO         3229    i.__NVIC_SystemReset  system_task.o
    0x08008c38   0x08008c38   0x00000360   Code   RO         9440    i.__hardfp_asin     m_wm.l(asin.o)
    0x08008f98   0x08008f98   0x000002d8   Code   RO         9454    i.__hardfp_atan     m_wm.l(atan.o)
    0x08009270   0x08009270   0x000001f0   Code   RO         9468    i.__hardfp_atan2    m_wm.l(atan2.o)
    0x08009460   0x08009460   0x000000c8   Code   RO         9480    i.__hardfp_cos      m_wm.l(cos.o)
    0x08009528   0x08009528   0x000000c8   Code   RO         9492    i.__hardfp_sin      m_wm.l(sin.o)
    0x080095f0   0x080095f0   0x00000438   Code   RO         9599    i.__ieee754_rem_pio2  m_wm.l(rred.o)
    0x08009a28   0x08009a28   0x00000170   Code   RO         9571    i.__kernel_cos      m_wm.l(cos_i.o)
    0x08009b98   0x08009b98   0x000000f8   Code   RO         9596    i.__kernel_poly     m_wm.l(poly.o)
    0x08009c90   0x08009c90   0x00000130   Code   RO         9604    i.__kernel_sin      m_wm.l(sin_i.o)
    0x08009dc0   0x08009dc0   0x00000014   Code   RO         9575    i.__mathlib_dbl_infnan  m_wm.l(dunder.o)
    0x08009dd4   0x08009dd4   0x00000014   Code   RO         9576    i.__mathlib_dbl_infnan2  m_wm.l(dunder.o)
    0x08009de8   0x08009de8   0x00000020   Code   RO         9577    i.__mathlib_dbl_invalid  m_wm.l(dunder.o)
    0x08009e08   0x08009e08   0x00000020   Code   RO         9580    i.__mathlib_dbl_underflow  m_wm.l(dunder.o)
    0x08009e28   0x08009e28   0x0000000e   Code   RO         9656    i.__scatterload_copy  mc_w.l(handlers.o)
    0x08009e36   0x08009e36   0x00000002   Code   RO         9657    i.__scatterload_null  mc_w.l(handlers.o)
    0x08009e38   0x08009e38   0x0000000e   Code   RO         9658    i.__scatterload_zeroinit  mc_w.l(handlers.o)
    0x08009e46   0x08009e46   0x00000002   PAD
    0x08009e48   0x08009e48   0x0000000c   Code   RO         9634    i.__set_errno       mc_w.l(errno.o)
    0x08009e54   0x08009e54   0x00000010   Code   RO         9456    i.atan              m_wm.l(atan.o)
    0x08009e64   0x08009e64   0x00000050   Code   RO         3720    i.average_add       filter.o
    0x08009eb4   0x08009eb4   0x0000002c   Code   RO         3721    i.average_clear     filter.o
    0x08009ee0   0x08009ee0   0x00000038   Code   RO         3723    i.average_get       filter.o
    0x08009f18   0x08009f18   0x00000038   Code   RO         3724    i.average_init      filter.o
    0x08009f50   0x08009f50   0x00000078   Code   RO         2120    i.bmi270_init       bmi270.o
    0x08009fc8   0x08009fc8   0x00000002   Code   RO         1971    i.bmi2_error_codes_print_result  bmi2_common.o
    0x08009fca   0x08009fca   0x00000036   Code   RO          875    i.bmi2_extract_input_feat_config  bmi2.o
    0x0800a000   0x0800a000   0x000000a0   Code   RO          880    i.bmi2_get_feat_config  bmi2.o
    0x0800a0a0   0x0800a0a0   0x0000003c   Code   RO          887    i.bmi2_get_gyro_cross_sense  bmi2.o
    0x0800a0dc   0x0800a0dc   0x00000030   Code   RO          890    i.bmi2_get_internal_status  bmi2.o
    0x0800a10c   0x0800a10c   0x00000092   Code   RO          891    i.bmi2_get_regs     bmi2.o
    0x0800a19e   0x0800a19e   0x00000002   PAD
    0x0800a1a0   0x0800a1a0   0x0000023a   Code   RO          893    i.bmi2_get_sensor_config  bmi2.o
    0x0800a3da   0x0800a3da   0x000002de   Code   RO          894    i.bmi2_get_sensor_data  bmi2.o
    0x0800a6b8   0x0800a6b8   0x00000026   Code   RO          895    i.bmi2_get_status   bmi2.o
    0x0800a6de   0x0800a6de   0x00000002   PAD
    0x0800a6e0   0x0800a6e0   0x00000040   Code   RO         1972    i.bmi2_interface_selection  bmi2_common.o
    0x0800a720   0x0800a720   0x00000076   Code   RO          896    i.bmi2_map_data_int  bmi2.o
    0x0800a796   0x0800a796   0x00000002   PAD
    0x0800a798   0x0800a798   0x00000064   Code   RO          906    i.bmi2_sec_init     bmi2.o
    0x0800a7fc   0x0800a7fc   0x00000038   Code   RO          908    i.bmi2_sensor_enable  bmi2.o
    0x0800a834   0x0800a834   0x00000062   Code   RO          910    i.bmi2_set_adv_power_save  bmi2.o
    0x0800a896   0x0800a896   0x00000002   PAD
    0x0800a898   0x0800a898   0x0000009c   Code   RO          920    i.bmi2_set_regs     bmi2.o
    0x0800a934   0x0800a934   0x000001e6   Code   RO          922    i.bmi2_set_sensor_config  bmi2.o
    0x0800ab1a   0x0800ab1a   0x00000060   Code   RO          923    i.bmi2_soft_reset   bmi2.o
    0x0800ab7a   0x0800ab7a   0x00000056   Code   RO          927    i.bmi2_write_config_file  bmi2.o
    0x0800abd0   0x0800abd0   0x0000003e   Code   RO          930    i.cfg_error_status  bmi2.o
    0x0800ac0e   0x0800ac0e   0x00000044   Code   RO         2264    i.chassis_motor_check  chassis_motor.o
    0x0800ac52   0x0800ac52   0x00000022   Code   RO         2265    i.chassis_motor_heart_beat  chassis_motor.o
    0x0800ac74   0x0800ac74   0x0000003e   Code   RO         4068    i.chassis_motor_init  can_potocol.o
    0x0800acb2   0x0800acb2   0x0000001a   Code   RO         4069    i.chassis_motor_update  can_potocol.o
    0x0800accc   0x0800accc   0x00000030   Code   RO          931    i.check_boundary_val  bmi2.o
    0x0800acfc   0x0800acfc   0x0000001a   Code   RO          933    i.comp_gyro_cross_axis_sensitivity  bmi2.o
    0x0800ad16   0x0800ad16   0x000000dc   Code   RO          934    i.config_aux_interface  bmi2.o
    0x0800adf2   0x0800adf2   0x00000016   Code   RO          539    i.delay_ms          drv_haltick.o
    0x0800ae08   0x0800ae08   0x00000018   Code   RO          540    i.delay_us          drv_haltick.o
    0x0800ae20   0x0800ae20   0x000000b0   Code   RO         3299    i.device_heart_beat  monitor_task.o
    0x0800aed0   0x0800aed0   0x00000018   Code   RO          406    i.dma_m0_rxcplt_callback  drv_uart.o
    0x0800aee8   0x0800aee8   0x00000018   Code   RO          407    i.dma_m1_rxcplt_callback  drv_uart.o
    0x0800af00   0x0800af00   0x00000036   Code   RO          941    i.extract_output_feat_config  bmi2.o
    0x0800af36   0x0800af36   0x00000018   Code   RO         9590    i.fabs              m_wm.l(fabs.o)
    0x0800af4e   0x0800af4e   0x00000002   PAD
    0x0800af50   0x0800af50   0x00000050   Code   RO         9529    i.free              mc_w.l(malloc.o)
    0x0800afa0   0x0800afa0   0x00000020   Code   RO          942    i.get_acc_gyr_data  bmi2.o
    0x0800afc0   0x0800afc0   0x0000004e   Code   RO          943    i.get_accel_config  bmi2.o
    0x0800b00e   0x0800b00e   0x00000068   Code   RO          944    i.get_accel_self_test_status  bmi2.o
    0x0800b076   0x0800b076   0x0000008a   Code   RO          945    i.get_any_motion_config  bmi2.o
    0x0800b100   0x0800b100   0x0000000a   Code   RO         2938    i.get_auto_accel    gimbal.o
    0x0800b10a   0x0800b10a   0x00000002   PAD
    0x0800b10c   0x0800b10c   0x00000038   Code   RO         2939    i.get_auto_speed    gimbal.o
    0x0800b144   0x0800b144   0x000000aa   Code   RO          946    i.get_aux_config    bmi2.o
    0x0800b1ee   0x0800b1ee   0x00000058   Code   RO          948    i.get_ext_sens_sync_config  bmi2.o
    0x0800b246   0x0800b246   0x00000086   Code   RO          949    i.get_flat_config   bmi2.o
    0x0800b2cc   0x0800b2cc   0x00000082   Code   RO          950    i.get_free_fall_det_config  bmi2.o
    0x0800b34e   0x0800b34e   0x00000058   Code   RO          951    i.get_glance_detect_config  bmi2.o
    0x0800b3a6   0x0800b3a6   0x0000005e   Code   RO          952    i.get_gyro_config   bmi2.o
    0x0800b404   0x0800b404   0x00000072   Code   RO          953    i.get_gyro_cross_sense  bmi2.o
    0x0800b476   0x0800b476   0x0000008a   Code   RO          954    i.get_gyro_gain_update_config  bmi2.o
    0x0800b500   0x0800b500   0x00000068   Code   RO          955    i.get_gyro_gain_update_status  bmi2.o
    0x0800b568   0x0800b568   0x000000a4   Code   RO          956    i.get_high_g_config  bmi2.o
    0x0800b60c   0x0800b60c   0x00000092   Code   RO          957    i.get_low_g_config  bmi2.o
    0x0800b69e   0x0800b69e   0x0000008a   Code   RO          959    i.get_no_motion_config  bmi2.o
    0x0800b728   0x0800b728   0x00000076   Code   RO          960    i.get_nvm_error_status  bmi2.o
    0x0800b79e   0x0800b79e   0x000000b4   Code   RO          961    i.get_ois_output    bmi2.o
    0x0800b852   0x0800b852   0x0000008c   Code   RO          962    i.get_orient_config  bmi2.o
    0x0800b8de   0x0800b8de   0x00000056   Code   RO          965    i.get_remapped_data  bmi2.o
    0x0800b934   0x0800b934   0x000000be   Code   RO          966    i.get_sig_motion_config  bmi2.o
    0x0800b9f2   0x0800b9f2   0x0000008a   Code   RO          968    i.get_step_config   bmi2.o
    0x0800ba7c   0x0800ba7c   0x000000aa   Code   RO          969    i.get_step_count_params_config  bmi2.o
    0x0800bb26   0x0800bb26   0x0000006e   Code   RO          970    i.get_step_counter_output  bmi2.o
    0x0800bb94   0x0800bb94   0x00000058   Code   RO          971    i.get_tilt_config   bmi2.o
    0x0800bbec   0x0800bbec   0x00000058   Code   RO          972    i.get_up_hold_to_wake_config  bmi2.o
    0x0800bc44   0x0800bc44   0x0000007c   Code   RO          974    i.get_wake_up_config  bmi2.o
    0x0800bcc0   0x0800bcc0   0x00000076   Code   RO          975    i.get_wrist_gest_config  bmi2.o
    0x0800bd36   0x0800bd36   0x0000008a   Code   RO          976    i.get_wrist_gest_w_config  bmi2.o
    0x0800bdc0   0x0800bdc0   0x0000008e   Code   RO          977    i.get_wrist_wear_wake_up_config  bmi2.o
    0x0800be4e   0x0800be4e   0x0000009c   Code   RO          978    i.get_wrist_wear_wake_up_wh_config  bmi2.o
    0x0800beea   0x0800beea   0x00000044   Code   RO         2345    i.gimbal_motor_check  gimbal_motor.o
    0x0800bf2e   0x0800bf2e   0x00000022   Code   RO         2346    i.gimbal_motor_heart_beat  gimbal_motor.o
    0x0800bf50   0x0800bf50   0x0000003a   Code   RO         4070    i.gimbal_motor_init  can_potocol.o
    0x0800bf8a   0x0800bf8a   0x0000001a   Code   RO         4071    i.gimbal_motor_update  can_potocol.o
    0x0800bfa4   0x0800bfa4   0x00000028   Code   RO         2941    i.gimbal_now_angle_ms_update  gimbal.o
    0x0800bfcc   0x0800bfcc   0x00000064   Code   RO         2225    i.imu_sensor_check  imu_sensor.o
    0x0800c030   0x0800c030   0x00000006   Code   RO         2226    i.imu_sensor_heart_beat  imu_sensor.o
    0x0800c036   0x0800c036   0x00000002   PAD
    0x0800c038   0x0800c038   0x000001b4   Code   RO         4028    i.imu_sensor_init   imu_potocol.o
    0x0800c1ec   0x0800c1ec   0x000000b0   Code   RO         4029    i.imu_sensor_update  imu_potocol.o
    0x0800c29c   0x0800c29c   0x0000000c   Code   RO         8930    i.inHandlerMode     cmsis_os.o
    0x0800c2a8   0x0800c2a8   0x0000002c   Code   RO          760    i.inVSqrt           bmi.o
    0x0800c2d4   0x0800c2d4   0x00000044   Code   RO         2384    i.launcher_motor_check  launcher_motor.o
    0x0800c318   0x0800c318   0x00000022   Code   RO         2385    i.launcher_motor_heart_beat  launcher_motor.o
    0x0800c33a   0x0800c33a   0x00000042   Code   RO         4072    i.launcher_motor_init  can_potocol.o
    0x0800c37c   0x0800c37c   0x0000001a   Code   RO         4073    i.launcher_motor_update  can_potocol.o
    0x0800c396   0x0800c396   0x00000026   Code   RO          761    i.lsb_to_dps        bmi.o
    0x0800c3bc   0x0800c3bc   0x00000034   Code   RO          762    i.lsb_to_mps2       bmi.o
    0x0800c3f0   0x0800c3f0   0x00000060   Code   RO         4223    i.main              main.o
    0x0800c450   0x0800c450   0x0000000c   Code   RO         8932    i.makeFreeRtosPriority  cmsis_os.o
    0x0800c45c   0x0800c45c   0x0000006c   Code   RO         9530    i.malloc            mc_w.l(malloc.o)
    0x0800c4c8   0x0800c4c8   0x00000044   Code   RO         3727    i.median_init       filter.o
    0x0800c50c   0x0800c50c   0x00000024   Code   RO          541    i.micros            drv_haltick.o
    0x0800c530   0x0800c530   0x00000018   Code   RO          980    i.null_ptr_check    bmi2.o
    0x0800c548   0x0800c548   0x0000000e   Code   RO         8934    i.osDelay           cmsis_os.o
    0x0800c556   0x0800c556   0x0000000a   Code   RO         8937    i.osKernelStart     cmsis_os.o
    0x0800c560   0x0800c560   0x00000018   Code   RO         8938    i.osKernelSysTick   cmsis_os.o
    0x0800c578   0x0800c578   0x00000054   Code   RO         8971    i.osThreadCreate    cmsis_os.o
    0x0800c5cc   0x0800c5cc   0x0000002c   Code   RO         3511    i.pid_val_init      pid.o
    0x0800c5f8   0x0800c5f8   0x000000bc   Code   RO         2538    i.power_limitation  chassis.o
    0x0800c6b4   0x0800c6b4   0x00000310   Code   RO         3856    i.predict_cal_shoot_angle  predict.o
    0x0800c9c4   0x0800c9c4   0x00000070   Code   RO         8617    i.prvAddCurrentTaskToDelayedList  tasks.o
    0x0800ca34   0x0800ca34   0x000000d0   Code   RO         8618    i.prvAddNewTaskToReadyList  tasks.o
    0x0800cb04   0x0800cb04   0x00000034   Code   RO         8619    i.prvDeleteTCB      tasks.o
    0x0800cb38   0x0800cb38   0x0000004c   Code   RO         9302    i.prvHeapInit       heap_4.o
    0x0800cb84   0x0800cb84   0x00000060   Code   RO         8620    i.prvIdleTask       tasks.o
    0x0800cbe4   0x0800cbe4   0x000000b0   Code   RO         8621    i.prvInitialiseNewTask  tasks.o
    0x0800cc94   0x0800cc94   0x0000004c   Code   RO         9303    i.prvInsertBlockIntoFreeList  heap_4.o
    0x0800cce0   0x0800cce0   0x00000020   Code   RO         8622    i.prvResetNextTaskUnblockTime  tasks.o
    0x0800cd00   0x0800cd00   0x00000028   Code   RO         9365    i.prvTaskExitError  port.o
    0x0800cd28   0x0800cd28   0x000000d8   Code   RO         9304    i.pvPortMalloc      heap_4.o
    0x0800ce00   0x0800ce00   0x0000002c   Code   RO         9366    i.pxPortInitialiseStack  port.o
    0x0800ce2c   0x0800ce2c   0x00000052   Code   RO         2151    i.rc_sensor_check   rc_sensor.o
    0x0800ce7e   0x0800ce7e   0x00000024   Code   RO         2152    i.rc_sensor_heart_beat  rc_sensor.o
    0x0800cea2   0x0800cea2   0x00000002   PAD
    0x0800cea4   0x0800cea4   0x000000d8   Code   RO         3984    i.rc_sensor_init    rc_potocol.o
    0x0800cf7c   0x0800cf7c   0x000001dc   Code   RO         3985    i.rc_sensor_update  rc_potocol.o
    0x0800d158   0x0800d158   0x0000014e   Code   RO          994    i.select_sensor     bmi2.o
    0x0800d2a6   0x0800d2a6   0x00000002   PAD
    0x0800d2a8   0x0800d2a8   0x000003c4   Code   RO          997    i.sensor_enable     bmi2.o
    0x0800d66c   0x0800d66c   0x00000098   Code   RO          998    i.set_accel_config  bmi2.o
    0x0800d704   0x0800d704   0x00000056   Code   RO         1000    i.set_act_recog     bmi2.o
    0x0800d75a   0x0800d75a   0x0000005a   Code   RO         1001    i.set_any_motion    bmi2.o
    0x0800d7b4   0x0800d7b4   0x000000c6   Code   RO         1002    i.set_any_motion_config  bmi2.o
    0x0800d87a   0x0800d87a   0x00000090   Code   RO         1003    i.set_aux_config    bmi2.o
    0x0800d90a   0x0800d90a   0x00000036   Code   RO         1004    i.set_config_load   bmi2.o
    0x0800d940   0x0800d940   0x00000056   Code   RO         1005    i.set_double_tap    bmi2.o
    0x0800d996   0x0800d996   0x00000056   Code   RO         1006    i.set_ext_sens_sync  bmi2.o
    0x0800d9ec   0x0800d9ec   0x0000008e   Code   RO         1007    i.set_ext_sens_sync_config  bmi2.o
    0x0800da7a   0x0800da7a   0x00000002   PAD
    0x0800da7c   0x0800da7c   0x00000068   Code   RO         1008    i.set_feat_accel_self_test  bmi2.o
    0x0800dae4   0x0800dae4   0x00000056   Code   RO         1009    i.set_flat          bmi2.o
    0x0800db3a   0x0800db3a   0x000000bc   Code   RO         1010    i.set_flat_config   bmi2.o
    0x0800dbf6   0x0800dbf6   0x00000056   Code   RO         1011    i.set_free_fall_det  bmi2.o
    0x0800dc4c   0x0800dc4c   0x000000a8   Code   RO         1012    i.set_free_fall_det_config  bmi2.o
    0x0800dcf4   0x0800dcf4   0x0000008e   Code   RO         1013    i.set_glance_detect_config  bmi2.o
    0x0800dd82   0x0800dd82   0x00000056   Code   RO         1014    i.set_glance_detector  bmi2.o
    0x0800ddd8   0x0800ddd8   0x000000ac   Code   RO         1015    i.set_gyro_config   bmi2.o
    0x0800de84   0x0800de84   0x00000056   Code   RO         1016    i.set_gyro_self_offset_corr  bmi2.o
    0x0800deda   0x0800deda   0x0000005a   Code   RO         1017    i.set_gyro_user_gain  bmi2.o
    0x0800df34   0x0800df34   0x000000a2   Code   RO         1018    i.set_gyro_user_gain_config  bmi2.o
    0x0800dfd6   0x0800dfd6   0x0000005a   Code   RO         1019    i.set_high_g        bmi2.o
    0x0800e030   0x0800e030   0x000000da   Code   RO         1020    i.set_high_g_config  bmi2.o
    0x0800e10a   0x0800e10a   0x0000005a   Code   RO         1022    i.set_low_g         bmi2.o
    0x0800e164   0x0800e164   0x000000ba   Code   RO         1023    i.set_low_g_config  bmi2.o
    0x0800e21e   0x0800e21e   0x0000005a   Code   RO         1025    i.set_no_motion     bmi2.o
    0x0800e278   0x0800e278   0x000000c6   Code   RO         1026    i.set_no_motion_config  bmi2.o
    0x0800e33e   0x0800e33e   0x000000c6   Code   RO         1028    i.set_orient_config  bmi2.o
    0x0800e404   0x0800e404   0x00000056   Code   RO         1029    i.set_orientation   bmi2.o
    0x0800e45a   0x0800e45a   0x0000009e   Code   RO         1030    i.set_primary_ois_config  bmi2.o
    0x0800e4f8   0x0800e4f8   0x0000005a   Code   RO         1032    i.set_sig_motion    bmi2.o
    0x0800e552   0x0800e552   0x000000be   Code   RO         1033    i.set_sig_motion_config  bmi2.o
    0x0800e610   0x0800e610   0x00000056   Code   RO         1034    i.set_single_tap    bmi2.o
    0x0800e666   0x0800e666   0x0000005a   Code   RO         1035    i.set_step_activity  bmi2.o
    0x0800e6c0   0x0800e6c0   0x000000c0   Code   RO         1036    i.set_step_config   bmi2.o
    0x0800e780   0x0800e780   0x000000d4   Code   RO         1037    i.set_step_count_params_config  bmi2.o
    0x0800e854   0x0800e854   0x0000005a   Code   RO         1038    i.set_step_counter  bmi2.o
    0x0800e8ae   0x0800e8ae   0x0000005a   Code   RO         1039    i.set_step_detector  bmi2.o
    0x0800e908   0x0800e908   0x00000056   Code   RO         1040    i.set_tilt          bmi2.o
    0x0800e95e   0x0800e95e   0x0000008e   Code   RO         1041    i.set_tilt_config   bmi2.o
    0x0800e9ec   0x0800e9ec   0x00000056   Code   RO         1042    i.set_triple_tap    bmi2.o
    0x0800ea42   0x0800ea42   0x00000056   Code   RO         1043    i.set_up_hold_to_wake  bmi2.o
    0x0800ea98   0x0800ea98   0x0000008e   Code   RO         1044    i.set_up_hold_to_wake_config  bmi2.o
    0x0800eb26   0x0800eb26   0x00000056   Code   RO         1045    i.set_wake_up       bmi2.o
    0x0800eb7c   0x0800eb7c   0x000000bc   Code   RO         1046    i.set_wake_up_config  bmi2.o
    0x0800ec38   0x0800ec38   0x000000b6   Code   RO         1047    i.set_wrist_gest_config  bmi2.o
    0x0800ecee   0x0800ecee   0x000000c8   Code   RO         1048    i.set_wrist_gest_w_config  bmi2.o
    0x0800edb6   0x0800edb6   0x00000056   Code   RO         1049    i.set_wrist_gesture  bmi2.o
    0x0800ee0c   0x0800ee0c   0x00000056   Code   RO         1050    i.set_wrist_gesture_wh  bmi2.o
    0x0800ee62   0x0800ee62   0x00000056   Code   RO         1051    i.set_wrist_wear_wake_up  bmi2.o
    0x0800eeb8   0x0800eeb8   0x000000c8   Code   RO         1052    i.set_wrist_wear_wake_up_config  bmi2.o
    0x0800ef80   0x0800ef80   0x00000056   Code   RO         1053    i.set_wrist_wear_wake_up_wh  bmi2.o
    0x0800efd6   0x0800efd6   0x000000fa   Code   RO         1054    i.set_wrist_wear_wake_up_wh_config  bmi2.o
    0x0800f0d0   0x0800f0d0   0x0000009e   Code   RO         3512    i.single_pid_ctrl   pid.o
    0x0800f16e   0x0800f16e   0x00000002   PAD
    0x0800f170   0x0800f170   0x0000005c   Code   RO         3300    i.soft_reset        monitor_task.o
    0x0800f1cc   0x0800f1cc   0x0000006e   Code   RO         9506    i.sqrt              m_wm.l(sqrt.o)
    0x0800f23a   0x0800f23a   0x00000002   PAD
    0x0800f23c   0x0800f23c   0x00000058   Code   RO         3230    i.system_ctrl_mode_switch  system_task.o
    0x0800f294   0x0800f294   0x000000bc   Code   RO         3231    i.system_mode_act_switch  system_task.o
    0x0800f350   0x0800f350   0x000000c8   Code   RO          408    i.uart_rx_idle_callback  drv_uart.o
    0x0800f418   0x0800f418   0x00000040   Code   RO         1066    i.upload_file       bmi2.o
    0x0800f458   0x0800f458   0x00000004   Code   RO         1976    i.user_delay_us     bmi2_common.o
    0x0800f45c   0x0800f45c   0x00000024   Code   RO         1977    i.user_i2c_reg_read  bmi2_common.o
    0x0800f480   0x0800f480   0x0000004c   Code   RO         1978    i.user_i2c_reg_write  bmi2_common.o
    0x0800f4cc   0x0800f4cc   0x00000026   Code   RO         8256    i.uxListRemove      list.o
    0x0800f4f2   0x0800f4f2   0x00000002   PAD
    0x0800f4f4   0x0800f4f4   0x00000020   Code   RO         8627    i.uxTaskGetStackHighWaterMark  tasks.o
    0x0800f514   0x0800f514   0x00000014   Code   RO         4313    i.vApplicationGetIdleTaskMemory  freertos.o
    0x0800f528   0x0800f528   0x00000016   Code   RO         8257    i.vListInitialise   list.o
    0x0800f53e   0x0800f53e   0x00000006   Code   RO         8258    i.vListInitialiseItem  list.o
    0x0800f544   0x0800f544   0x00000030   Code   RO         8259    i.vListInsert       list.o
    0x0800f574   0x0800f574   0x00000018   Code   RO         8260    i.vListInsertEnd    list.o
    0x0800f58c   0x0800f58c   0x00000040   Code   RO         9368    i.vPortEnterCritical  port.o
    0x0800f5cc   0x0800f5cc   0x00000028   Code   RO         9369    i.vPortExitCritical  port.o
    0x0800f5f4   0x0800f5f4   0x0000005c   Code   RO         9305    i.vPortFree         heap_4.o
    0x0800f650   0x0800f650   0x00000024   Code   RO         9370    i.vPortSetupTimerInterrupt  port.o
    0x0800f674   0x0800f674   0x00000054   Code   RO         9371    i.vPortValidateInterruptPriority  port.o
    0x0800f6c8   0x0800f6c8   0x0000004c   Code   RO         8631    i.vTaskDelay        tasks.o
    0x0800f714   0x0800f714   0x0000006c   Code   RO         8644    i.vTaskStartScheduler  tasks.o
    0x0800f780   0x0800f780   0x00000010   Code   RO         8646    i.vTaskSuspendAll   tasks.o
    0x0800f790   0x0800f790   0x0000005c   Code   RO         8647    i.vTaskSwitchContext  tasks.o
    0x0800f7ec   0x0800f7ec   0x00000008   Code   RO         2421    i.vision_sensor_check  vision_sensor.o
    0x0800f7f4   0x0800f7f4   0x00000028   Code   RO         2422    i.vision_sensor_heart_beat  vision_sensor.o
    0x0800f81c   0x0800f81c   0x0000001c   Code   RO         4155    i.vision_sensor_init  vision_potocol.o
    0x0800f838   0x0800f838   0x0000008c   Code   RO         4156    i.vision_sensor_update  vision_potocol.o
    0x0800f8c4   0x0800f8c4   0x000000e4   Code   RO         1072    i.write_config_file  bmi2.o
    0x0800f9a8   0x0800f9a8   0x000000f4   Code   RO         9372    i.xPortStartScheduler  port.o
    0x0800fa9c   0x0800fa9c   0x0000005a   Code   RO         8649    i.xTaskCreate       tasks.o
    0x0800faf6   0x0800faf6   0x00000056   Code   RO         8650    i.xTaskCreateStatic  tasks.o
    0x0800fb4c   0x0800fb4c   0x0000000c   Code   RO         8655    i.xTaskGetTickCount  tasks.o
    0x0800fb58   0x0800fb58   0x00000010   Code   RO         8656    i.xTaskGetTickCountFromISR  tasks.o
    0x0800fb68   0x0800fb68   0x000000c8   Code   RO         8657    i.xTaskIncrementTick  tasks.o
    0x0800fc30   0x0800fc30   0x000000c4   Code   RO         8663    i.xTaskResumeAll    tasks.o
    0x0800fcf4   0x0800fcf4   0x00000006   Data   RO         1074    .constdata          bmi2.o
    0x0800fcfa   0x0800fcfa   0x00002045   Data   RO         2121    .constdata          bmi270.o
    0x08011d3f   0x08011d3f   0x00000001   PAD
    0x08011d40   0x08011d40   0x00000300   Data   RO         3548    .constdata          crc.o
    0x08012040   0x08012040   0x000000a8   Data   RO         4315    .constdata          freertos.o
    0x080120e8   0x080120e8   0x00000008   Data   RO         5565    .constdata          stm32f4xx_hal_dma.o
    0x080120f0   0x080120f0   0x00000010   Data   RO         8088    .constdata          system_stm32f4xx.o
    0x08012100   0x08012100   0x00000008   Data   RO         8089    .constdata          system_stm32f4xx.o
    0x08012108   0x08012108   0x00000050   Data   RO         9443    .constdata          m_wm.l(asin.o)
    0x08012158   0x08012158   0x00000098   Data   RO         9457    .constdata          m_wm.l(atan.o)
    0x080121f0   0x080121f0   0x00000030   Data   RO         9572    .constdata          m_wm.l(cos_i.o)
    0x08012220   0x08012220   0x00000008   Data   RO         9598    .constdata          m_wm.l(qnan.o)
    0x08012228   0x08012228   0x000000c8   Data   RO         9601    .constdata          m_wm.l(rred.o)
    0x080122f0   0x080122f0   0x00000028   Data   RO         9605    .constdata          m_wm.l(sin_i.o)
    0x08012318   0x08012318   0x0000004c   Data   RO         4316    .conststring        freertos.o
    0x08012364   0x08012364   0x00000020   Data   RO         9654    Region$$Table       anon$$obj.o


    Execution Region RW_IRAM1 (Exec base: 0x20000000, Load base: 0x08012384, Size: 0x0000c510, Max: 0x00020000, ABSOLUTE, COMPRESSED[0x000003c8])

    Exec Addr    Load Addr    Size         Type   Attr      Idx    E Section Name        Object

    0x20000000   COMPRESSED   0x00000004   Data   RW          542    .data               drv_haltick.o
    0x20000004   COMPRESSED   0x00000074   Data   RW          765    .data               bmi.o
    0x20000078   COMPRESSED   0x00000002   Data   RW         1981    .data               bmi2_common.o
    0x2000007a   COMPRESSED   0x0000001a   Data   RW         2155    .data               rc_sensor.o
    0x20000094   COMPRESSED   0x00000020   Data   RW         2156    .data               rc_sensor.o
    0x200000b4   COMPRESSED   0x00000001   Data   RW         2227    .data               imu_sensor.o
    0x200000b5   COMPRESSED   0x00000003   PAD
    0x200000b8   COMPRESSED   0x00000024   Data   RW         2228    .data               imu_sensor.o
    0x200000dc   COMPRESSED   0x0000001c   Data   RW         2229    .data               imu_sensor.o
    0x200000f8   COMPRESSED   0x00000050   Data   RW         2266    .data               chassis_motor.o
    0x20000148   COMPRESSED   0x00000040   Data   RW         2267    .data               chassis_motor.o
    0x20000188   COMPRESSED   0x00000070   Data   RW         2268    .data               chassis_motor.o
    0x200001f8   COMPRESSED   0x00000040   Data   RW         2304    .data               device.o
    0x20000238   COMPRESSED   0x0000003c   Data   RW         2350    .data               gimbal_motor.o
    0x20000274   COMPRESSED   0x00000030   Data   RW         2351    .data               gimbal_motor.o
    0x200002a4   COMPRESSED   0x0000008c   Data   RW         2352    .data               gimbal_motor.o
    0x20000330   COMPRESSED   0x00000064   Data   RW         2386    .data               launcher_motor.o
    0x20000394   COMPRESSED   0x00000050   Data   RW         2387    .data               launcher_motor.o
    0x200003e4   COMPRESSED   0x0000008c   Data   RW         2388    .data               launcher_motor.o
    0x20000470   COMPRESSED   0x0000001e   Data   RW         2425    .data               vision_sensor.o
    0x2000048e   COMPRESSED   0x00000002   PAD
    0x20000490   COMPRESSED   0x0000003c   Data   RW         2426    .data               vision_sensor.o
    0x200004cc   COMPRESSED   0x00000008   Data   RW         2477    .data               judge.o
    0x200004d4   COMPRESSED   0x00000001   Data   RW         2478    .data               judge.o
    0x200004d5   COMPRESSED   0x00000003   PAD
    0x200004d8   COMPRESSED   0x000003ec   Data   RW         2541    .data               chassis.o
    0x200008c4   COMPRESSED   0x00000008   Data   RW         2548    .data               chassis.o
    0x200008cc   COMPRESSED   0x0000042c   Data   RW         2764    .data               launcher.o
    0x20000cf8   COMPRESSED   0x00000004   Data   RW         2767    .data               launcher.o
    0x20000cfc   COMPRESSED   0x000003ec   Data   RW         2944    .data               gimbal.o
    0x200010e8   COMPRESSED   0x00000004   Data   RW         2954    .data               gimbal.o
    0x200010ec   COMPRESSED   0x00000040   Data   RW         3163    .data               control.o
    0x2000112c   COMPRESSED   0x0000000c   Data   RW         3165    .data               control.o
    0x20001138   COMPRESSED   0x0000001e   Data   RW         3232    .data               system_task.o
    0x20001156   COMPRESSED   0x00000002   PAD
    0x20001158   COMPRESSED   0x00000008   Data   RW         3301    .data               monitor_task.o
    0x20001160   COMPRESSED   0x00000004   Data   RW         3442    .data               gimbal_task.o
    0x20001164   COMPRESSED   0x00000002   Data   RW         3549    .data               crc.o
    0x20001166   COMPRESSED   0x00000002   PAD
    0x20001168   COMPRESSED   0x00000004   Data   RW         3741    .data               filter.o
    0x2000116c   COMPRESSED   0x00000044   Data   RW         3861    .data               predict.o
    0x200011b0   COMPRESSED   0x00000001   Data   RW         3869    .data               predict.o
    0x200011b1   COMPRESSED   0x00000001   PAD
    0x200011b2   COMPRESSED   0x00000008   Data   RW         3987    .data               rc_potocol.o
    0x200011ba   COMPRESSED   0x00000002   PAD
    0x200011bc   COMPRESSED   0x00000010   Data   RW         4031    .data               imu_potocol.o
    0x200011cc   COMPRESSED   0x0000001c   Data   RW         4157    .data               vision_potocol.o
    0x200011e8   COMPRESSED   0x00000018   Data   RW         4317    .data               freertos.o
    0x20001200   COMPRESSED   0x00000004   Data   RW         4408    .data               can.o
    0x20001204   COMPRESSED   0x0000000c   Data   RW         5992    .data               stm32f4xx_hal.o
    0x20001210   COMPRESSED   0x00000004   Data   RW         8090    .data               system_stm32f4xx.o
    0x20001214   COMPRESSED   0x0000003c   Data   RW         8666    .data               tasks.o
    0x20001250   COMPRESSED   0x00000018   Data   RW         9310    .data               heap_4.o
    0x20001268   COMPRESSED   0x0000000c   Data   RW         9373    .data               port.o
    0x20001274   COMPRESSED   0x00000004   Data   RW         9630    .data               mc_w.l(mvars.o)
    0x20001278   COMPRESSED   0x00000004   Data   RW         9631    .data               mc_w.l(mvars.o)
    0x2000127c   COMPRESSED   0x00000004   Data   RW         9635    .data               mc_w.l(errno.o)
    0x20001280        -       0x00000088   Zero   RW          157    .bss                drv_can.o
    0x20001308        -       0x00000224   Zero   RW          409    .bss                drv_uart.o
    0x2000152c   COMPRESSED   0x00000004   PAD
    0x20001530        -       0x00000068   Zero   RW          764    .bss                bmi.o
    0x20001598        -       0x0000001c   Zero   RW         2153    .bss                rc_sensor.o
    0x200015b4        -       0x00000010   Zero   RW         2347    .bss                gimbal_motor.o
    0x200015c4        -       0x00000010   Zero   RW         2348    .bss                gimbal_motor.o
    0x200015d4        -       0x00000010   Zero   RW         2349    .bss                gimbal_motor.o
    0x200015e4        -       0x00000032   Zero   RW         2423    .bss                vision_sensor.o
    0x20001616        -       0x000000a1   Zero   RW         2476    .bss                judge.o
    0x200016b7   COMPRESSED   0x00000001   PAD
    0x200016b8        -       0x00000060   Zero   RW         2539    .bss                chassis.o
    0x20001718        -       0x00000144   Zero   RW         2763    .bss                launcher.o
    0x2000185c        -       0x000024fc   Zero   RW         2943    .bss                gimbal.o
    0x20003d58        -       0x00000fb4   Zero   RW         3738    .bss                filter.o
    0x20004d0c        -       0x00000fb4   Zero   RW         3739    .bss                filter.o
    0x20005cc0        -       0x00000fb4   Zero   RW         3740    .bss                filter.o
    0x20006c74        -       0x00000414   Zero   RW         3858    .bss                predict.o
    0x20007088        -       0x00000ac8   Zero   RW         3986    .bss                rc_potocol.o
    0x20007b50        -       0x00000090   Zero   RW         4030    .bss                imu_potocol.o
    0x20007be0        -       0x00000254   Zero   RW         4314    .bss                freertos.o
    0x20007e34        -       0x00000048   Zero   RW         4364    .bss                adc.o
    0x20007e7c        -       0x00000050   Zero   RW         4407    .bss                can.o
    0x20007ecc        -       0x00000014   Zero   RW         4455    .bss                dac.o
    0x20007ee0        -       0x00000080   Zero   RW         4526    .bss                tim.o
    0x20007f60        -       0x00000280   Zero   RW         4581    .bss                usart.o
    0x200081e0        -       0x00000040   Zero   RW         4780    .bss                stm32f4xx_hal_timebase_tim.o
    0x20008220        -       0x000000f0   Zero   RW         8665    .bss                tasks.o
    0x20008310        -       0x00003c00   Zero   RW         9309    .bss                heap_4.o
    0x2000bf10        -       0x00000200   Zero   RW            2    HEAP                startup_stm32f407xx.o
    0x2000c110        -       0x00000400   Zero   RW            1    STACK               startup_stm32f407xx.o


==============================================================================

Image component sizes


      Code (inc. data)   RO Data    RW Data    ZI Data      Debug   Object Name

       196         24          0          0         72       1721   adc.o
         0          0          0          0          0        392   arm_mat_init_f32.o
      1622         52          0        116        104      48011   bmi.o
     15630        116          6          0          0     115490   bmi2.o
       120         10       8261          0          0       1630   bmi270.o
       354         30          0          2          0       5566   bmi2_common.o
       396         46          0          4         80       2510   can.o
       802         38          0          0          0       8842   can_potocol.o
      4490        310          0       1012         96      24311   chassis.o
       102          0          0        256          0       4196   chassis_motor.o
        44          8          0          0          0        579   chassis_task.o
       156          0          0          0          0      31863   cmsis_os.o
       572         48          0         76          0       4664   control.o
        80         12          0          0          0        623   control_task.o
       250         22        768          2          0       5108   crc.o
         0          0          0          0          0       7424   croutine.o
       156         20          0          0         20       1691   dac.o
        80          6          0         64          0       6979   device.o
       108          4          0          0          0        850   dma.o
        46          0          0          0          0      31222   driver.o
        14          4          0          0          0        958   drv_adda.o
       466         74          0          0        136     687213   drv_can.o
        82          6          0          4          0       2363   drv_haltick.o
         0          0          0          0          0     713632   drv_io.o
        72         20          0          0          0       1566   drv_tim.o
      1178         88          0          0        548       8688   drv_uart.o
         0          0          0          0          0      18224   event_groups.o
       628         42          0          4      12060       8059   filter.o
       168         12        244         24        596       2492   freertos.o
      6544        728          0       1008       9468      27861   gimbal.o
       102          0          0        248         48       3210   gimbal_motor.o
       116         20          0          4          0        910   gimbal_task.o
       368         26          0          0          0       1131   gpio.o
       460         24          0         24      15360       7367   heap_4.o
       612         30          0         16        144       3171   imu_potocol.o
       106          0          0         65          0       2699   imu_sensor.o
       304         32          0          9        161       6160   judge.o
       178         12          0          0          0       2624   kalman.o
      2744        226          0       1072        324      16743   launcher.o
       102          0          0        320          0       3043   launcher_motor.o
        36          8          0          0          0        564   launcher_task.o
       138          0          0          0          0       3582   list.o
       248         16          0          0          0       2856   main.o
       476         58          0          8          0       2911   monitor_task.o
       202          6          0          0          0       1485   pid.o
       786         82          0         12          0      12017   port.o
      1432        292          0         69       1044      12239   predict.o
       758         62          0          8       2760       3913   rc_potocol.o
       176          0          0         58         28      10105   rc_sensor.o
       110          0          0          0          0       1454   rp_math.o
       544         62          0          0          0       4339   soft_iic.o
        36          8        392          0       1536        844   startup_stm32f407xx.o
        80         14          0         12          0       8122   stm32f4xx_hal.o
       712         28          0          0          0       2911   stm32f4xx_hal_adc.o
      1682          6          0          0          0      15157   stm32f4xx_hal_can.o
       158         14          0          0          0      33186   stm32f4xx_hal_cortex.o
       214          0          0          0          0       2747   stm32f4xx_hal_dac.o
       788         16          8          0          0       4771   stm32f4xx_hal_dma.o
       474         46          0          0          0       3716   stm32f4xx_hal_gpio.o
        56          4          0          0          0        882   stm32f4xx_hal_msp.o
      1396         86          0          0          0       5933   stm32f4xx_hal_rcc.o
      1720         90          0          0          0      16678   stm32f4xx_hal_tim.o
       148         28          0          0          0       2481   stm32f4xx_hal_tim_ex.o
       116         14          0          0         64       1443   stm32f4xx_hal_timebase_tim.o
      1254         16          0          0          0       9619   stm32f4xx_hal_uart.o
       168         60          0          0          0       7762   stm32f4xx_it.o
        28          6         24          4          0       1179   system_stm32f4xx.o
       548         52          0         30          0      42399   system_task.o
      1600        124          0         60        240      21659   tasks.o
       424         42          0          0        128       3129   tim.o
         0          0          0          0          0       2496   timers.o
       980         86          0          0        640       4331   usart.o
       408         52          0         28          0       6964   vision_potocol.o
        48          0          0         90         50       4464   vision_sensor.o

    ----------------------------------------------------------------------
     57470       3468       9736       4724      45712    2080124   Object Totals
         0          0         32          0          0          0   (incl. Generated)
        78          0          1         15          5          0   (incl. Padding)

    ----------------------------------------------------------------------

      Code (inc. data)   RO Data    RW Data    ZI Data      Debug   Library Member Name

       864         94         80          0          0        280   asin.o
       744        106        152          0          0        352   atan.o
       496         64          0          0          0        192   atan2.o
       200         20          0          0          0        164   cos.o
       368         46         48          0          0        200   cos_i.o
       104         16          0          0          0        496   dunder.o
        24          0          0          0          0        124   fabs.o
        48          0          0          0          0        124   fpclassify.o
       248          0          0          0          0        152   poly.o
         0          0          8          0          0          0   qnan.o
      1080        142        200          0          0        188   rred.o
       200         20          0          0          0        164   sin.o
       304         24         40          0          0        208   sin_i.o
       110          0          0          0          0        148   sqrt.o
        86          0          0          0          0          0   __dczerorl2.o
         0          0          0          0          0          0   entry.o
         0          0          0          0          0          0   entry10a.o
         0          0          0          0          0          0   entry11a.o
         8          4          0          0          0          0   entry2.o
         4          0          0          0          0          0   entry5.o
         0          0          0          0          0          0   entry7b.o
         0          0          0          0          0          0   entry8b.o
         8          4          0          0          0          0   entry9a.o
        12          6          0          4          0         68   errno.o
        30          0          0          0          0          0   handlers.o
        36          8          0          0          0         68   init.o
         0          0          0          0          0          0   iusefp.o
        30          0          0          0          0         68   llshl.o
        36          0          0          0          0         68   llsshr.o
        32          0          0          0          0         68   llushr.o
       188         20          0          0          0        160   malloc.o
        36          0          0          0          0         68   memcpya.o
        36          0          0          0          0        108   memseta.o
         0          0          0          8          0          0   mvars.o
        98          0          0          0          0         92   uldiv.o
        56          0          0          0          0         88   d2f.o
       334          0          0          0          0        148   dadd.o
       222          0          0          0          0        100   ddiv.o
       186          0          0          0          0        176   depilogue.o
        62          0          0          0          0         80   dfixi.o
        34          0          0          0          0         76   dflti.o
        26          0          0          0          0         76   dfltui.o
       228          0          0          0          0         96   dmul.o
       162          0          0          0          0        100   dsqrt.o
        38          0          0          0          0         68   f2d.o
       110          0          0          0          0        168   fepilogue.o

    ----------------------------------------------------------------------
      6894        574        528         12          0       4736   Library Totals
         6          0          0          0          0          0   (incl. Padding)

    ----------------------------------------------------------------------

      Code (inc. data)   RO Data    RW Data    ZI Data      Debug   Library Name

      4790        532        528          0          0       2792   m_wm.l
       640         42          0         12          0        768   mc_w.l
      1458          0          0          0          0       1176   mf_w.l

    ----------------------------------------------------------------------
      6894        574        528         12          0       4736   Library Totals

    ----------------------------------------------------------------------

==============================================================================


      Code (inc. data)   RO Data    RW Data    ZI Data      Debug   

     64364       4042      10264       4736      45712    2036908   Grand Totals
     64364       4042      10264        968      45712    2036908   ELF Image Totals (compressed)
     64364       4042      10264        968          0          0   ROM Totals

==============================================================================

    Total RO  Size (Code + RO Data)                74628 (  72.88kB)
    Total RW  Size (RW Data + ZI Data)             50448 (  49.27kB)
    Total ROM Size (Code + RO Data + RW Data)      75596 (  73.82kB)

==============================================================================

