Component: ARM Compiler 5.06 update 6 (build 750) Tool: armlink [4d35ed]

==============================================================================

Section Cross References

    main.o(i.main) refers to link.o(i.System_Init) for System_Init
    main.o(i.main) refers to task.o(i.Task_start) for Task_start
    main.o(i.main) refers to task.o(i.Task_disapart) for Task_disapart
    system_stm32f4xx.o(i.SystemCoreClockUpdate) refers to system_stm32f4xx.o(.data) for SystemCoreClock
    system_stm32f4xx.o(i.SystemInit) refers to system_stm32f4xx.o(i.SetSysClock) for SetSysClock
    stm32f4xx_it.o(i.SysTick_Handler) refers to systick.o(i.systick_interrupt) for systick_interrupt
    offline_judge.o(i.Judge_Init) refers to offline_judge.o(i.Judge_Func_Void) for Judge_Func_Void
    offline_judge.o(i.Judge_State_Flash) refers to offline_judge.o(i.Judge_State_ReConnect) for Judge_State_ReConnect
    crc.o(i.Append_CRC16_Check_Sum) refers to crc.o(i.Get_CRC16_Check_Sum) for Get_CRC16_Check_Sum
    crc.o(i.Append_CRC16_Check_Sum) refers to crc.o(.data) for CRC_INIT
    crc.o(i.Append_CRC8_Check_Sum) refers to crc.o(i.Get_CRC8_Check_Sum) for Get_CRC8_Check_Sum
    crc.o(i.CRC_init) refers to stm32f4xx_rcc.o(i.RCC_AHB1PeriphClockCmd) for RCC_AHB1PeriphClockCmd
    crc.o(i.Get_CRC16_Check_Sum) refers to crc.o(.constdata) for wCRC_Table
    crc.o(i.Get_CRC8_Check_Sum) refers to crc.o(.constdata) for CRC8_TAB
    crc.o(i.Verify_CRC16_Check_Sum) refers to crc.o(i.Get_CRC16_Check_Sum) for Get_CRC16_Check_Sum
    crc.o(i.Verify_CRC16_Check_Sum) refers to crc.o(.data) for CRC_INIT
    crc.o(i.Verify_CRC8_Check_Sum) refers to crc.o(i.Get_CRC8_Check_Sum) for Get_CRC8_Check_Sum
    top.o(i.my_cos) refers to top.o(.data) for DCOS_TABLE
    top.o(i.my_sin) refers to top.o(i.my_cos) for my_cos
    usart.o(i.USART1_IRQHandler) refers to stm32f4xx_usart.o(i.USART_GetITStatus) for USART_GetITStatus
    usart.o(i.USART1_IRQHandler) refers to stm32f4xx_usart.o(i.USART_ReceiveData) for USART_ReceiveData
    usart.o(i.USART1_IRQHandler) refers to usart.o(.data) for USART_RX_STA
    usart.o(i.USART1_IRQHandler) refers to usart.o(.bss) for USART_RX_BUF
    usart.o(i.Usart1_Init) refers to stm32f4xx_dma.o(i.DMA_Cmd) for DMA_Cmd
    usart.o(i.Usart1_Init) refers to stm32f4xx_rcc.o(i.RCC_AHB1PeriphClockCmd) for RCC_AHB1PeriphClockCmd
    usart.o(i.Usart1_Init) refers to stm32f4xx_rcc.o(i.RCC_APB2PeriphClockCmd) for RCC_APB2PeriphClockCmd
    usart.o(i.Usart1_Init) refers to stm32f4xx_gpio.o(i.GPIO_PinAFConfig) for GPIO_PinAFConfig
    usart.o(i.Usart1_Init) refers to stm32f4xx_gpio.o(i.GPIO_Init) for GPIO_Init
    usart.o(i.Usart1_Init) refers to stm32f4xx_usart.o(i.USART_Init) for USART_Init
    usart.o(i.Usart1_Init) refers to misc.o(i.NVIC_Init) for NVIC_Init
    usart.o(i.Usart1_Init) refers to stm32f4xx_usart.o(i.USART_ITConfig) for USART_ITConfig
    usart.o(i.Usart1_Init) refers to stm32f4xx_usart.o(i.USART_DMACmd) for USART_DMACmd
    usart.o(i.Usart1_Init) refers to stm32f4xx_dma.o(i.DMA_Init) for DMA_Init
    usart.o(i.Usart1_Init) refers to stm32f4xx_dma.o(i.DMA_ClearITPendingBit) for DMA_ClearITPendingBit
    usart.o(i.Usart1_Init) refers to stm32f4xx_usart.o(i.USART_Cmd) for USART_Cmd
    usart.o(i.Usart1_Init) refers to usart.o(.bss) for Usart1_Sum
    usart.o(i.Usart3_Init) refers to stm32f4xx_rcc.o(i.RCC_AHB1PeriphClockCmd) for RCC_AHB1PeriphClockCmd
    usart.o(i.Usart3_Init) refers to stm32f4xx_rcc.o(i.RCC_APB1PeriphClockCmd) for RCC_APB1PeriphClockCmd
    usart.o(i.Usart3_Init) refers to stm32f4xx_gpio.o(i.GPIO_PinAFConfig) for GPIO_PinAFConfig
    usart.o(i.Usart3_Init) refers to stm32f4xx_gpio.o(i.GPIO_Init) for GPIO_Init
    usart.o(i.Usart3_Init) refers to stm32f4xx_usart.o(i.USART_Init) for USART_Init
    usart.o(i.Usart3_Init) refers to stm32f4xx_usart.o(i.USART_Cmd) for USART_Cmd
    usart.o(i.uart_init) refers to stm32f4xx_rcc.o(i.RCC_AHB1PeriphClockCmd) for RCC_AHB1PeriphClockCmd
    usart.o(i.uart_init) refers to stm32f4xx_rcc.o(i.RCC_APB2PeriphClockCmd) for RCC_APB2PeriphClockCmd
    usart.o(i.uart_init) refers to stm32f4xx_gpio.o(i.GPIO_PinAFConfig) for GPIO_PinAFConfig
    usart.o(i.uart_init) refers to stm32f4xx_gpio.o(i.GPIO_Init) for GPIO_Init
    usart.o(i.uart_init) refers to stm32f4xx_usart.o(i.USART_Init) for USART_Init
    usart.o(i.uart_init) refers to stm32f4xx_usart.o(i.USART_Cmd) for USART_Cmd
    led.o(i.LED2_Init) refers to stm32f4xx_rcc.o(i.RCC_AHB1PeriphClockCmd) for RCC_AHB1PeriphClockCmd
    led.o(i.LED2_Init) refers to stm32f4xx_gpio.o(i.GPIO_Init) for GPIO_Init
    led.o(i.LED2_Init) refers to stm32f4xx_gpio.o(i.GPIO_ResetBits) for GPIO_ResetBits
    led.o(i.LED_Init) refers to stm32f4xx_rcc.o(i.RCC_AHB1PeriphClockCmd) for RCC_AHB1PeriphClockCmd
    led.o(i.LED_Init) refers to stm32f4xx_gpio.o(i.GPIO_Init) for GPIO_Init
    led.o(i.LED_Init) refers to stm32f4xx_gpio.o(i.GPIO_SetBits) for GPIO_SetBits
[...]
    i.Usart5_Sent_string                     0x0800481c   Section        0  my_judge.o(i.Usart5_Sent_string)
    i.Verify_CRC16_Check_Sum                 0x08004838   Section        0  crc.o(i.Verify_CRC16_Check_Sum)
    i.Verify_CRC8_Check_Sum                  0x08004878   Section        0  crc.o(i.Verify_CRC8_Check_Sum)
    i.__ARM_fpclassify                       0x080048a6   Section        0  fpclassify.o(i.__ARM_fpclassify)
    i.__hardfp_asin                          0x080048d8   Section        0  asin.o(i.__hardfp_asin)
    i.__hardfp_atan                          0x08004c38   Section        0  atan.o(i.__hardfp_atan)
    i.__hardfp_atan2                         0x08004f10   Section        0  atan2.o(i.__hardfp_atan2)
    i.__kernel_poly                          0x08005100   Section        0  poly.o(i.__kernel_poly)
    i.__mathlib_dbl_infnan                   0x080051f8   Section        0  dunder.o(i.__mathlib_dbl_infnan)
    i.__mathlib_dbl_infnan2                  0x0800520c   Section        0  dunder.o(i.__mathlib_dbl_infnan2)
    i.__mathlib_dbl_invalid                  0x08005220   Section        0  dunder.o(i.__mathlib_dbl_invalid)
    i.__mathlib_dbl_underflow                0x08005240   Section        0  dunder.o(i.__mathlib_dbl_underflow)
    i.__scatterload_copy                     0x08005260   Section       14  handlers.o(i.__scatterload_copy)
    i.__scatterload_null                     0x0800526e   Section        2  handlers.o(i.__scatterload_null)
    i.__scatterload_zeroinit                 0x08005270   Section       14  handlers.o(i.__scatterload_zeroinit)
    i.__set_errno                            0x08005280   Section        0  errno.o(i.__set_errno)
    i._high_aim_                             0x0800528c   Section        0  my_judge.o(i._high_aim_)
    i._lowlong_aim_                          0x08005318   Section        0  my_judge.o(i._lowlong_aim_)
    i._lowshort_aim_2                        0x080053a4   Section        0  my_judge.o(i._lowshort_aim_2)
    i._lowshort_aim_3                        0x08005430   Section        0  my_judge.o(i._lowshort_aim_3)
    i._lowshortstem_aim_4                    0x080054bc   Section        0  my_judge.o(i._lowshortstem_aim_4)
    i.aim_1                                  0x08005548   Section        0  my_judge.o(i.aim_1)
    aim_1                                    0x08005549   Thumb Code   460  my_judge.o(i.aim_1)
    i.aim_lowlong                            0x08005734   Section        0  my_judge.o(i.aim_lowlong)
    aim_lowlong                              0x08005735   Thumb Code   366  my_judge.o(i.aim_lowlong)
    i.aim_lowshort_2                         0x080058bc   Section        0  my_judge.o(i.aim_lowshort_2)
    aim_lowshort_2                           0x080058bd   Thumb Code   448  my_judge.o(i.aim_lowshort_2)
    i.aim_lowshort_3                         0x08005a9c   Section        0  my_judge.o(i.aim_lowshort_3)
    aim_lowshort_3                           0x08005a9d   Thumb Code   150  my_judge.o(i.aim_lowshort_3)
    i.aim_lowshort_stem                      0x08005b40   Section        0  my_judge.o(i.aim_lowshort_stem)
    aim_lowshort_stem                        0x08005b41   Thumb Code   130  my_judge.o(i.aim_lowshort_stem)
    i.anoc_SendChar                          0x08005bd0   Section        0  link.o(i.anoc_SendChar)
    i.anti_top_fifth_figure                  0x08005bec   Section        0  my_judge.o(i.anti_top_fifth_figure)
    anti_top_fifth_figure                    0x08005bed   Thumb Code   134  my_judge.o(i.anti_top_fifth_figure)
    i.atan                                   0x08005c80   Section        0  atan.o(i.atan)
    i.auto_aim_third_figure                  0x08005c90   Section        0  my_judge.o(i.auto_aim_third_figure)
    auto_aim_third_figure                    0x08005c91   Thumb Code   122  my_judge.o(i.auto_aim_third_figure)
    i.fabs                                   0x08005d18   Section        0  fabs.o(i.fabs)
    i.get_dr16_data                          0x08005d30   Section        0  dr16.o(i.get_dr16_data)
    i.gimbal_angle_float                     0x08005ddc   Section        0  my_judge.o(i.gimbal_angle_float)
    gimbal_angle_float                       0x08005ddd   Thumb Code   134  my_judge.o(i.gimbal_angle_float)
    i.inVSqrt                                0x08005e78   Section        0  bmi.o(i.inVSqrt)
    i.lsb_to_dps                             0x08005eb4   Section        0  bmi.o(i.lsb_to_dps)
    lsb_to_dps                               0x08005eb5   Thumb Code    54  bmi.o(i.lsb_to_dps)
    i.lsb_to_mps2                            0x08005ef0   Section        0  bmi.o(i.lsb_to_mps2)
    lsb_to_mps2                              0x08005ef1   Thumb Code    54  bmi.o(i.lsb_to_mps2)
    i.main                                   0x08005f2c   Section        0  main.o(i.main)
    i.readyfire_first_figure                 0x08005f3c   Section        0  my_judge.o(i.readyfire_first_figure)
    readyfire_first_figure                   0x08005f3d   Thumb Code   248  my_judge.o(i.readyfire_first_figure)
    i.sight_bead_figrue                      0x08006040   Section        0  my_judge.o(i.sight_bead_figrue)
    sight_bead_figrue                        0x08006041   Thumb Code   124  my_judge.o(i.sight_bead_figrue)
    i.speed_analyze                          0x080060cc   Section        0  chassis.o(i.speed_analyze)
    i.spin_second_figure                     0x08006194   Section        0  my_judge.o(i.spin_second_figure)
    spin_second_figure                       0x08006195   Thumb Code   122  my_judge.o(i.spin_second_figure)
    i.sqrt                                   0x0800621c   Section        0  sqrt.o(i.sqrt)
    i.super_cap_Transmit_update              0x0800628c   Section        0  supercap.o(i.super_cap_Transmit_update)
    i.supercapacitor_figure                  0x080062bc   Section        0  my_judge.o(i.supercapacitor_figure)
    supercapacitor_figure                    0x080062bd   Thumb Code   144  my_judge.o(i.supercapacitor_figure)
    i.sys_delay_us                           0x08006358   Section        0  systick.o(i.sys_delay_us)
    i.systick_init                           0x080063b0   Section        0  systick.o(i.systick_init)
    i.systick_interrupt                      0x08006444   Section        0  systick.o(i.systick_interrupt)
    i.timestamp_init                         0x08006474   Section        0  systick.o(i.timestamp_init)
    i.timestamp_step_ms                      0x0800648c   Section        0  systick.o(i.timestamp_step_ms)
    i.twist_fourth_figure                    0x0800651c   Section        0  my_judge.o(i.twist_fourth_figure)
    twist_fourth_figure                      0x0800651d   Thumb Code   122  my_judge.o(i.twist_fourth_figure)
    .constdata                               0x080065a4   Section      770  crc.o(.constdata)
    .constdata                               0x080068a8   Section       80  asin.o(.constdata)
    pS                                       0x080068a8   Data          48  asin.o(.constdata)
    qS                                       0x080068d8   Data          32  asin.o(.constdata)
    .constdata                               0x080068f8   Section      152  atan.o(.constdata)
    atanhi                                   0x080068f8   Data          32  atan.o(.constdata)
    atanlo                                   0x08006918   Data          32  atan.o(.constdata)
    aTodd                                    0x08006938   Data          40  atan.o(.constdata)
    aTeven                                   0x08006960   Data          48  atan.o(.constdata)
    .constdata                               0x08006990   Section        8  qnan.o(.constdata)
    .data                                    0x20000000   Section        2  crc.o(.data)
    .data                                    0x20000004   Section        6  usart.o(.data)
    .data                                    0x2000000c   Section       16  can.o(.data)
    .data                                    0x2000001c   Section        4  dr16.o(.data)
    .data                                    0x20000020   Section      324  my_judge.o(.data)
    i                                        0x20000160   Data           4  my_judge.o(.data)
    .data                                    0x20000164   Section       16  supercap.o(.data)
    .data                                    0x20000174   Section       12  systick.o(.data)
    i                                        0x2000017c   Data           4  systick.o(.data)
    .data                                    0x20000180   Section      150  link.o(.data)
    mpu6050_outtime                          0x20000184   Data           4  link.o(.data)
    send_cnt                                 0x20000214   Data           2  link.o(.data)
    .data                                    0x20000218   Section       96  task.o(.data)
    n1                                       0x2000024c   Data           4  task.o(.data)
    state_cnt                                0x2000026c   Data           1  task.o(.data)
    top_state                                0x2000026d   Data           1  task.o(.data)
    n10                                      0x20000270   Data           4  task.o(.data)
    i                                        0x20000274   Data           4  task.o(.data)
    .data                                    0x20000278   Section        8  gimbal.o(.data)
    .data                                    0x20000280   Section       16  stm32f4xx_rcc.o(.data)
    APBAHBPrescTable                         0x20000280   Data          16  stm32f4xx_rcc.o(.data)
    .data                                    0x20000290   Section      116  bmi.o(.data)
    .data                                    0x20000304   Section        2  bmi2_common.o(.data)
    dev_addr                                 0x20000304   Data           1  bmi2_common.o(.data)
    .data                                    0x20000308   Section        4  errno.o(.data)
    _errno                                   0x20000308   Data           4  errno.o(.data)
    .bss                                     0x2000030c   Section      255  usart.o(.bss)
    .bss                                     0x2000040c   Section       40  can.o(.bss)
    .bss                                     0x20000434   Section      108  dr16.o(.bss)
    .bss                                     0x200004a0   Section     1748  my_judge.o(.bss)
    .bss                                     0x20000b74   Section       36  imusensor.o(.bss)
    .bss                                     0x20000b98   Section       36  systick.o(.bss)
    .bss                                     0x20000bbc   Section      180  task.o(.bss)
    .bss                                     0x20000c70   Section     4736  unknow_motor.o(.bss)
    .bss                                     0x20001ef0   Section      460  launcher.o(.bss)
    .bss                                     0x200020bc   Section     1184  chassis.o(.bss)
    .bss                                     0x2000255c   Section     1440  gimbal.o(.bss)
    .bss                                     0x20002b00   Section      120  bmi.o(.bss)
    STACK                                    0x20002b78   Section     1024  startup_stm32f40_41xxx.o(STACK)

    Global Symbols

    Symbol Name                              Value     Ov Type        Size  Object(Section)

    BuildAttributes$$THM_ISAv4$E$P$D$K$B$S$7EM$VFPi3$EXTD16$VFPS$VFMA$PE$A:L22UL41UL21$X:L11$S22US41US21$IEEE1$IW$USESV6$~STKCKD$USESV7$~SHL$OTIME$ROPI$IEEEX$EBA8$MICROLIB$REQ8$PRES8$EABIv2 0x00000000   Number         0  anon$$obj.o ABSOLUTE
    __ARM_use_no_argv                        0x00000000   Number         0  main.o ABSOLUTE
    __use_no_errno                           0x00000000   Number         0  useno.o ABSOLUTE
    __use_no_exception_handling              0x00000000   Number         0  useno.o ABSOLUTE
    __use_no_fp                              0x00000000   Number         0  useno.o ABSOLUTE
    __use_no_heap                            0x00000000   Number         0  useno.o ABSOLUTE
    __use_no_heap_region                     0x00000000   Number         0  useno.o ABSOLUTE
    __use_no_semihosting                     0x00000000   Number         0  useno.o ABSOLUTE
    __use_no_semihosting_swi                 0x00000000   Number         0  useno.o ABSOLUTE
    __use_no_signal_handling                 0x00000000   Number         0  useno.o ABSOLUTE
    _printf_a                                0x00000000   Number         0  stubs.o ABSOLUTE
    _printf_c                                0x00000000   Number         0  stubs.o ABSOLUTE
    _printf_charcount                        0x00000000   Number         0  stubs.o ABSOLUTE
    _printf_d                                0x00000000   Number         0  stubs.o ABSOLUTE
    _printf_e                                0x00000000   Number         0  stubs.o ABSOLUTE
    _printf_f                                0x00000000   Number         0  stubs.o ABSOLUTE
    _printf_flags                            0x00000000   Number         0  stubs.o ABSOLUTE
    _printf_fp_dec                           0x00000000   Number         0  stubs.o ABSOLUTE
    _printf_fp_hex                           0x00000000   Number         0  stubs.o ABSOLUTE
    _printf_g                                0x00000000   Number         0  stubs.o ABSOLUTE
    _printf_i                                0x00000000   Number         0  stubs.o ABSOLUTE
    _printf_int_dec                          0x00000000   Number         0  stubs.o ABSOLUTE
    _printf_l                                0x00000000   Number         0  stubs.o ABSOLUTE
    _printf_lc                               0x00000000   Number         0  stubs.o ABSOLUTE
    _printf_ll                               0x00000000   Number         0  stubs.o ABSOLUTE
    _printf_lld                              0x00000000   Number         0  stubs.o ABSOLUTE
    _printf_lli                              0x00000000   Number         0  stubs.o ABSOLUTE
    _printf_llo                              0x00000000   Number         0  stubs.o ABSOLUTE
    _printf_llu                              0x00000000   Number         0  stubs.o ABSOLUTE
    _printf_llx                              0x00000000   Number         0  stubs.o ABSOLUTE
    _printf_longlong_dec                     0x00000000   Number         0  stubs.o ABSOLUTE
    _printf_longlong_hex                     0x00000000   Number         0  stubs.o ABSOLUTE
    _printf_longlong_oct                     0x00000000   Number         0  stubs.o ABSOLUTE
    _printf_ls                               0x00000000   Number         0  stubs.o ABSOLUTE
    _printf_mbtowc                           0x00000000   Number         0  stubs.o ABSOLUTE
    _printf_n                                0x00000000   Number         0  stubs.o ABSOLUTE
    _printf_o                                0x00000000   Number         0  stubs.o ABSOLUTE
    _printf_p                                0x00000000   Number         0  stubs.o ABSOLUTE
    _printf_percent                          0x00000000   Number         0  stubs.o ABSOLUTE
    _printf_pre_padding                      0x00000000   Number         0  stubs.o ABSOLUTE
    _printf_return_value                     0x00000000   Number         0  stubs.o ABSOLUTE
    _printf_s                                0x00000000   Number         0  stubs.o ABSOLUTE
    _printf_sizespec                         0x00000000   Number         0  stubs.o ABSOLUTE
    _printf_str                              0x00000000   Number         0  stubs.o ABSOLUTE
    _printf_truncate_signed                  0x00000000   Number         0  stubs.o ABSOLUTE
    _printf_truncate_unsigned                0x00000000   Number         0  stubs.o ABSOLUTE
    _printf_u                                0x00000000   Number         0  stubs.o ABSOLUTE
    _printf_wc                               0x00000000   Number         0  stubs.o ABSOLUTE
    _printf_wctomb                           0x00000000   Number         0  stubs.o ABSOLUTE
    _printf_widthprec                        0x00000000   Number         0  stubs.o ABSOLUTE
    _printf_x                                0x00000000   Number         0  stubs.o ABSOLUTE
    __cpp_initialize__aeabi_                  - Undefined Weak Reference
    __cxa_finalize                            - Undefined Weak Reference
    _clock_init                               - Undefined Weak Reference
    _microlib_exit                            - Undefined Weak Reference
    __Vectors_Size                           0x00000188   Number         0  startup_stm32f40_41xxx.o ABSOLUTE
    __Vectors                                0x08000000   Data           4  startup_stm32f40_41xxx.o(RESET)
    __Vectors_End                            0x08000188   Data           0  startup_stm32f40_41xxx.o(RESET)
    __main                                   0x08000189   Thumb Code     0  entry.o(.ARM.Collect$$$$00000000)
    _main_stk                                0x08000189   Thumb Code     0  entry2.o(.ARM.Collect$$$$00000001)
    _main_scatterload                        0x0800018d   Thumb Code     0  entry5.o(.ARM.Collect$$$$00000004)
    __main_after_scatterload                 0x08000191   Thumb Code     0  entry5.o(.ARM.Collect$$$$00000004)
    _main_clock                              0x08000191   Thumb Code     0  entry7b.o(.ARM.Collect$$$$00000008)
    _main_cpp_init                           0x08000191   Thumb Code     0  entry8b.o(.ARM.Collect$$$$0000000A)
    _main_init                               0x08000191   Thumb Code     0  entry9a.o(.ARM.Collect$$$$0000000B)
    __rt_final_cpp                           0x08000199   Thumb Code     0  entry10a.o(.ARM.Collect$$$$0000000D)
    __rt_final_exit                          0x08000199   Thumb Code     0  entry11a.o(.ARM.Collect$$$$0000000F)
    Reset_Handler                            0x0800019d   Thumb Code     8  startup_stm32f40_41xxx.o(.text)
    ADC_IRQHandler                           0x080001b7   Thumb Code     0  startup_stm32f40_41xxx.o(.text)
    CAN1_RX1_IRQHandler                      0x080001b7   Thumb Code     0  startup_stm32f40_41xxx.o(.text)
    CAN1_SCE_IRQHandler                      0x080001b7   Thumb Code     0  startup_stm32f40_41xxx.o(.text)
    CAN1_TX_IRQHandler                       0x080001b7   Thumb Code     0  startup_stm32f40_41xxx.o(.text)
    CAN2_RX1_IRQHandler                      0x080001b7   Thumb Code     0  startup_stm32f40_41xxx.o(.text)
    CAN2_SCE_IRQHandler                      0x080001b7   Thumb Code     0  startup_stm32f40_41xxx.o(.text)
    CAN2_TX_IRQHandler                       0x080001b7   Thumb Code     0  startup_stm32f40_41xxx.o(.text)
    CRYP_IRQHandler                          0x080001b7   Thumb Code     0  startup_stm32f40_41xxx.o(.text)
    DCMI_IRQHandler                          0x080001b7   Thumb Code     0  startup_stm32f40_41xxx.o(.text)
    DMA1_Stream1_IRQHandler                  0x080001b7   Thumb Code     0  startup_stm32f40_41xxx.o(.text)
    DMA1_Stream2_IRQHandler                  0x080001b7   Thumb Code     0  startup_stm32f40_41xxx.o(.text)
    DMA1_Stream3_IRQHandler                  0x080001b7   Thumb Code     0  startup_stm32f40_41xxx.o(.text)
    DMA1_Stream4_IRQHandler                  0x080001b7   Thumb Code     0  startup_stm32f40_41xxx.o(.text)
    DMA1_Stream6_IRQHandler                  0x080001b7   Thumb Code     0  startup_stm32f40_41xxx.o(.text)
    DMA1_Stream7_IRQHandler                  0x080001b7   Thumb Code     0  startup_stm32f40_41xxx.o(.text)
    DMA2_Stream0_IRQHandler                  0x080001b7   Thumb Code     0  startup_stm32f40_41xxx.o(.text)
    DMA2_Stream1_IRQHandler                  0x080001b7   Thumb Code     0  startup_stm32f40_41xxx.o(.text)
    DMA2_Stream2_IRQHandler                  0x080001b7   Thumb Code     0  startup_stm32f40_41xxx.o(.text)
    DMA2_Stream3_IRQHandler                  0x080001b7   Thumb Code     0  startup_stm32f40_41xxx.o(.text)
    DMA2_Stream4_IRQHandler                  0x080001b7   Thumb Code     0  startup_stm32f40_41xxx.o(.text)
    DMA2_Stream5_IRQHandler                  0x080001b7   Thumb Code     0  startup_stm32f40_41xxx.o(.text)
    DMA2_Stream6_IRQHandler                  0x080001b7   Thumb Code     0  startup_stm32f40_41xxx.o(.text)
    DMA2_Stream7_IRQHandler                  0x080001b7   Thumb Code     0  startup_stm32f40_41xxx.o(.text)
    ETH_IRQHandler                           0x080001b7   Thumb Code     0  startup_stm32f40_41xxx.o(.text)
    ETH_WKUP_IRQHandler                      0x080001b7   Thumb Code     0  startup_stm32f40_41xxx.o(.text)
    EXTI0_IRQHandler                         0x080001b7   Thumb Code     0  startup_stm32f40_41xxx.o(.text)
    EXTI15_10_IRQHandler                     0x080001b7   Thumb Code     0  startup_stm32f40_41xxx.o(.text)
    EXTI1_IRQHandler                         0x080001b7   Thumb Code     0  startup_stm32f40_41xxx.o(.text)
    EXTI2_IRQHandler                         0x080001b7   Thumb Code     0  startup_stm32f40_41xxx.o(.text)
    EXTI3_IRQHandler                         0x080001b7   Thumb Code     0  startup_stm32f40_41xxx.o(.text)
    EXTI4_IRQHandler                         0x080001b7   Thumb Code     0  startup_stm32f40_41xxx.o(.text)
    EXTI9_5_IRQHandler                       0x080001b7   Thumb Code     0  startup_stm32f40_41xxx.o(.text)
    FLASH_IRQHandler                         0x080001b7   Thumb Code     0  startup_stm32f40_41xxx.o(.text)
    FPU_IRQHandler                           0x080001b7   Thumb Code     0  startup_stm32f40_41xxx.o(.text)
    FSMC_IRQHandler                          0x080001b7   Thumb Code     0  startup_stm32f40_41xxx.o(.text)
    HASH_RNG_IRQHandler                      0x080001b7   Thumb Code     0  startup_stm32f40_41xxx.o(.text)
    I2C1_ER_IRQHandler                       0x080001b7   Thumb Code     0  startup_stm32f40_41xxx.o(.text)
    I2C1_EV_IRQHandler                       0x080001b7   Thumb Code     0  startup_stm32f40_41xxx.o(.text)
    I2C2_ER_IRQHandler                       0x080001b7   Thumb Code     0  startup_stm32f40_41xxx.o(.text)
    I2C2_EV_IRQHandler                       0x080001b7   Thumb Code     0  startup_stm32f40_41xxx.o(.text)
    I2C3_ER_IRQHandler                       0x080001b7   Thumb Code     0  startup_stm32f40_41xxx.o(.text)
    I2C3_EV_IRQHandler                       0x080001b7   Thumb Code     0  startup_stm32f40_41xxx.o(.text)
    OTG_FS_IRQHandler                        0x080001b7   Thumb Code     0  startup_stm32f40_41xxx.o(.text)
    OTG_FS_WKUP_IRQHandler                   0x080001b7   Thumb Code     0  startup_stm32f40_41xxx.o(.text)
    OTG_HS_EP1_IN_IRQHandler                 0x080001b7   Thumb Code     0  startup_stm32f40_41xxx.o(.text)
    OTG_HS_EP1_OUT_IRQHandler                0x080001b7   Thumb Code     0  startup_stm32f40_41xxx.o(.text)
    OTG_HS_IRQHandler                        0x080001b7   Thumb Code     0  startup_stm32f40_41xxx.o(.text)
    OTG_HS_WKUP_IRQHandler                   0x080001b7   Thumb Code     0  startup_stm32f40_41xxx.o(.text)
    PVD_IRQHandler                           0x080001b7   Thumb Code     0  startup_stm32f40_41xxx.o(.text)
    RCC_IRQHandler                           0x080001b7   Thumb Code     0  startup_stm32f40_41xxx.o(.text)
    RTC_Alarm_IRQHandler                     0x080001b7   Thumb Code     0  startup_stm32f40_41xxx.o(.text)
    RTC_WKUP_IRQHandler                      0x080001b7   Thumb Code     0  startup_stm32f40_41xxx.o(.text)
    SDIO_IRQHandler                          0x080001b7   Thumb Code     0  startup_stm32f40_41xxx.o(.text)
    SPI1_IRQHandler                          0x080001b7   Thumb Code     0  startup_stm32f40_41xxx.o(.text)
    SPI2_IRQHandler                          0x080001b7   Thumb Code     0  startup_stm32f40_41xxx.o(.text)
    SPI3_IRQHandler                          0x080001b7   Thumb Code     0  startup_stm32f40_41xxx.o(.text)
    TAMP_STAMP_IRQHandler                    0x080001b7   Thumb Code     0  startup_stm32f40_41xxx.o(.text)
    TIM1_BRK_TIM9_IRQHandler                 0x080001b7   Thumb Code     0  startup_stm32f40_41xxx.o(.text)
    TIM1_CC_IRQHandler                       0x080001b7   Thumb Code     0  startup_stm32f40_41xxx.o(.text)
    TIM1_TRG_COM_TIM11_IRQHandler            0x080001b7   Thumb Code     0  startup_stm32f40_41xxx.o(.text)
    TIM1_UP_TIM10_IRQHandler                 0x080001b7   Thumb Code     0  startup_stm32f40_41xxx.o(.text)
    TIM2_IRQHandler                          0x080001b7   Thumb Code     0  startup_stm32f40_41xxx.o(.text)
    TIM4_IRQHandler                          0x080001b7   Thumb Code     0  startup_stm32f40_41xxx.o(.text)
    TIM5_IRQHandler                          0x080001b7   Thumb Code     0  startup_stm32f40_41xxx.o(.text)
    TIM6_DAC_IRQHandler                      0x080001b7   Thumb Code     0  startup_stm32f40_41xxx.o(.text)
    TIM7_IRQHandler                          0x080001b7   Thumb Code     0  startup_stm32f40_41xxx.o(.text)
    TIM8_BRK_TIM12_IRQHandler                0x080001b7   Thumb Code     0  startup_stm32f40_41xxx.o(.text)
    TIM8_CC_IRQHandler                       0x080001b7   Thumb Code     0  startup_stm32f40_41xxx.o(.text)
    TIM8_TRG_COM_TIM14_IRQHandler            0x080001b7   Thumb Code     0  startup_stm32f40_41xxx.o(.text)
    TIM8_UP_TIM13_IRQHandler                 0x080001b7   Thumb Code     0  startup_stm32f40_41xxx.o(.text)
    UART4_IRQHandler                         0x080001b7   Thumb Code     0  startup_stm32f40_41xxx.o(.text)
    USART2_IRQHandler                        0x080001b7   Thumb Code     0  startup_stm32f40_41xxx.o(.text)
    USART3_IRQHandler                        0x080001b7   Thumb Code     0  startup_stm32f40_41xxx.o(.text)
    USART6_IRQHandler                        0x080001b7   Thumb Code     0  startup_stm32f40_41xxx.o(.text)
    WWDG_IRQHandler                          0x080001b7   Thumb Code     0  startup_stm32f40_41xxx.o(.text)
    __aeabi_memcpy                           0x080001c1   Thumb Code    36  memcpya.o(.text)
    __aeabi_memcpy4                          0x080001c1   Thumb Code     0  memcpya.o(.text)
    __aeabi_memcpy8                          0x080001c1   Thumb Code     0  memcpya.o(.text)
    __aeabi_memset                           0x080001e5   Thumb Code    14  memseta.o(.text)
    __aeabi_memset4                          0x080001e5   Thumb Code     0  memseta.o(.text)
    __aeabi_memset8                          0x080001e5   Thumb Code     0  memseta.o(.text)
    __aeabi_memclr                           0x080001f3   Thumb Code     4  memseta.o(.text)
    __aeabi_memclr4                          0x080001f3   Thumb Code     0  memseta.o(.text)
    __aeabi_memclr8                          0x080001f3   Thumb Code     0  memseta.o(.text)
    _memset$wrapper                          0x080001f7   Thumb Code    18  memseta.o(.text)
    strlen                                   0x08000209   Thumb Code    14  strlen.o(.text)
    __aeabi_dmul                             0x08000217   Thumb Code   228  dmul.o(.text)
    __aeabi_f2d                              0x080002fb   Thumb Code    38  f2d.o(.text)
    __aeabi_d2f                              0x08000321   Thumb Code    56  d2f.o(.text)
    __I$use$fp                               0x08000359   Thumb Code     0  iusefp.o(.text)
    _float_round                             0x08000359   Thumb Code    18  fepilogue.o(.text)
    _float_epilogue                          0x0800036b   Thumb Code    92  fepilogue.o(.text)
    _double_round                            0x080003c7   Thumb Code    30  depilogue.o(.text)
    _double_epilogue                         0x080003e5   Thumb Code   156  depilogue.o(.text)
    __aeabi_dadd                             0x08000481   Thumb Code   322  dadd.o(.text)
    __aeabi_dsub                             0x080005c3   Thumb Code     6  dadd.o(.text)
    __aeabi_drsub                            0x080005c9   Thumb Code     6  dadd.o(.text)
    __aeabi_ddiv                             0x080005cf   Thumb Code   222  ddiv.o(.text)
    __scatterload                            0x080006ad   Thumb Code    28  init.o(.text)
    __scatterload_rt2                        0x080006ad   Thumb Code     0  init.o(.text)
    __aeabi_llsl                             0x080006d1   Thumb Code    30  llshl.o(.text)
    _ll_shift_l                              0x080006d1   Thumb Code     0  llshl.o(.text)
    __aeabi_llsr                             0x080006ef   Thumb Code    32  llushr.o(.text)
    _ll_ushift_r                             0x080006ef   Thumb Code     0  llushr.o(.text)
    __aeabi_lasr                             0x0800070f   Thumb Code    36  llsshr.o(.text)
    _ll_sshift_r                             0x0800070f   Thumb Code     0  llsshr.o(.text)
    _dsqrt                                   0x08000733   Thumb Code   162  dsqrt.o(.text)
    __decompress                             0x080007d5   Thumb Code     0  __dczerorl2.o(.text)
    __decompress1                            0x080007d5   Thumb Code    86  __dczerorl2.o(.text)
    ALL_Judge_Config                         0x0800082d   Thumb Code    20  link.o(i.ALL_Judge_Config)
    Append_CRC16_Check_Sum                   0x08000849   Thumb Code    44  crc.o(i.Append_CRC16_Check_Sum)
    Append_CRC8_Check_Sum                    0x08000879   Thumb Code    36  crc.o(i.Append_CRC8_Check_Sum)
    BMI_GET_DATA                             0x0800089d   Thumb Code   182  bmi.o(i.BMI_GET_DATA)
    BMI_Get_data                             0x08000955   Thumb Code  2102  bmi.o(i.BMI_Get_data)
    BusFault_Handler                         0x080011c9   Thumb Code     4  stm32f4xx_it.o(i.BusFault_Handler)
    CAN1_Mode_Init                           0x080011cd   Thumb Code   246  can.o(i.CAN1_Mode_Init)
    CAN1_RX0_IRQHandler                      0x080012cd   Thumb Code   162  can.o(i.CAN1_RX0_IRQHandler)
    CAN1_Send_Msg2                           0x08001381   Thumb Code   110  can.o(i.CAN1_Send_Msg2)
    CAN2_Mode_Init                           0x080013f5   Thumb Code   248  can.o(i.CAN2_Mode_Init)
    CAN2_RX0_IRQHandler                      0x080014f5   Thumb Code   108  can.o(i.CAN2_RX0_IRQHandler)
    CAN2_Send_Msg2                           0x08001571   Thumb Code   110  can.o(i.CAN2_Send_Msg2)
    CAN_FilterInit                           0x080015e5   Thumb Code   258  stm32f4xx_can.o(i.CAN_FilterInit)
    CAN_GetITStatus                          0x080016ed   Thumb Code   284  stm32f4xx_can.o(i.CAN_GetITStatus)
    CAN_ITConfig                             0x0800180d   Thumb Code    18  stm32f4xx_can.o(i.CAN_ITConfig)
    CAN_Init                                 0x0800181f   Thumb Code   276  stm32f4xx_can.o(i.CAN_Init)
    CAN_Receive                              0x08001933   Thumb Code   240  stm32f4xx_can.o(i.CAN_Receive)
    CAN_Transmit                             0x08001a23   Thumb Code   294  stm32f4xx_can.o(i.CAN_Transmit)
    CAN_TransmitStatus                       0x08001b49   Thumb Code   138  stm32f4xx_can.o(i.CAN_TransmitStatus)
    Char_Graphic                             0x08001be9   Thumb Code   190  my_judge.o(i.Char_Graphic)
    Client_Sent_String                       0x08001cbf   Thumb Code    16  my_judge.o(i.Client_Sent_String)
    Client_aim_update                        0x08001cd1   Thumb Code   126  my_judge.o(i.Client_aim_update)
    Client_flag_update                       0x08001d65   Thumb Code   154  my_judge.o(i.Client_flag_update)
    Client_gimbal_angle_update               0x08001e29   Thumb Code   130  my_judge.o(i.Client_gimbal_angle_update)
    Client_graphic_Info_update               0x08001ec1   Thumb Code   118  my_judge.o(i.Client_graphic_Info_update)
    Client_graphic_Init                      0x08001f45   Thumb Code   132  my_judge.o(i.Client_graphic_Init)
    Client_supercapacitor_update             0x08001fd9   Thumb Code   128  my_judge.o(i.Client_supercapacitor_update)
    Client_task                              0x0800206d   Thumb Code   352  my_judge.o(i.Client_task)
    Creat_Task                               0x080021e9   Thumb Code    74  task.o(i.Creat_Task)
    DJI_Judge_Init                           0x08002235   Thumb Code   322  my_judge.o(i.DJI_Judge_Init)
    DMA1_Stream0_IRQHandler                  0x080023a1   Thumb Code    44  my_judge.o(i.DMA1_Stream0_IRQHandler)
    DMA1_Stream5_IRQHandler                  0x080023e5   Thumb Code    72  dr16.o(i.DMA1_Stream5_IRQHandler)
    DMA_ClearFlag                            0x08002445   Thumb Code    38  stm32f4xx_dma.o(i.DMA_ClearFlag)
    DMA_ClearITPendingBit                    0x08002479   Thumb Code    38  stm32f4xx_dma.o(i.DMA_ClearITPendingBit)
    DMA_Cmd                                  0x080024ad   Thumb Code    22  stm32f4xx_dma.o(i.DMA_Cmd)
    DMA_GetCurrDataCounter                   0x080024c3   Thumb Code     8  stm32f4xx_dma.o(i.DMA_GetCurrDataCounter)
    DMA_GetCurrentMemoryTarget               0x080024cb   Thumb Code    20  stm32f4xx_dma.o(i.DMA_GetCurrentMemoryTarget)
    DMA_GetITStatus                          0x080024e1   Thumb Code    82  stm32f4xx_dma.o(i.DMA_GetITStatus)
    DMA_ITConfig                             0x08002545   Thumb Code    58  stm32f4xx_dma.o(i.DMA_ITConfig)
    DMA_Init                                 0x08002581   Thumb Code    82  stm32f4xx_dma.o(i.DMA_Init)
    DebugMon_Handler                         0x080025d9   Thumb Code     2  stm32f4xx_it.o(i.DebugMon_Handler)
    Determine_ID                             0x080025dd   Thumb Code   464  my_judge.o(i.Determine_ID)
    Figure_Graphic                           0x08002991   Thumb Code   202  my_judge.o(i.Figure_Graphic)
    Float_Graphic                            0x08002a5b   Thumb Code   162  my_judge.o(i.Float_Graphic)
    GPIO_Init                                0x08002afd   Thumb Code   144  stm32f4xx_gpio.o(i.GPIO_Init)
    GPIO_PinAFConfig                         0x08002b8d   Thumb Code    70  stm32f4xx_gpio.o(i.GPIO_PinAFConfig)
    GPIO_SetBits                             0x08002bd3   Thumb Code     4  stm32f4xx_gpio.o(i.GPIO_SetBits)
    Get_CRC16_Check_Sum                      0x08002bd9   Thumb Code    46  crc.o(i.Get_CRC16_Check_Sum)
    Get_CRC8_Check_Sum                       0x08002c0d   Thumb Code    30  crc.o(i.Get_CRC8_Check_Sum)
    Gimbal_PID_Cal                           0x08002c31   Thumb Code   252  gimbal.o(i.Gimbal_PID_Cal)
    Gimbal_Set_Output                        0x08002d41   Thumb Code    16  gimbal.o(i.Gimbal_Set_Output)
    HardFault_Handler                        0x08002d55   Thumb Code     4  stm32f4xx_it.o(i.HardFault_Handler)
    IIC_Ack                                  0x08002d59   Thumb Code    66  myiic.o(i.IIC_Ack)
    IIC_NAck                                 0x08002da9   Thumb Code    66  myiic.o(i.IIC_NAck)
    IIC_Read_Byte                            0x08002df9   Thumb Code    94  myiic.o(i.IIC_Read_Byte)
    IIC_Send_Byte                            0x08002e65   Thumb Code    90  myiic.o(i.IIC_Send_Byte)
    IIC_Start                                0x08002ecd   Thumb Code    64  myiic.o(i.IIC_Start)
    IIC_Stop                                 0x08002f19   Thumb Code    62  myiic.o(i.IIC_Stop)
    IIC_Wait_Ack                             0x08002f65   Thumb Code    82  myiic.o(i.IIC_Wait_Ack)
    IMUsensor_GetData                        0x08002fc5   Thumb Code    62  imusensor.o(i.IMUsensor_GetData)
    JUDGE_Analyze                            0x08003009   Thumb Code   694  my_judge.o(i.JUDGE_Analyze)
    Judge_Set                                0x080032d1   Thumb Code    16  offline_judge.o(i.Judge_Set)
    LED_Init                                 0x080032e1   Thumb Code    60  led.o(i.LED_Init)
    MPU_Read_all                             0x08003321   Thumb Code    98  bmi2_common.o(i.MPU_Read_all)
    MemManage_Handler                        0x08003389   Thumb Code     4  stm32f4xx_it.o(i.MemManage_Handler)
    Motor_State_Frash                        0x0800338d   Thumb Code    10  motor.o(i.Motor_State_Frash)
    Motor_analyze                            0x08003399   Thumb Code   202  motor.o(i.Motor_analyze)
    Motor_analyze2                           0x08003469   Thumb Code   146  unknow_motor.o(i.Motor_analyze2)
    Motor_set_angle                          0x08003509   Thumb Code    40  motor.o(i.Motor_set_angle)
    Motor_set_angle_turns                    0x08003531   Thumb Code    44  motor.o(i.Motor_set_angle_turns)
    Motor_set_speed                          0x0800355d   Thumb Code     4  motor.o(i.Motor_set_speed)
    NMI_Handler                              0x08003561   Thumb Code     2  stm32f4xx_it.o(i.NMI_Handler)
    NVIC_Init                                0x08003565   Thumb Code   106  misc.o(i.NVIC_Init)
    NVIC_PriorityGroupConfig                 0x080035dd   Thumb Code    10  misc.o(i.NVIC_PriorityGroupConfig)
    PID_Set                                  0x080035f1   Thumb Code    58  pid.o(i.PID_Set)
    PITCH_YAW_Analyze                        0x08003631   Thumb Code    32  my_judge.o(i.PITCH_YAW_Analyze)
    PendSV_Handler                           0x08003659   Thumb Code     2  stm32f4xx_it.o(i.PendSV_Handler)
    Pos_PID_CAL_OUT                          0x0800365d   Thumb Code   286  pid.o(i.Pos_PID_CAL_OUT)
    RCC_AHB1PeriphClockCmd                   0x08003789   Thumb Code    26  stm32f4xx_rcc.o(i.RCC_AHB1PeriphClockCmd)
    RCC_APB1PeriphClockCmd                   0x080037a9   Thumb Code    26  stm32f4xx_rcc.o(i.RCC_APB1PeriphClockCmd)
    RCC_APB2PeriphClockCmd                   0x080037c9   Thumb Code    26  stm32f4xx_rcc.o(i.RCC_APB2PeriphClockCmd)
    RCC_GetClocksFreq                        0x080037e9   Thumb Code   214  stm32f4xx_rcc.o(i.RCC_GetClocksFreq)
    RC_Init                                  0x080038d1   Thumb Code   252  dr16.o(i.RC_Init)
    RC_Reconnecting_func                     0x080039dd   Thumb Code   334  dr16.o(i.RC_Reconnecting_func)
    RP_SendToPc                              0x08003b51   Thumb Code   106  link.o(i.RP_SendToPc)
    SVC_Handler                              0x08003bbb   Thumb Code     2  stm32f4xx_it.o(i.SVC_Handler)
    SysTick_CLKSourceConfig                  0x08003ca9   Thumb Code    40  misc.o(i.SysTick_CLKSourceConfig)
    SysTick_Handler                          0x08003cd1   Thumb Code     8  stm32f4xx_it.o(i.SysTick_Handler)
    SystemInit                               0x08003cd9   Thumb Code    88  system_stm32f4xx.o(i.SystemInit)
    System_Init                              0x08003d41   Thumb Code    98  link.o(i.System_Init)
    TASK_Init                                0x08003da9   Thumb Code    50  task.o(i.TASK_Init)
    TASK_Stack_Init                          0x08003df1   Thumb Code    40  task.o(i.TASK_Stack_Init)
    TIM3_IRQHandler                          0x08003e19   Thumb Code    40  timer.o(i.TIM3_IRQHandler)
    TIM_ClearITPendingBit                    0x08003e49   Thumb Code     6  stm32f4xx_tim.o(i.TIM_ClearITPendingBit)
    TIM_GetITStatus                          0x08003e4f   Thumb Code    34  stm32f4xx_tim.o(i.TIM_GetITStatus)
    Task_Module_init                         0x080042ad   Thumb Code     8  task.o(i.Task_Module_init)
    Task_disapart                            0x080042b5   Thumb Code    56  task.o(i.Task_disapart)
    Task_roop                                0x080042f5   Thumb Code    70  task.o(i.Task_roop)
    Task_start                               0x08004341   Thumb Code     8  task.o(i.Task_start)
    UART5_IRQHandler                         0x0800434d   Thumb Code    94  my_judge.o(i.UART5_IRQHandler)
    USART1_IRQHandler                        0x080043c1   Thumb Code   122  usart.o(i.USART1_IRQHandler)
    USART_ClearFlag                          0x08004449   Thumb Code    18  stm32f4xx_usart.o(i.USART_ClearFlag)
    USART_Cmd                                0x0800445b   Thumb Code    24  stm32f4xx_usart.o(i.USART_Cmd)
    USART_DMACmd                             0x08004473   Thumb Code    18  stm32f4xx_usart.o(i.USART_DMACmd)
    USART_GetFlagStatus                      0x08004485   Thumb Code    26  stm32f4xx_usart.o(i.USART_GetFlagStatus)
    USART_GetITStatus                        0x0800449f   Thumb Code    84  stm32f4xx_usart.o(i.USART_GetITStatus)
    USART_ITConfig                           0x080044f3   Thumb Code    74  stm32f4xx_usart.o(i.USART_ITConfig)
    USART_Init                               0x0800453d   Thumb Code   204  stm32f4xx_usart.o(i.USART_Init)
    USART_ReceiveData                        0x08004611   Thumb Code    10  stm32f4xx_usart.o(i.USART_ReceiveData)
    UsageFault_Handler                       0x0800461b   Thumb Code     4  stm32f4xx_it.o(i.UsageFault_Handler)
    Usart1_Init                              0x08004621   Thumb Code   310  usart.o(i.Usart1_Init)
    Usart3_Init                              0x0800477d   Thumb Code   126  usart.o(i.Usart3_Init)
    Usart5_Sent_Byte                         0x08004805   Thumb Code    20  my_judge.o(i.Usart5_Sent_Byte)
    Usart5_Sent_string                       0x0800481d   Thumb Code    26  my_judge.o(i.Usart5_Sent_string)
    Verify_CRC16_Check_Sum                   0x08004839   Thumb Code    60  crc.o(i.Verify_CRC16_Check_Sum)
    Verify_CRC8_Check_Sum                    0x08004879   Thumb Code    46  crc.o(i.Verify_CRC8_Check_Sum)
    __ARM_fpclassify                         0x080048a7   Thumb Code    48  fpclassify.o(i.__ARM_fpclassify)
    __hardfp_asin                            0x080048d9   Thumb Code   770  asin.o(i.__hardfp_asin)
    __hardfp_atan                            0x08004c39   Thumb Code   622  atan.o(i.__hardfp_atan)
    __hardfp_atan2                           0x08004f11   Thumb Code   432  atan2.o(i.__hardfp_atan2)
    __kernel_poly                            0x08005101   Thumb Code   248  poly.o(i.__kernel_poly)
    __mathlib_dbl_infnan                     0x080051f9   Thumb Code    20  dunder.o(i.__mathlib_dbl_infnan)
    __mathlib_dbl_infnan2                    0x0800520d   Thumb Code    20  dunder.o(i.__mathlib_dbl_infnan2)
    __mathlib_dbl_invalid                    0x08005221   Thumb Code    24  dunder.o(i.__mathlib_dbl_invalid)
    __mathlib_dbl_underflow                  0x08005241   Thumb Code    24  dunder.o(i.__mathlib_dbl_underflow)
    __scatterload_copy                       0x08005261   Thumb Code    14  handlers.o(i.__scatterload_copy)
    __scatterload_null                       0x0800526f   Thumb Code     2  handlers.o(i.__scatterload_null)
    __scatterload_zeroinit                   0x08005271   Thumb Code    14  handlers.o(i.__scatterload_zeroinit)
    __set_errno                              0x08005281   Thumb Code     6  errno.o(i.__set_errno)
    _high_aim_                               0x0800528d   Thumb Code   124  my_judge.o(i._high_aim_)
    _lowlong_aim_                            0x08005319   Thumb Code   124  my_judge.o(i._lowlong_aim_)
    _lowshort_aim_2                          0x080053a5   Thumb Code   124  my_judge.o(i._lowshort_aim_2)
    _lowshort_aim_3                          0x08005431   Thumb Code   124  my_judge.o(i._lowshort_aim_3)
    _lowshortstem_aim_4                      0x080054bd   Thumb Code   124  my_judge.o(i._lowshortstem_aim_4)
    anoc_SendChar                            0x08005bd1   Thumb Code    22  link.o(i.anoc_SendChar)
    atan                                     0x08005c81   Thumb Code    16  atan.o(i.atan)
    fabs                                     0x08005d19   Thumb Code    24  fabs.o(i.fabs)
    get_dr16_data                            0x08005d31   Thumb Code   170  dr16.o(i.get_dr16_data)
    inVSqrt                                  0x08005e79   Thumb Code    56  bmi.o(i.inVSqrt)
    main                                     0x08005f2d   Thumb Code    16  main.o(i.main)
    speed_analyze                            0x080060cd   Thumb Code   184  chassis.o(i.speed_analyze)
    sqrt                                     0x0800621d   Thumb Code   110  sqrt.o(i.sqrt)
    super_cap_Transmit_update                0x0800628d   Thumb Code    34  supercap.o(i.super_cap_Transmit_update)
    sys_delay_us                             0x08006359   Thumb Code    82  systick.o(i.sys_delay_us)
    systick_init                             0x080063b1   Thumb Code   124  systick.o(i.systick_init)
    systick_interrupt                        0x08006445   Thumb Code    44  systick.o(i.systick_interrupt)
    timestamp_init                           0x08006475   Thumb Code    18  systick.o(i.timestamp_init)
    timestamp_step_ms                        0x0800648d   Thumb Code   138  systick.o(i.timestamp_step_ms)
    CRC8_INIT                                0x080065a4   Data           1  crc.o(.constdata)
    CRC8_TAB                                 0x080065a5   Data         256  crc.o(.constdata)
    wCRC_Table                               0x080066a6   Data         512  crc.o(.constdata)
    __mathlib_zero                           0x08006990   Data           8  qnan.o(.constdata)
    Region$$Table$$Base                      0x08006998   Number         0  anon$$obj.o(Region$$Table)
    Region$$Table$$Limit                     0x080069b8   Number         0  anon$$obj.o(Region$$Table)
    CRC_INIT                                 0x20000000   Data           2  crc.o(.data)
    __stdout                                 0x20000004   Data           4  usart.o(.data)
    USART_RX_STA                             0x20000008   Data           2  usart.o(.data)
    vola                                     0x2000000c   Data           4  can.o(.data)
    len                                      0x20000010   Data           1  can.o(.data)
    cnt                                      0x20000014   Data           4  can.o(.data)
    can2_cnt                                 0x20000018   Data           4  can.o(.data)
    cnt2                                     0x2000001c   Data           4  dr16.o(.data)
    Slaver_flag                              0x20000020   Data           8  my_judge.o(.data)
    global_fiction                           0x20000028   Data           1  my_judge.o(.data)
    global_clip                              0x20000029   Data           1  my_judge.o(.data)
    global_spin                              0x2000002a   Data           1  my_judge.o(.data)
    global_auto_aim                          0x2000002b   Data           1  my_judge.o(.data)
    global_twist                             0x2000002c   Data           1  my_judge.o(.data)
    global_anti_top                          0x2000002d   Data           1  my_judge.o(.data)
    global_sight_bead_x                      0x20000030   Data           4  my_judge.o(.data)
    global_sight_bead_y                      0x20000034   Data           4  my_judge.o(.data)
    global_supercapacitor_point              0x20000038   Data           4  my_judge.o(.data)
    global_supercapacitor_remain             0x2000003c   Data           4  my_judge.o(.data)
    global_gimbal_pitch                      0x20000040   Data           4  my_judge.o(.data)
    global_gimbal_yaw                        0x20000044   Data           4  my_judge.o(.data)
    global_bullet_speed                      0x20000048   Data           4  my_judge.o(.data)
    global_bullet_sum                        0x2000004c   Data           4  my_judge.o(.data)
    lenth                                    0x20000050   Data           4  my_judge.o(.data)
    data_lenth                               0x20000054   Data           4  my_judge.o(.data)
    CMD_ID                                   0x20000058   Data           4  my_judge.o(.data)
    CMD_ID2                                  0x2000005c   Data           4  my_judge.o(.data)
    first_line                               0x20000060   Data          30  my_judge.o(.data)
    second_line                              0x2000007e   Data          30  my_judge.o(.data)
    third_line                               0x2000009c   Data          30  my_judge.o(.data)
    fourth_line                              0x200000ba   Data          30  my_judge.o(.data)
    fifth_line                               0x200000d8   Data          30  my_judge.o(.data)
    sixth_line                               0x200000f6   Data          30  my_judge.o(.data)
    seventh_line                             0x20000114   Data          30  my_judge.o(.data)
    empty_line                               0x20000132   Data          30  my_judge.o(.data)
    state_first_graphic                      0x20000150   Data           1  my_judge.o(.data)
    update_figure_flag                       0x20000151   Data           1  my_judge.o(.data)
    update_aim_flag                          0x20000152   Data           1  my_judge.o(.data)
    update_supercapacitor_flag               0x20000153   Data           1  my_judge.o(.data)
    update_float_flag                        0x20000154   Data           1  my_judge.o(.data)
    update_int_flag                          0x20000155   Data           1  my_judge.o(.data)
    division_value                           0x20000158   Data           4  my_judge.o(.data)
    Client_circle                            0x2000015c   Data           1  my_judge.o(.data)
    SC_R_DATA                                0x20000164   Data           8  supercap.o(.data)
    SC_T_DATA                                0x2000016c   Data           8  supercap.o(.data)
    sys_us_cnt                               0x20000174   Data           4  systick.o(.data)
    sys_ms_cnt                               0x20000178   Data           4  systick.o(.data)
    flag                                     0x20000180   Data           1  link.o(.data)
    CAN1_0X1ff_BUF                           0x20000188   Data           8  link.o(.data)
    CAN1_0X200_BUF                           0x20000190   Data           8  link.o(.data)
    CAN1_0X2ff_BUF                           0x20000198   Data           8  link.o(.data)
    CAN2_0X1ff_BUF                           0x200001a0   Data           8  link.o(.data)
    CAN2_0X200_BUF                           0x200001a8   Data           8  link.o(.data)
    CAN2_0X2ff_BUF                           0x200001b0   Data           8  link.o(.data)
    CAN1_0X1a8_BUF                           0x200001b8   Data           8  link.o(.data)
    CAN1_0X1a9_BUF                           0x200001c0   Data           8  link.o(.data)
    CAN1_0X1aa_BUF                           0x200001c8   Data           8  link.o(.data)
    CAN1_0X1ab_BUF                           0x200001d0   Data           8  link.o(.data)
    CAN1_0X1ac_BUF                           0x200001d8   Data           8  link.o(.data)
    CAN1_0X1ad_BUF                           0x200001e0   Data           8  link.o(.data)
    CAN1_0X1ae_BUF                           0x200001e8   Data           8  link.o(.data)
    CAN1_0X1af_BUF                           0x200001f0   Data           8  link.o(.data)
    CAN2_0X501_BUF                           0x200001f8   Data           8  link.o(.data)
    max                                      0x20000200   Data           2  link.o(.data)
    switch_flag                              0x20000202   Data           1  link.o(.data)
    speed_buf                                0x20000204   Data           8  link.o(.data)
    k_temp                                   0x2000020c   Data           4  link.o(.data)
    gyro_reset_cnt                           0x20000210   Data           4  link.o(.data)
    Task_Start_Flag                          0x20000218   Data           1  task.o(.data)
    reload1                                  0x2000021c   Data           4  task.o(.data)
    reload2                                  0x20000220   Data           4  task.o(.data)
    n2                                       0x20000224   Data           4  task.o(.data)
    n20                                      0x20000228   Data           4  task.o(.data)
    gyrox                                    0x2000022c   Data           2  task.o(.data)
    gyroy                                    0x2000022e   Data           2  task.o(.data)
    gyroz                                    0x20000230   Data           2  task.o(.data)
    chip_pitch                               0x20000234   Data           4  task.o(.data)
    chip_roll                                0x20000238   Data           4  task.o(.data)
    chip_yaw                                 0x2000023c   Data           4  task.o(.data)
    relife_flag                              0x20000240   Data           1  task.o(.data)
    power                                    0x20000244   Data           4  task.o(.data)
    power_buf                                0x20000248   Data           2  task.o(.data)
    shoot_heat                               0x2000024a   Data           2  task.o(.data)
    gimbal_out                               0x20000250   Data           4  task.o(.data)
    angle_turns                              0x20000254   Data           8  task.o(.data)
    coss                                     0x2000025c   Data           4  task.o(.data)
    sins                                     0x20000260   Data           4  task.o(.data)
    ccr1temp                                 0x20000264   Data           4  task.o(.data)
    ccr2temp                                 0x20000268   Data           4  task.o(.data)
    output_temp                              0x20000278   Data           2  gimbal.o(.data)
    angle_temp                               0x2000027c   Data           4  gimbal.o(.data)
    id_bmi                                   0x20000290   Data           2  bmi.o(.data)
    id_mode                                  0x20000292   Data           2  bmi.o(.data)
    debug_bmi                                0x20000294   Data           1  bmi.o(.data)
    Kp                                       0x20000298   Data           4  bmi.o(.data)
    Ki                                       0x2000029c   Data           4  bmi.o(.data)
    norm                                     0x200002a0   Data           4  bmi.o(.data)
    vx                                       0x200002a4   Data           4  bmi.o(.data)
    vy                                       0x200002a8   Data           4  bmi.o(.data)
    vz                                       0x200002ac   Data           4  bmi.o(.data)
    ex                                       0x200002b0   Data           4  bmi.o(.data)
    ey                                       0x200002b4   Data           4  bmi.o(.data)
    ez                                       0x200002b8   Data           4  bmi.o(.data)
    gx                                       0x200002bc   Data           4  bmi.o(.data)
    gy                                       0x200002c0   Data           4  bmi.o(.data)
    gz                                       0x200002c4   Data           4  bmi.o(.data)
    ax                                       0x200002c8   Data           4  bmi.o(.data)
    ay                                       0x200002cc   Data           4  bmi.o(.data)
    az                                       0x200002d0   Data           4  bmi.o(.data)
    q0                                       0x200002d4   Data           4  bmi.o(.data)
    q1                                       0x200002d8   Data           4  bmi.o(.data)
    q2                                       0x200002dc   Data           4  bmi.o(.data)
    q3                                       0x200002e0   Data           4  bmi.o(.data)
    halfT                                    0x200002e4   Data           4  bmi.o(.data)
    exInt                                    0x200002e8   Data           4  bmi.o(.data)
    eyInt                                    0x200002ec   Data           4  bmi.o(.data)
    ezInt                                    0x200002f0   Data           4  bmi.o(.data)
    q0temp                                   0x200002f4   Data           4  bmi.o(.data)
    q1temp                                   0x200002f8   Data           4  bmi.o(.data)
    q2temp                                   0x200002fc   Data           4  bmi.o(.data)
    q3temp                                   0x20000300   Data           4  bmi.o(.data)
    BMI_ADDR                                 0x20000305   Data           1  bmi2_common.o(.data)
    USART_RX_BUF                             0x2000030c   Data         200  usart.o(.bss)
    Usart1_Sum                               0x200003d4   Data          55  usart.o(.bss)
    RxMessage1                               0x2000040c   Data          20  can.o(.bss)
    RxMessage2                               0x20000420   Data          20  can.o(.bss)
    DR16_Data_struct                         0x20000434   Data          22  dr16.o(.bss)
    DJI_RC1                                  0x2000044c   Data          48  dr16.o(.bss)
    DR16_DataBuf                             0x2000047c   Data          36  dr16.o(.bss)
    Judge_Hero                               0x200004a0   Data         196  my_judge.o(.bss)
    JUDGE_NUM                                0x20000564   Data         200  my_judge.o(.bss)
    CliendTxBuffer                           0x2000062c   Data         200  my_judge.o(.bss)
    Analyze_buffer                           0x200006f4   Data         200  my_judge.o(.bss)
    TeammateTxBuffer                         0x200007bc   Data         200  my_judge.o(.bss)
    tx_client_char                           0x20000884   Data          60  my_judge.o(.bss)
    tx_client_graphic_figure                 0x200008c0   Data          90  my_judge.o(.bss)
    tx_client_delete                         0x2000091a   Data          17  my_judge.o(.bss)
    tx_aim_figure                            0x2000092b   Data          45  my_judge.o(.bss)
    tx_supercapacitor_figure                 0x20000958   Data          30  my_judge.o(.bss)
    tx_gimbal_angle                          0x20000976   Data          45  my_judge.o(.bss)
    tx_bullet_int                            0x200009a3   Data          45  my_judge.o(.bss)
    high_aim_figure                          0x200009d0   Data         120  my_judge.o(.bss)
    low_aim_shortfigure_1                    0x20000a48   Data         120  my_judge.o(.bss)
    low_aim_shortfigure_2                    0x20000ac0   Data          45  my_judge.o(.bss)
    low_aim_shortfigure_3                    0x20000aed   Data          45  my_judge.o(.bss)
    low_aim_longfigure                       0x20000b1a   Data          90  my_judge.o(.bss)
    imu_chassis                              0x20000b74   Data          36  imusensor.o(.bss)
    SysTimeStamp                             0x20000b98   Data          20  systick.o(.bss)
    RCC_Clocks                               0x20000bac   Data          16  systick.o(.bss)
    TASK_Stack_ms_level                      0x20000bbc   Data         164  task.o(.bss)
    angle                                    0x20000c60   Data          16  task.o(.bss)
    UNKONW                                   0x20000c70   Data        2368  unknow_motor.o(.bss)
    UNKONW2                                  0x200015b0   Data        2368  unknow_motor.o(.bss)
    Hero_Launcher                            0x20001ef0   Data         460  launcher.o(.bss)
    chassis                                  0x200020bc   Data         592  chassis.o(.bss)
    motor_temp1                              0x2000230c   Data         148  chassis.o(.bss)
    motor_temp2                              0x200023a0   Data         148  chassis.o(.bss)
    motor_temp3                              0x20002434   Data         148  chassis.o(.bss)
    motor_temp4                              0x200024c8   Data         148  chassis.o(.bss)
    Gimbal                                   0x2000255c   Data         572  gimbal.o(.bss)
    infantry_Gimbal                          0x20002798   Data         572  gimbal.o(.bss)
    Pitch_temp                               0x200029d4   Data         148  gimbal.o(.bss)
    yaw_temp                                 0x20002a68   Data         148  gimbal.o(.bss)
    bmi2_dev                                 0x20002b00   Data         104  bmi.o(.bss)
    sensor_data                              0x20002b68   Data          16  bmi.o(.bss)
    __initial_sp                             0x20002f78   Data           0  startup_stm32f40_41xxx.o(STACK)



==============================================================================

Memory Map of the image

  Image Entry point : 0x08000189

  Load Region LR_IROM1 (Base: 0x08000000, Size: 0x00006cc4, Max: 0x00080000, ABSOLUTE, COMPRESSED[0x00006a50])

    Execution Region ER_IROM1 (Exec base: 0x08000000, Load base: 0x08000000, Size: 0x000069b8, Max: 0x00080000, ABSOLUTE)

    Exec Addr    Load Addr    Size         Type   Attr      Idx    E Section Name        Object

    0x08000000   0x08000000   0x00000188   Data   RO         1774    RESET               startup_stm32f40_41xxx.o
    0x08000188   0x08000188   0x00000000   Code   RO         8361  * .ARM.Collect$$$$00000000  mc_w.l(entry.o)
    0x08000188   0x08000188   0x00000004   Code   RO         8720    .ARM.Collect$$$$00000001  mc_w.l(entry2.o)
    0x0800018c   0x0800018c   0x00000004   Code   RO         8723    .ARM.Collect$$$$00000004  mc_w.l(entry5.o)
    0x08000190   0x08000190   0x00000000   Code   RO         8725    .ARM.Collect$$$$00000008  mc_w.l(entry7b.o)
    0x08000190   0x08000190   0x00000000   Code   RO         8727    .ARM.Collect$$$$0000000A  mc_w.l(entry8b.o)
    0x08000190   0x08000190   0x00000008   Code   RO         8728    .ARM.Collect$$$$0000000B  mc_w.l(entry9a.o)
    0x08000198   0x08000198   0x00000000   Code   RO         8730    .ARM.Collect$$$$0000000D  mc_w.l(entry10a.o)
    0x08000198   0x08000198   0x00000000   Code   RO         8732    .ARM.Collect$$$$0000000F  mc_w.l(entry11a.o)
    0x08000198   0x08000198   0x00000004   Code   RO         8721    .ARM.Collect$$$$00002712  mc_w.l(entry2.o)
    0x0800019c   0x0800019c   0x00000024   Code   RO         1775    .text               startup_stm32f40_41xxx.o
    0x080001c0   0x080001c0   0x00000024   Code   RO         8364    .text               mc_w.l(memcpya.o)
    0x080001e4   0x080001e4   0x00000024   Code   RO         8366    .text               mc_w.l(memseta.o)
    0x08000208   0x08000208   0x0000000e   Code   RO         8368    .text               mc_w.l(strlen.o)
    0x08000216   0x08000216   0x000000e4   Code   RO         8661    .text               mf_w.l(dmul.o)
    0x080002fa   0x080002fa   0x00000026   Code   RO         8665    .text               mf_w.l(f2d.o)
    0x08000320   0x08000320   0x00000038   Code   RO         8667    .text               mf_w.l(d2f.o)
    0x08000358   0x08000358   0x00000000   Code   RO         8747    .text               mc_w.l(iusefp.o)
    0x08000358   0x08000358   0x0000006e   Code   RO         8748    .text               mf_w.l(fepilogue.o)
    0x080003c6   0x080003c6   0x000000ba   Code   RO         8750    .text               mf_w.l(depilogue.o)
    0x08000480   0x08000480   0x0000014e   Code   RO         8752    .text               mf_w.l(dadd.o)
    0x080005ce   0x080005ce   0x000000de   Code   RO         8754    .text               mf_w.l(ddiv.o)
    0x080006ac   0x080006ac   0x00000024   Code   RO         8760    .text               mc_w.l(init.o)
    0x080006d0   0x080006d0   0x0000001e   Code   RO         8762    .text               mc_w.l(llshl.o)
    0x080006ee   0x080006ee   0x00000020   Code   RO         8764    .text               mc_w.l(llushr.o)
    0x0800070e   0x0800070e   0x00000024   Code   RO         8766    .text               mc_w.l(llsshr.o)
    0x08000732   0x08000732   0x000000a2   Code   RO         8768    .text               mf_w.l(dsqrt.o)
    0x080007d4   0x080007d4   0x00000056   Code   RO         8780    .text               mc_w.l(__dczerorl2.o)
    0x0800082a   0x0800082a   0x00000002   PAD
    0x0800082c   0x0800082c   0x0000001c   Code   RO         1360    i.ALL_Judge_Config  link.o
    0x08000848   0x08000848   0x00000030   Code   RO          463    i.Append_CRC16_Check_Sum  crc.o
    0x08000878   0x08000878   0x00000024   Code   RO          464    i.Append_CRC8_Check_Sum  crc.o
    0x0800089c   0x0800089c   0x000000b6   Code   RO         6511    i.BMI_GET_DATA      bmi.o
    0x08000952   0x08000952   0x00000002   PAD
    0x08000954   0x08000954   0x00000874   Code   RO         6515    i.BMI_Get_data      bmi.o
    0x080011c8   0x080011c8   0x00000004   Code   RO          278    i.BusFault_Handler  stm32f4xx_it.o
    0x080011cc   0x080011cc   0x00000100   Code   RO          719    i.CAN1_Mode_Init    can.o
    0x080012cc   0x080012cc   0x000000b4   Code   RO          720    i.CAN1_RX0_IRQHandler  can.o
    0x08001380   0x08001380   0x00000074   Code   RO          721    i.CAN1_Send_Msg2    can.o
    0x080013f4   0x080013f4   0x00000100   Code   RO          722    i.CAN2_Mode_Init    can.o
    0x080014f4   0x080014f4   0x0000007c   Code   RO          723    i.CAN2_RX0_IRQHandler  can.o
    0x08001570   0x08001570   0x00000074   Code   RO          724    i.CAN2_Send_Msg2    can.o
    0x080015e4   0x080015e4   0x00000108   Code   RO         2749    i.CAN_FilterInit    stm32f4xx_can.o
    0x080016ec   0x080016ec   0x00000120   Code   RO         2751    i.CAN_GetITStatus   stm32f4xx_can.o
    0x0800180c   0x0800180c   0x00000012   Code   RO         2755    i.CAN_ITConfig      stm32f4xx_can.o
    0x0800181e   0x0800181e   0x00000114   Code   RO         2756    i.CAN_Init          stm32f4xx_can.o
    0x08001932   0x08001932   0x000000f0   Code   RO         2759    i.CAN_Receive       stm32f4xx_can.o
    0x08001a22   0x08001a22   0x00000126   Code   RO         2764    i.CAN_Transmit      stm32f4xx_can.o
    0x08001b48   0x08001b48   0x000000a0   Code   RO         2765    i.CAN_TransmitStatus  stm32f4xx_can.o
    0x08001be8   0x08001be8   0x000000c4   Code   RO          871    i.Char_Graphic      my_judge.o
    0x08001cac   0x08001cac   0x00000012   Code   RO         2767    i.CheckITStatus     stm32f4xx_can.o
    0x08001cbe   0x08001cbe   0x00000010   Code   RO          872    i.Client_Sent_String  my_judge.o
    0x08001cce   0x08001cce   0x00000002   PAD
    0x08001cd0   0x08001cd0   0x00000094   Code   RO          873    i.Client_aim_update  my_judge.o
    0x08001d64   0x08001d64   0x000000c4   Code   RO          876    i.Client_flag_update  my_judge.o
    0x08001e28   0x08001e28   0x00000098   Code   RO          877    i.Client_gimbal_angle_update  my_judge.o
    0x08001ec0   0x08001ec0   0x00000084   Code   RO          878    i.Client_graphic_Info_update  my_judge.o
    0x08001f44   0x08001f44   0x00000094   Code   RO          879    i.Client_graphic_Init  my_judge.o
    0x08001fd8   0x08001fd8   0x00000094   Code   RO          881    i.Client_supercapacitor_update  my_judge.o
    0x0800206c   0x0800206c   0x0000017c   Code   RO          882    i.Client_task       my_judge.o
    0x080021e8   0x080021e8   0x0000004a   Code   RO         1441    i.Creat_Task        task.o
    0x08002232   0x08002232   0x00000002   PAD
    0x08002234   0x08002234   0x0000016c   Code   RO          883    i.DJI_Judge_Init    my_judge.o
    0x080023a0   0x080023a0   0x00000044   Code   RO          884    i.DMA1_Stream0_IRQHandler  my_judge.o
    0x080023e4   0x080023e4   0x00000060   Code   RO          776    i.DMA1_Stream5_IRQHandler  dr16.o
    0x08002444   0x08002444   0x00000034   Code   RO         3444    i.DMA_ClearFlag     stm32f4xx_dma.o
    0x08002478   0x08002478   0x00000034   Code   RO         3445    i.DMA_ClearITPendingBit  stm32f4xx_dma.o
    0x080024ac   0x080024ac   0x00000016   Code   RO         3446    i.DMA_Cmd           stm32f4xx_dma.o
    0x080024c2   0x080024c2   0x00000008   Code   RO         3452    i.DMA_GetCurrDataCounter  stm32f4xx_dma.o
    0x080024ca   0x080024ca   0x00000014   Code   RO         3453    i.DMA_GetCurrentMemoryTarget  stm32f4xx_dma.o
    0x080024de   0x080024de   0x00000002   PAD
    0x080024e0   0x080024e0   0x00000064   Code   RO         3456    i.DMA_GetITStatus   stm32f4xx_dma.o
    0x08002544   0x08002544   0x0000003a   Code   RO         3457    i.DMA_ITConfig      stm32f4xx_dma.o
    0x0800257e   0x0800257e   0x00000002   PAD
    0x08002580   0x08002580   0x00000058   Code   RO         3458    i.DMA_Init          stm32f4xx_dma.o
    0x080025d8   0x080025d8   0x00000002   Code   RO          279    i.DebugMon_Handler  stm32f4xx_it.o
    0x080025da   0x080025da   0x00000002   PAD
    0x080025dc   0x080025dc   0x000001d4   Code   RO          885    i.Determine_ID      my_judge.o
    0x080027b0   0x080027b0   0x00000048   Code   RO          886    i.Draw_Figure_bool  my_judge.o
    0x080027f8   0x080027f8   0x00000198   Code   RO          887    i.Draw_char         my_judge.o
    0x08002990   0x08002990   0x000000ca   Code   RO          888    i.Figure_Graphic    my_judge.o
    0x08002a5a   0x08002a5a   0x000000a2   Code   RO          889    i.Float_Graphic     my_judge.o
    0x08002afc   0x08002afc   0x00000090   Code   RO         1826    i.GPIO_Init         stm32f4xx_gpio.o
    0x08002b8c   0x08002b8c   0x00000046   Code   RO         1827    i.GPIO_PinAFConfig  stm32f4xx_gpio.o
    0x08002bd2   0x08002bd2   0x00000004   Code   RO         1834    i.GPIO_SetBits      stm32f4xx_gpio.o
    0x08002bd6   0x08002bd6   0x00000002   PAD
    0x08002bd8   0x08002bd8   0x00000034   Code   RO          466    i.Get_CRC16_Check_Sum  crc.o
    0x08002c0c   0x08002c0c   0x00000024   Code   RO          467    i.Get_CRC8_Check_Sum  crc.o
    0x08002c30   0x08002c30   0x00000110   Code   RO         1696    i.Gimbal_PID_Cal    gimbal.o
    0x08002d40   0x08002d40   0x00000014   Code   RO         1697    i.Gimbal_Set_Output  gimbal.o
    0x08002d54   0x08002d54   0x00000004   Code   RO          280    i.HardFault_Handler  stm32f4xx_it.o
    0x08002d58   0x08002d58   0x00000050   Code   RO         8243    i.IIC_Ack           myiic.o
    0x08002da8   0x08002da8   0x00000050   Code   RO         8245    i.IIC_NAck          myiic.o
    0x08002df8   0x08002df8   0x0000006c   Code   RO         8246    i.IIC_Read_Byte     myiic.o
    0x08002e64   0x08002e64   0x00000068   Code   RO         8247    i.IIC_Send_Byte     myiic.o
    0x08002ecc   0x08002ecc   0x0000004c   Code   RO         8248    i.IIC_Start         myiic.o
    0x08002f18   0x08002f18   0x0000004c   Code   RO         8249    i.IIC_Stop          myiic.o
    0x08002f64   0x08002f64   0x00000060   Code   RO         8250    i.IIC_Wait_Ack      myiic.o
    0x08002fc4   0x08002fc4   0x00000044   Code   RO         1172    i.IMUsensor_GetData  imusensor.o
    0x08003008   0x08003008   0x000002c8   Code   RO          891    i.JUDGE_Analyze     my_judge.o
    0x080032d0   0x080032d0   0x00000010   Code   RO          409    i.Judge_Set         offline_judge.o
    0x080032e0   0x080032e0   0x00000040   Code   RO          614    i.LED_Init          led.o
    0x08003320   0x08003320   0x00000068   Code   RO         7937    i.MPU_Read_all      bmi2_common.o
    0x08003388   0x08003388   0x00000004   Code   RO          281    i.MemManage_Handler  stm32f4xx_it.o
    0x0800338c   0x0800338c   0x0000000a   Code   RO          642    i.Motor_State_Frash  motor.o
    0x08003396   0x08003396   0x00000002   PAD
    0x08003398   0x08003398   0x000000d0   Code   RO          644    i.Motor_analyze     motor.o
    0x08003468   0x08003468   0x000000a0   Code   RO         1527    i.Motor_analyze2    unknow_motor.o
    0x08003508   0x08003508   0x00000028   Code   RO          646    i.Motor_set_angle   motor.o
    0x08003530   0x08003530   0x0000002c   Code   RO          647    i.Motor_set_angle_turns  motor.o
    0x0800355c   0x0800355c   0x00000004   Code   RO          648    i.Motor_set_speed   motor.o
    0x08003560   0x08003560   0x00000002   Code   RO          282    i.NMI_Handler       stm32f4xx_it.o
    0x08003562   0x08003562   0x00000002   PAD
    0x08003564   0x08003564   0x00000078   Code   RO         1781    i.NVIC_Init         misc.o
    0x080035dc   0x080035dc   0x00000014   Code   RO         1782    i.NVIC_PriorityGroupConfig  misc.o
    0x080035f0   0x080035f0   0x00000040   Code   RO          359    i.PID_Set           pid.o
    0x08003630   0x08003630   0x00000028   Code   RO          892    i.PITCH_YAW_Analyze  my_judge.o
    0x08003658   0x08003658   0x00000002   Code   RO          283    i.PendSV_Handler    stm32f4xx_it.o
    0x0800365a   0x0800365a   0x00000002   PAD
    0x0800365c   0x0800365c   0x0000012c   Code   RO          362    i.Pos_PID_CAL_OUT   pid.o
    0x08003788   0x08003788   0x00000020   Code   RO         1923    i.RCC_AHB1PeriphClockCmd  stm32f4xx_rcc.o
    0x080037a8   0x080037a8   0x00000020   Code   RO         1932    i.RCC_APB1PeriphClockCmd  stm32f4xx_rcc.o
    0x080037c8   0x080037c8   0x00000020   Code   RO         1935    i.RCC_APB2PeriphClockCmd  stm32f4xx_rcc.o
    0x080037e8   0x080037e8   0x000000e8   Code   RO         1944    i.RCC_GetClocksFreq  stm32f4xx_rcc.o
    0x080038d0   0x080038d0   0x0000010c   Code   RO          778    i.RC_Init           dr16.o
    0x080039dc   0x080039dc   0x00000174   Code   RO          779    i.RC_Reconnecting_func  dr16.o
    0x08003b50   0x08003b50   0x0000006a   Code   RO         1367    i.RP_SendToPc       link.o
    0x08003bba   0x08003bba   0x00000002   Code   RO          284    i.SVC_Handler       stm32f4xx_it.o
    0x08003bbc   0x08003bbc   0x000000ec   Code   RO          219    i.SetSysClock       system_stm32f4xx.o
    0x08003ca8   0x08003ca8   0x00000028   Code   RO         1785    i.SysTick_CLKSourceConfig  misc.o
    0x08003cd0   0x08003cd0   0x00000008   Code   RO          285    i.SysTick_Handler   stm32f4xx_it.o
    0x08003cd8   0x08003cd8   0x00000068   Code   RO          221    i.SystemInit        system_stm32f4xx.o
    0x08003d40   0x08003d40   0x00000068   Code   RO         1368    i.System_Init       link.o
    0x08003da8   0x08003da8   0x00000048   Code   RO         1442    i.TASK_Init         task.o
    0x08003df0   0x08003df0   0x00000028   Code   RO         1443    i.TASK_Stack_Init   task.o
    0x08003e18   0x08003e18   0x00000030   Code   RO          833    i.TIM3_IRQHandler   timer.o
    0x08003e48   0x08003e48   0x00000006   Code   RO         5898    i.TIM_ClearITPendingBit  stm32f4xx_tim.o
    0x08003e4e   0x08003e4e   0x00000022   Code   RO         5924    i.TIM_GetITStatus   stm32f4xx_tim.o
    0x08003e70   0x08003e70   0x00000090   Code   RO         1444    i.Task_10MS         task.o
    0x08003f00   0x08003f00   0x000002e0   Code   RO         1445    i.Task_1MS          task.o
    0x080041e0   0x080041e0   0x00000090   Code   RO         1446    i.Task_20MS         task.o
    0x08004270   0x08004270   0x0000003c   Code   RO         1447    i.Task_2MS          task.o
    0x080042ac   0x080042ac   0x00000008   Code   RO         1448    i.Task_Module_init  task.o
    0x080042b4   0x080042b4   0x00000040   Code   RO         1449    i.Task_disapart     task.o
    0x080042f4   0x080042f4   0x0000004c   Code   RO         1450    i.Task_roop         task.o
    0x08004340   0x08004340   0x0000000c   Code   RO         1451    i.Task_start        task.o
    0x0800434c   0x0800434c   0x00000074   Code   RO          893    i.UART5_IRQHandler  my_judge.o
    0x080043c0   0x080043c0   0x00000088   Code   RO          552    i.USART1_IRQHandler  usart.o
    0x08004448   0x08004448   0x00000012   Code   RO         2313    i.USART_ClearFlag   stm32f4xx_usart.o
    0x0800445a   0x0800445a   0x00000018   Code   RO         2317    i.USART_Cmd         stm32f4xx_usart.o
    0x08004472   0x08004472   0x00000012   Code   RO         2318    i.USART_DMACmd      stm32f4xx_usart.o
    0x08004484   0x08004484   0x0000001a   Code   RO         2320    i.USART_GetFlagStatus  stm32f4xx_usart.o
    0x0800449e   0x0800449e   0x00000054   Code   RO         2321    i.USART_GetITStatus  stm32f4xx_usart.o
    0x080044f2   0x080044f2   0x0000004a   Code   RO         2323    i.USART_ITConfig    stm32f4xx_usart.o
    0x0800453c   0x0800453c   0x000000d4   Code   RO         2324    i.USART_Init        stm32f4xx_usart.o
    0x08004610   0x08004610   0x0000000a   Code   RO         2331    i.USART_ReceiveData  stm32f4xx_usart.o
    0x0800461a   0x0800461a   0x00000004   Code   RO          286    i.UsageFault_Handler  stm32f4xx_it.o
    0x0800461e   0x0800461e   0x00000002   PAD
    0x08004620   0x08004620   0x0000015c   Code   RO          553    i.Usart1_Init       usart.o
    0x0800477c   0x0800477c   0x00000088   Code   RO          554    i.Usart3_Init       usart.o
    0x08004804   0x08004804   0x00000018   Code   RO          894    i.Usart5_Sent_Byte  my_judge.o
    0x0800481c   0x0800481c   0x0000001a   Code   RO          895    i.Usart5_Sent_string  my_judge.o
    0x08004836   0x08004836   0x00000002   PAD
    0x08004838   0x08004838   0x00000040   Code   RO          468    i.Verify_CRC16_Check_Sum  crc.o
    0x08004878   0x08004878   0x0000002e   Code   RO          469    i.Verify_CRC8_Check_Sum  crc.o
    0x080048a6   0x080048a6   0x00000030   Code   RO         8703    i.__ARM_fpclassify  m_wm.l(fpclassify.o)
    0x080048d6   0x080048d6   0x00000002   PAD
    0x080048d8   0x080048d8   0x00000360   Code   RO         8335    i.__hardfp_asin     m_wm.l(asin.o)
    0x08004c38   0x08004c38   0x000002d8   Code   RO         8669    i.__hardfp_atan     m_wm.l(atan.o)
    0x08004f10   0x08004f10   0x000001f0   Code   RO         8349    i.__hardfp_atan2    m_wm.l(atan2.o)
    0x08005100   0x08005100   0x000000f8   Code   RO         8705    i.__kernel_poly     m_wm.l(poly.o)
    0x080051f8   0x080051f8   0x00000014   Code   RO         8684    i.__mathlib_dbl_infnan  m_wm.l(dunder.o)
    0x0800520c   0x0800520c   0x00000014   Code   RO         8685    i.__mathlib_dbl_infnan2  m_wm.l(dunder.o)
    0x08005220   0x08005220   0x00000020   Code   RO         8686    i.__mathlib_dbl_invalid  m_wm.l(dunder.o)
    0x08005240   0x08005240   0x00000020   Code   RO         8689    i.__mathlib_dbl_underflow  m_wm.l(dunder.o)
    0x08005260   0x08005260   0x0000000e   Code   RO         8774    i.__scatterload_copy  mc_w.l(handlers.o)
    0x0800526e   0x0800526e   0x00000002   Code   RO         8775    i.__scatterload_null  mc_w.l(handlers.o)
    0x08005270   0x08005270   0x0000000e   Code   RO         8776    i.__scatterload_zeroinit  mc_w.l(handlers.o)
    0x0800527e   0x0800527e   0x00000002   PAD
    0x08005280   0x08005280   0x0000000c   Code   RO         8742    i.__set_errno       mc_w.l(errno.o)
    0x0800528c   0x0800528c   0x0000008c   Code   RO          896    i._high_aim_        my_judge.o
    0x08005318   0x08005318   0x0000008c   Code   RO          897    i._lowlong_aim_     my_judge.o
    0x080053a4   0x080053a4   0x0000008c   Code   RO          898    i._lowshort_aim_2   my_judge.o
    0x08005430   0x08005430   0x0000008c   Code   RO          899    i._lowshort_aim_3   my_judge.o
    0x080054bc   0x080054bc   0x0000008c   Code   RO          900    i._lowshortstem_aim_4  my_judge.o
    0x08005548   0x08005548   0x000001ec   Code   RO          901    i.aim_1             my_judge.o
    0x08005734   0x08005734   0x00000188   Code   RO          902    i.aim_lowlong       my_judge.o
    0x080058bc   0x080058bc   0x000001e0   Code   RO          903    i.aim_lowshort_2    my_judge.o
    0x08005a9c   0x08005a9c   0x000000a4   Code   RO          904    i.aim_lowshort_3    my_judge.o
    0x08005b40   0x08005b40   0x00000090   Code   RO          905    i.aim_lowshort_stem  my_judge.o
    0x08005bd0   0x08005bd0   0x0000001c   Code   RO         1369    i.anoc_SendChar     link.o
    0x08005bec   0x08005bec   0x00000094   Code   RO          906    i.anti_top_fifth_figure  my_judge.o
    0x08005c80   0x08005c80   0x00000010   Code   RO         8671    i.atan              m_wm.l(atan.o)
    0x08005c90   0x08005c90   0x00000088   Code   RO          907    i.auto_aim_third_figure  my_judge.o
    0x08005d18   0x08005d18   0x00000018   Code   RO         8699    i.fabs              m_wm.l(fabs.o)
    0x08005d30   0x08005d30   0x000000aa   Code   RO          781    i.get_dr16_data     dr16.o
    0x08005dda   0x08005dda   0x00000002   PAD
    0x08005ddc   0x08005ddc   0x0000009c   Code   RO          909    i.gimbal_angle_float  my_judge.o
    0x08005e78   0x08005e78   0x0000003c   Code   RO         6521    i.inVSqrt           bmi.o
    0x08005eb4   0x08005eb4   0x0000003c   Code   RO         6522    i.lsb_to_dps        bmi.o
    0x08005ef0   0x08005ef0   0x0000003c   Code   RO         6523    i.lsb_to_mps2       bmi.o
    0x08005f2c   0x08005f2c   0x00000010   Code   RO            3    i.main              main.o
    0x08005f3c   0x08005f3c   0x00000104   Code   RO          910    i.readyfire_first_figure  my_judge.o
    0x08006040   0x08006040   0x0000008c   Code   RO          911    i.sight_bead_figrue  my_judge.o
    0x080060cc   0x080060cc   0x000000c8   Code   RO         1629    i.speed_analyze     chassis.o
    0x08006194   0x08006194   0x00000088   Code   RO          912    i.spin_second_figure  my_judge.o
    0x0800621c   0x0800621c   0x0000006e   Code   RO         8710    i.sqrt              m_wm.l(sqrt.o)
    0x0800628a   0x0800628a   0x00000002   PAD
    0x0800628c   0x0800628c   0x00000030   Code   RO         1140    i.super_cap_Transmit_update  supercap.o
    0x080062bc   0x080062bc   0x0000009c   Code   RO          913    i.supercapacitor_figure  my_judge.o
    0x08006358   0x08006358   0x00000058   Code   RO         1288    i.sys_delay_us      systick.o
    0x080063b0   0x080063b0   0x00000094   Code   RO         1289    i.systick_init      systick.o
    0x08006444   0x08006444   0x00000030   Code   RO         1290    i.systick_interrupt  systick.o
    0x08006474   0x08006474   0x00000018   Code   RO         1292    i.timestamp_init    systick.o
    0x0800648c   0x0800648c   0x00000090   Code   RO         1294    i.timestamp_step_ms  systick.o
    0x0800651c   0x0800651c   0x00000088   Code   RO          914    i.twist_fourth_figure  my_judge.o
    0x080065a4   0x080065a4   0x00000302   Data   RO          470    .constdata          crc.o
    0x080068a6   0x080068a6   0x00000002   PAD
    0x080068a8   0x080068a8   0x00000050   Data   RO         8338    .constdata          m_wm.l(asin.o)
    0x080068f8   0x080068f8   0x00000098   Data   RO         8672    .constdata          m_wm.l(atan.o)
    0x08006990   0x08006990   0x00000008   Data   RO         8707    .constdata          m_wm.l(qnan.o)
    0x08006998   0x08006998   0x00000020   Data   RO         8772    Region$$Table       anon$$obj.o


    Execution Region RW_IRAM1 (Exec base: 0x20000000, Load base: 0x080069b8, Size: 0x00002f78, Max: 0x00020000, ABSOLUTE, COMPRESSED[0x00000098])

    Exec Addr    Load Addr    Size         Type   Attr      Idx    E Section Name        Object

    0x20000000   COMPRESSED   0x00000002   Data   RW          471    .data               crc.o
    0x20000002   COMPRESSED   0x00000002   PAD
    0x20000004   COMPRESSED   0x00000006   Data   RW          559    .data               usart.o
    0x2000000a   COMPRESSED   0x00000002   PAD
    0x2000000c   COMPRESSED   0x00000010   Data   RW          726    .data               can.o
    0x2000001c   COMPRESSED   0x00000004   Data   RW          783    .data               dr16.o
    0x20000020   COMPRESSED   0x00000144   Data   RW          916    .data               my_judge.o
    0x20000164   COMPRESSED   0x00000010   Data   RW         1142    .data               supercap.o
    0x20000174   COMPRESSED   0x0000000c   Data   RW         1296    .data               systick.o
    0x20000180   COMPRESSED   0x00000096   Data   RW         1370    .data               link.o
    0x20000216   COMPRESSED   0x00000002   PAD
    0x20000218   COMPRESSED   0x00000060   Data   RW         1454    .data               task.o
    0x20000278   COMPRESSED   0x00000008   Data   RW         1704    .data               gimbal.o
    0x20000280   COMPRESSED   0x00000010   Data   RW         1976    .data               stm32f4xx_rcc.o
    0x20000290   COMPRESSED   0x00000074   Data   RW         6525    .data               bmi.o
    0x20000304   COMPRESSED   0x00000002   Data   RW         7950    .data               bmi2_common.o
    0x20000306   COMPRESSED   0x00000002   PAD
    0x20000308   COMPRESSED   0x00000004   Data   RW         8743    .data               mc_w.l(errno.o)
    0x2000030c        -       0x000000ff   Zero   RW          558    .bss                usart.o
    0x2000040b   COMPRESSED   0x00000001   PAD
    0x2000040c        -       0x00000028   Zero   RW          725    .bss                can.o
    0x20000434        -       0x0000006c   Zero   RW          782    .bss                dr16.o
    0x200004a0        -       0x000006d4   Zero   RW          915    .bss                my_judge.o
    0x20000b74        -       0x00000024   Zero   RW         1174    .bss                imusensor.o
    0x20000b98        -       0x00000024   Zero   RW         1295    .bss                systick.o
    0x20000bbc        -       0x000000b4   Zero   RW         1453    .bss                task.o
    0x20000c70        -       0x00001280   Zero   RW         1528    .bss                unknow_motor.o
    0x20001ef0        -       0x000001cc   Zero   RW         1562    .bss                launcher.o
    0x200020bc        -       0x000004a0   Zero   RW         1631    .bss                chassis.o
    0x2000255c        -       0x000005a0   Zero   RW         1703    .bss                gimbal.o
    0x20002afc   COMPRESSED   0x00000004   PAD
    0x20002b00        -       0x00000078   Zero   RW         6524    .bss                bmi.o
    0x20002b78        -       0x00000400   Zero   RW         1772    STACK               startup_stm32f40_41xxx.o


==============================================================================

Image component sizes


      Code (inc. data)   RO Data    RW Data    ZI Data      Debug   Object Name

      2526        186          0        116        120       4955   bmi.o
       104          6          0          2          0       1426   bmi2_common.o
      1048         64          0         16         40       5754   can.o
       200         28          0          0       1184       2464   chassis.o
       282         20        770          2          0       5114   crc.o
       906         78          0          4        108       4292   dr16.o
       292         24          0          8       1440       2869   gimbal.o
        68          6          0          0         36      41390   imusensor.o
         0          0          0          0        460       1167   launcher.o
        64          4          0          0          0        547   led.o
       266         20          0        150          0       4071   link.o
        16          0          0          0          0     305683   main.o
       180         24          0          0          0       2081   misc.o
       306          6          0          0          0       4440   motor.o
      7818        692          0        324       1748      38874   my_judge.o
       620         96          0          0          0       4023   myiic.o
        16          0          0          0          0        924   offline_judge.o
       364         20          0          0          0       1748   pid.o
        36          8        392          0       1024        832   startup_stm32f40_41xxx.o
      1558         32          0          0          0       6527   stm32f4xx_can.o
       400         52          0          0          0       6300   stm32f4xx_dma.o
       218          0          0          0          0       2330   stm32f4xx_gpio.o
        32          0          0          0          0       4122   stm32f4xx_it.o
       328         36          0         16          0       4631   stm32f4xx_rcc.o
        40          0          0          0          0       1838   stm32f4xx_tim.o
       466          8          0          0          0       6125   stm32f4xx_usart.o
        48         14          0         16          0       1342   supercap.o
       340         32          0          0          0       1489   system_stm32f4xx.o
       452         46          0         12         36      30294   systick.o
      1430        124          0         96        180       7704   task.o
        48          8          0          0          0        514   timer.o
       160         30          0          0       4736       1987   unknow_motor.o
       620         62          0          6        255       4019   usart.o

    ----------------------------------------------------------------------
     21278       1726       1196        776      11372     511876   Object Totals
         0          0         32          0          0          0   (incl. Generated)
        26          0          2          8          5          0   (incl. Padding)

    ----------------------------------------------------------------------

      Code (inc. data)   RO Data    RW Data    ZI Data      Debug   Library Member Name

       864         94         80          0          0        280   asin.o
       744        106        152          0          0        352   atan.o
       496         64          0          0          0        192   atan2.o
       104         16          0          0          0        496   dunder.o
        24          0          0          0          0        124   fabs.o
        48          0          0          0          0        124   fpclassify.o
       248          0          0          0          0        152   poly.o
         0          0          8          0          0          0   qnan.o
       110          0          0          0          0        148   sqrt.o
        86          0          0          0          0          0   __dczerorl2.o
         0          0          0          0          0          0   entry.o
         0          0          0          0          0          0   entry10a.o
         0          0          0          0          0          0   entry11a.o
         8          4          0          0          0          0   entry2.o
         4          0          0          0          0          0   entry5.o
         0          0          0          0          0          0   entry7b.o
         0          0          0          0          0          0   entry8b.o
         8          4          0          0          0          0   entry9a.o
        12          6          0          4          0         68   errno.o
        30          0          0          0          0          0   handlers.o
        36          8          0          0          0         68   init.o
         0          0          0          0          0          0   iusefp.o
        30          0          0          0          0         68   llshl.o
        36          0          0          0          0         68   llsshr.o
        32          0          0          0          0         68   llushr.o
        36          0          0          0          0         68   memcpya.o
        36          0          0          0          0        108   memseta.o
        14          0          0          0          0         68   strlen.o
        56          0          0          0          0         88   d2f.o
       334          0          0          0          0        148   dadd.o
       222          0          0          0          0        100   ddiv.o
       186          0          0          0          0        176   depilogue.o
       228          0          0          0          0         96   dmul.o
       162          0          0          0          0        100   dsqrt.o
        38          0          0          0          0         68   f2d.o
       110          0          0          0          0        168   fepilogue.o

    ----------------------------------------------------------------------
      4350        302        240          4          0       3396   Library Totals
         8          0          0          0          0          0   (incl. Padding)

    ----------------------------------------------------------------------

      Code (inc. data)   RO Data    RW Data    ZI Data      Debug   Library Name

      2638        280        240          0          0       1868   m_wm.l
       368         22          0          4          0        584   mc_w.l
      1336          0          0          0          0        944   mf_w.l

    ----------------------------------------------------------------------
      4350        302        240          4          0       3396   Library Totals

    ----------------------------------------------------------------------

==============================================================================


      Code (inc. data)   RO Data    RW Data    ZI Data      Debug   

     25628       2028       1436        780      11372     499280   Grand Totals
     25628       2028       1436        152      11372     499280   ELF Image Totals (compressed)
     25628       2028       1436        152          0          0   ROM Totals

==============================================================================

    Total RO  Size (Code + RO Data)                27064 (  26.43kB)
    Total RW  Size (RW Data + ZI Data)             12152 (  11.87kB)
    Total ROM Size (Code + RO Data + RW Data)      27216 (  26.58kB)

==============================================================================

